

================================================================
== Vivado HLS Report for 'dense'
================================================================
* Date:           Fri Jan 26 21:45:23 2024

* Version:        2019.1 (Build 2552052 on Fri May 24 15:28:33 MDT 2019)
* Project:        cnn
* Solution:       solution4
* Product family: zynq
* Target device:  xc7z020-clg400-1


================================================================
== Performance Estimates
================================================================
+ Timing (ns): 
    * Summary: 
    +--------+-------+----------+------------+
    |  Clock | Target| Estimated| Uncertainty|
    +--------+-------+----------+------------+
    |ap_clk  |  40.00|    34.961|        5.00|
    +--------+-------+----------+------------+

+ Latency (clock cycles): 
    * Summary: 
    +-------+-------+-------+-------+---------+
    |    Latency    |    Interval   | Pipeline|
    |  min  |  max  |  min  |  max  |   Type  |
    +-------+-------+-------+-------+---------+
    |  32051|  32051|  32051|  32051|   none  |
    +-------+-------+-------+-------+---------+

    + Detail: 
        * Instance: 
        N/A

        * Loop: 
        +------------------------+-------+-------+----------+-----------+-----------+-------+----------+
        |                        |    Latency    | Iteration|  Initiation Interval  |  Trip |          |
        |        Loop Name       |  min  |  max  |  Latency |  achieved |   target  | Count | Pipelined|
        +------------------------+-------+-------+----------+-----------+-----------+-------+----------+
        |- Dense_Loop_Flat_Loop  |  32001|  32001|         4|          2|          2|  16000|    yes   |
        +------------------------+-------+-------+----------+-----------+-----------+-------+----------+

============================================================
+ Verbose Summary: Synthesis Manager
============================================================
InlineROM: 1
ExposeGlobal: 0
============================================================
+ Verbose Summary: CDFG Model
============================================================
IsTopModel: 0
ResetActiveHigh: 1
IsCombinational: 0
IsDatapathOnly: 0
HasWiredReturn: 1
HasMFsm: 0
HasVarLatency: 1
IsPipeline: 0
IsRtlPipelined: 0
IsInstanceOverlapped: 0
IsDontTouch: 0
HasImplIP: 0
IsGatedGlobalClock: 0

+ Individual pipeline summary: 
  * Pipeline-0: initiation interval (II) = 2, depth = 4


============================================================
+ Verbose Summary: Schedule
============================================================
* Number of FSM states : 7
* Pipeline : 1
  Pipeline-0 : II = 2, D = 4, States = { 2 3 4 5 }
* Dataflow Pipeline: 0

* FSM state transitions: 
1 --> 2 
2 --> 6 3 
3 --> 4 
4 --> 5 
5 --> 2 
6 --> 7 
7 --> 

* FSM state operations: 

State 1 <SV = 0> <Delay = 1.76>
ST_1 : Operation 8 [1/1] (0.00ns)   --->   "call void (...)* @_ssdm_op_SpecMemCore([10 x float]* %prediction, [1 x i8]* @p_str137, [12 x i8]* @p_str440, [1 x i8]* @p_str137, i32 -1, [1 x i8]* @p_str137, [1 x i8]* @p_str137, [1 x i8]* @p_str137, [1 x i8]* @p_str137, [1 x i8]* @p_str137)"   --->   Operation 8 'specmemcore' <Predicate = true> <Delay = 0.00>
ST_1 : Operation 9 [1/1] (0.00ns)   --->   "call void (...)* @_ssdm_op_SpecInterface([10 x float]* %prediction, [5 x i8]* @p_str36, i32 0, i32 0, [1 x i8]* @p_str137, i32 0, i32 0, [1 x i8]* @p_str137, [1 x i8]* @p_str137, [1 x i8]* @p_str137, i32 0, i32 0, i32 0, i32 0, [1 x i8]* @p_str137, [1 x i8]* @p_str137) nounwind"   --->   Operation 9 'specinterface' <Predicate = true> <Delay = 0.00>
ST_1 : Operation 10 [1/1] (0.00ns)   --->   "%dense_array = alloca [10 x float], align 16" [cnn/dense.cpp:27]   --->   Operation 10 'alloca' 'dense_array' <Predicate = true> <Delay = 0.00> <Core = "RAM">   --->   Core 37 'RAM' <Latency = 1> <II = 1> <Delay = 2.32> <Storage> <Opcode : 'load' 'store'> <Ports = 2> <Width = 32> <Depth = 10> <RAM>
ST_1 : Operation 11 [1/1] (1.76ns)   --->   "br label %1" [cnn/dense.cpp:29]   --->   Operation 11 'br' <Predicate = true> <Delay = 1.76>

State 2 <SV = 1> <Delay = 10.0>
ST_2 : Operation 12 [1/1] (0.00ns)   --->   "%indvar_flatten = phi i14 [ 0, %0 ], [ %add_ln29, %ifFalse ]" [cnn/dense.cpp:29]   --->   Operation 12 'phi' 'indvar_flatten' <Predicate = true> <Delay = 0.00>
ST_2 : Operation 13 [1/1] (0.00ns)   --->   "%d_0 = phi i4 [ 0, %0 ], [ %select_ln35_2, %ifFalse ]" [cnn/dense.cpp:35]   --->   Operation 13 'phi' 'd_0' <Predicate = true> <Delay = 0.00>
ST_2 : Operation 14 [1/1] (0.00ns)   --->   "%w_sum_0 = phi float [ 0.000000e+00, %0 ], [ %w_sum, %ifFalse ]"   --->   Operation 14 'phi' 'w_sum_0' <Predicate = true> <Delay = 0.00>
ST_2 : Operation 15 [1/1] (0.00ns)   --->   "%f_0 = phi i11 [ 0, %0 ], [ %f, %ifFalse ]"   --->   Operation 15 'phi' 'f_0' <Predicate = true> <Delay = 0.00>
ST_2 : Operation 16 [1/1] (2.20ns)   --->   "%icmp_ln29 = icmp eq i14 %indvar_flatten, -384" [cnn/dense.cpp:29]   --->   Operation 16 'icmp' 'icmp_ln29' <Predicate = true> <Delay = 2.20> <Core = "Cmp">   --->   Core 25 'Cmp' <Latency = 0> <II = 1> <Delay = 1.88> <FuncUnit> <Opcode : 'icmp'> <InPorts = 2> <OutPorts = 1>
ST_2 : Operation 17 [1/1] (1.81ns)   --->   "%add_ln29 = add i14 %indvar_flatten, 1" [cnn/dense.cpp:29]   --->   Operation 17 'add' 'add_ln29' <Predicate = true> <Delay = 1.81> <Core = "AddSub">   --->   Core 14 'AddSub' <Latency = 0> <II = 1> <Delay = 1.63> <FuncUnit> <Opcode : 'add' 'sub'> <InPorts = 2> <OutPorts = 1>
ST_2 : Operation 18 [1/1] (0.00ns)   --->   "br i1 %icmp_ln29, label %2, label %Flat_Loop" [cnn/dense.cpp:29]   --->   Operation 18 'br' <Predicate = true> <Delay = 0.00>
ST_2 : Operation 19 [1/1] (1.73ns)   --->   "%d = add i4 %d_0, 1" [cnn/dense.cpp:29]   --->   Operation 19 'add' 'd' <Predicate = (!icmp_ln29)> <Delay = 1.73> <Core = "AddSub">   --->   Core 14 'AddSub' <Latency = 0> <II = 1> <Delay = 1.63> <FuncUnit> <Opcode : 'add' 'sub'> <InPorts = 2> <OutPorts = 1>
ST_2 : Operation 20 [1/1] (1.88ns)   --->   "%icmp_ln33 = icmp eq i11 %f_0, -448" [cnn/dense.cpp:33]   --->   Operation 20 'icmp' 'icmp_ln33' <Predicate = (!icmp_ln29)> <Delay = 1.88> <Core = "Cmp">   --->   Core 25 'Cmp' <Latency = 0> <II = 1> <Delay = 1.88> <FuncUnit> <Opcode : 'icmp'> <InPorts = 2> <OutPorts = 1>
ST_2 : Operation 21 [1/1] (0.69ns)   --->   "%select_ln35_1 = select i1 %icmp_ln33, i11 0, i11 %f_0" [cnn/dense.cpp:35]   --->   Operation 21 'select' 'select_ln35_1' <Predicate = (!icmp_ln29)> <Delay = 0.69> <Core = "Sel">   --->   Core 26 'Sel' <Latency = 0> <II = 1> <Delay = 1.02> <FuncUnit> <Opcode : 'select'> <InPorts = 3> <OutPorts = 1>
ST_2 : Operation 22 [1/1] (1.02ns)   --->   "%select_ln35_2 = select i1 %icmp_ln33, i4 %d, i4 %d_0" [cnn/dense.cpp:35]   --->   Operation 22 'select' 'select_ln35_2' <Predicate = (!icmp_ln29)> <Delay = 1.02> <Core = "Sel">   --->   Core 26 'Sel' <Latency = 0> <II = 1> <Delay = 1.02> <FuncUnit> <Opcode : 'select'> <InPorts = 3> <OutPorts = 1>
ST_2 : Operation 23 [1/1] (0.00ns)   --->   "%zext_ln34 = zext i4 %select_ln35_2 to i15" [cnn/dense.cpp:34]   --->   Operation 23 'zext' 'zext_ln34' <Predicate = (!icmp_ln29)> <Delay = 0.00>
ST_2 : Operation 24 [1/1] (0.00ns)   --->   "%zext_ln35_3 = zext i11 %select_ln35_1 to i64" [cnn/dense.cpp:35]   --->   Operation 24 'zext' 'zext_ln35_3' <Predicate = (!icmp_ln29)> <Delay = 0.00>
ST_2 : Operation 25 [1/1] (0.00ns)   --->   "%tmp_25 = call i14 @_ssdm_op_BitConcatenate.i14.i11.i3(i11 %select_ln35_1, i3 0)" [cnn/dense.cpp:35]   --->   Operation 25 'bitconcatenate' 'tmp_25' <Predicate = (!icmp_ln29)> <Delay = 0.00>
ST_2 : Operation 26 [1/1] (0.00ns)   --->   "%zext_ln35_7 = zext i14 %tmp_25 to i15" [cnn/dense.cpp:35]   --->   Operation 26 'zext' 'zext_ln35_7' <Predicate = (!icmp_ln29)> <Delay = 0.00>
ST_2 : Operation 27 [1/1] (0.00ns)   --->   "%tmp_26 = call i12 @_ssdm_op_BitConcatenate.i12.i11.i1(i11 %select_ln35_1, i1 false)" [cnn/dense.cpp:35]   --->   Operation 27 'bitconcatenate' 'tmp_26' <Predicate = (!icmp_ln29)> <Delay = 0.00>
ST_2 : Operation 28 [1/1] (0.00ns)   --->   "%zext_ln35_8 = zext i12 %tmp_26 to i15" [cnn/dense.cpp:35]   --->   Operation 28 'zext' 'zext_ln35_8' <Predicate = (!icmp_ln29)> <Delay = 0.00>
ST_2 : Operation 29 [1/1] (0.00ns) (grouped into TernaryAdder)   --->   "%add_ln35 = add i15 %zext_ln35_8, %zext_ln35_7" [cnn/dense.cpp:35]   --->   Operation 29 'add' 'add_ln35' <Predicate = (!icmp_ln29)> <Delay = 0.00> <Core = "TAddSub">   --->   Core 83 'TAddSub' <Latency = 0> <II = 1> <Delay = 1.93> <IPBlock> <Opcode : 'add' 'sub'> <InPorts = 3> <OutPorts = 1> <Sync> <CReg>
ST_2 : Operation 30 [1/1] (3.87ns) (root node of TernaryAdder)   --->   "%add_ln35_4 = add i15 %add_ln35, %zext_ln34" [cnn/dense.cpp:35]   --->   Operation 30 'add' 'add_ln35_4' <Predicate = (!icmp_ln29)> <Delay = 3.87> <Core = "TAddSub">   --->   Core 83 'TAddSub' <Latency = 0> <II = 1> <Delay = 1.93> <IPBlock> <Opcode : 'add' 'sub'> <InPorts = 3> <OutPorts = 1> <Sync> <CReg>
ST_2 : Operation 31 [1/1] (0.00ns)   --->   "%zext_ln35_9 = zext i15 %add_ln35_4 to i64" [cnn/dense.cpp:35]   --->   Operation 31 'zext' 'zext_ln35_9' <Predicate = (!icmp_ln29)> <Delay = 0.00>
ST_2 : Operation 32 [1/1] (0.00ns)   --->   "%dense_weights_addr = getelementptr [16000 x float]* @dense_weights, i64 0, i64 %zext_ln35_9" [cnn/dense.cpp:35]   --->   Operation 32 'getelementptr' 'dense_weights_addr' <Predicate = (!icmp_ln29)> <Delay = 0.00>
ST_2 : Operation 33 [2/2] (3.25ns)   --->   "%dense_weights_load = load float* %dense_weights_addr, align 4" [cnn/dense.cpp:35]   --->   Operation 33 'load' 'dense_weights_load' <Predicate = (!icmp_ln29)> <Delay = 3.25> <Core = "ROM_nP">   --->   Core 52 'ROM_nP' <Latency = 1> <II = 1> <Delay = 3.25> <Storage> <Opcode : 'load'> <Ports = 0> <Width = 32> <Depth = 16000> <ROM>
ST_2 : Operation 34 [1/1] (0.00ns)   --->   "%flat_array_addr = getelementptr [1600 x float]* @flat_array, i64 0, i64 %zext_ln35_3" [cnn/dense.cpp:35]   --->   Operation 34 'getelementptr' 'flat_array_addr' <Predicate = (!icmp_ln29)> <Delay = 0.00>
ST_2 : Operation 35 [2/2] (3.25ns)   --->   "%flat_array_load = load float* %flat_array_addr, align 4" [cnn/dense.cpp:35]   --->   Operation 35 'load' 'flat_array_load' <Predicate = (!icmp_ln29)> <Delay = 3.25> <Core = "RAM">   --->   Core 37 'RAM' <Latency = 1> <II = 1> <Delay = 2.32> <Storage> <Opcode : 'load' 'store'> <Ports = 2> <Width = 32> <Depth = 10> <RAM>

State 3 <SV = 2> <Delay = 15.6>
ST_3 : Operation 36 [1/2] (3.25ns)   --->   "%dense_weights_load = load float* %dense_weights_addr, align 4" [cnn/dense.cpp:35]   --->   Operation 36 'load' 'dense_weights_load' <Predicate = (!icmp_ln29)> <Delay = 3.25> <Core = "ROM_nP">   --->   Core 52 'ROM_nP' <Latency = 1> <II = 1> <Delay = 3.25> <Storage> <Opcode : 'load'> <Ports = 0> <Width = 32> <Depth = 16000> <ROM>
ST_3 : Operation 37 [1/2] (3.25ns)   --->   "%flat_array_load = load float* %flat_array_addr, align 4" [cnn/dense.cpp:35]   --->   Operation 37 'load' 'flat_array_load' <Predicate = (!icmp_ln29)> <Delay = 3.25> <Core = "RAM">   --->   Core 37 'RAM' <Latency = 1> <II = 1> <Delay = 2.32> <Storage> <Opcode : 'load' 'store'> <Ports = 2> <Width = 32> <Depth = 10> <RAM>
ST_3 : Operation 38 [2/2] (12.3ns)   --->   "%tmp = fmul float %dense_weights_load, %flat_array_load" [cnn/dense.cpp:35]   --->   Operation 38 'fmul' 'tmp' <Predicate = (!icmp_ln29)> <Delay = 12.3> <Core = "FMul">   --->   Core 106 'FMul' <Latency = 1> <II = 1> <Delay = 12.3> <FuncUnit> <Opcode : 'fmul'> <InPorts = 2> <OutPorts = 1>
ST_3 : Operation 39 [1/1] (1.63ns)   --->   "%f = add i11 %select_ln35_1, 1" [cnn/dense.cpp:33]   --->   Operation 39 'add' 'f' <Predicate = (!icmp_ln29)> <Delay = 1.63> <Core = "AddSub">   --->   Core 14 'AddSub' <Latency = 0> <II = 1> <Delay = 1.63> <FuncUnit> <Opcode : 'add' 'sub'> <InPorts = 2> <OutPorts = 1>

State 4 <SV = 3> <Delay = 34.9>
ST_4 : Operation 40 [1/1] (0.69ns)   --->   "%select_ln35 = select i1 %icmp_ln33, float 0.000000e+00, float %w_sum_0" [cnn/dense.cpp:35]   --->   Operation 40 'select' 'select_ln35' <Predicate = (!icmp_ln29)> <Delay = 0.69> <Core = "Sel">   --->   Core 26 'Sel' <Latency = 0> <II = 1> <Delay = 1.02> <FuncUnit> <Opcode : 'select'> <InPorts = 3> <OutPorts = 1>
ST_4 : Operation 41 [1/2] (12.3ns)   --->   "%tmp = fmul float %dense_weights_load, %flat_array_load" [cnn/dense.cpp:35]   --->   Operation 41 'fmul' 'tmp' <Predicate = (!icmp_ln29)> <Delay = 12.3> <Core = "FMul">   --->   Core 106 'FMul' <Latency = 1> <II = 1> <Delay = 12.3> <FuncUnit> <Opcode : 'fmul'> <InPorts = 2> <OutPorts = 1>
ST_4 : Operation 42 [2/2] (22.5ns)   --->   "%w_sum = fadd float %select_ln35, %tmp" [cnn/dense.cpp:35]   --->   Operation 42 'fadd' 'w_sum' <Predicate = (!icmp_ln29)> <Delay = 22.5> <Core = "FAddSub">   --->   Core 105 'FAddSub' <Latency = 1> <II = 1> <Delay = 22.5> <FuncUnit> <Opcode : 'fadd' 'fsub'> <InPorts = 2> <OutPorts = 1>
ST_4 : Operation 43 [1/1] (1.88ns)   --->   "%icmp_ln33_1 = icmp eq i11 %f, -448" [cnn/dense.cpp:33]   --->   Operation 43 'icmp' 'icmp_ln33_1' <Predicate = (!icmp_ln29)> <Delay = 1.88> <Core = "Cmp">   --->   Core 25 'Cmp' <Latency = 0> <II = 1> <Delay = 1.88> <FuncUnit> <Opcode : 'icmp'> <InPorts = 2> <OutPorts = 1>
ST_4 : Operation 44 [1/1] (0.00ns)   --->   "br i1 %icmp_ln33_1, label %ifTrue, label %ifFalse" [cnn/dense.cpp:33]   --->   Operation 44 'br' <Predicate = (!icmp_ln29)> <Delay = 0.00>

State 5 <SV = 4> <Delay = 24.9>
ST_5 : Operation 45 [1/1] (0.00ns)   --->   "call void (...)* @_ssdm_op_SpecLoopName([21 x i8]* @Dense_Loop_Flat_Loop)"   --->   Operation 45 'specloopname' <Predicate = (!icmp_ln29)> <Delay = 0.00>
ST_5 : Operation 46 [1/1] (0.00ns)   --->   "%empty = call i32 (...)* @_ssdm_op_SpecLoopTripCount(i64 16000, i64 16000, i64 16000)"   --->   Operation 46 'speclooptripcount' 'empty' <Predicate = (!icmp_ln29)> <Delay = 0.00>
ST_5 : Operation 47 [1/1] (0.00ns)   --->   "%zext_ln35 = zext i4 %select_ln35_2 to i64" [cnn/dense.cpp:35]   --->   Operation 47 'zext' 'zext_ln35' <Predicate = (!icmp_ln29)> <Delay = 0.00>
ST_5 : Operation 48 [1/1] (0.00ns)   --->   "call void (...)* @_ssdm_op_SpecLoopName([10 x i8]* @p_str420) nounwind" [cnn/dense.cpp:34]   --->   Operation 48 'specloopname' <Predicate = (!icmp_ln29)> <Delay = 0.00>
ST_5 : Operation 49 [1/1] (0.00ns)   --->   "%tmp_s = call i32 (...)* @_ssdm_op_SpecRegionBegin([10 x i8]* @p_str420)" [cnn/dense.cpp:34]   --->   Operation 49 'specregionbegin' 'tmp_s' <Predicate = (!icmp_ln29)> <Delay = 0.00>
ST_5 : Operation 50 [1/1] (0.00ns)   --->   "call void (...)* @_ssdm_op_SpecPipeline(i32 2, i32 1, i32 1, i32 0, [1 x i8]* @p_str117) nounwind" [cnn/dense.cpp:35]   --->   Operation 50 'specpipeline' <Predicate = (!icmp_ln29)> <Delay = 0.00>
ST_5 : Operation 51 [1/2] (22.5ns)   --->   "%w_sum = fadd float %select_ln35, %tmp" [cnn/dense.cpp:35]   --->   Operation 51 'fadd' 'w_sum' <Predicate = (!icmp_ln29)> <Delay = 22.5> <Core = "FAddSub">   --->   Core 105 'FAddSub' <Latency = 1> <II = 1> <Delay = 22.5> <FuncUnit> <Opcode : 'fadd' 'fsub'> <InPorts = 2> <OutPorts = 1>
ST_5 : Operation 52 [1/1] (0.00ns)   --->   "%empty_13 = call i32 (...)* @_ssdm_op_SpecRegionEnd([10 x i8]* @p_str420, i32 %tmp_s)" [cnn/dense.cpp:37]   --->   Operation 52 'specregionend' 'empty_13' <Predicate = (!icmp_ln29)> <Delay = 0.00>
ST_5 : Operation 53 [1/1] (0.00ns)   --->   "%dense_array_addr = getelementptr inbounds [10 x float]* %dense_array, i64 0, i64 %zext_ln35" [cnn/dense.cpp:38]   --->   Operation 53 'getelementptr' 'dense_array_addr' <Predicate = (icmp_ln33_1)> <Delay = 0.00>
ST_5 : Operation 54 [1/1] (2.32ns)   --->   "store float %w_sum, float* %dense_array_addr, align 4" [cnn/dense.cpp:38]   --->   Operation 54 'store' <Predicate = (icmp_ln33_1)> <Delay = 2.32> <Core = "RAM">   --->   Core 37 'RAM' <Latency = 1> <II = 1> <Delay = 2.32> <Storage> <Opcode : 'load' 'store'> <Ports = 2> <Width = 32> <Depth = 10> <RAM>
ST_5 : Operation 55 [1/1] (0.00ns)   --->   "br label %ifFalse"   --->   Operation 55 'br' <Predicate = (icmp_ln33_1)> <Delay = 0.00>
ST_5 : Operation 56 [1/1] (0.00ns)   --->   "br label %1"   --->   Operation 56 'br' <Predicate = (!icmp_ln29)> <Delay = 0.00>

State 6 <SV = 2> <Delay = 0.00>
ST_6 : Operation 57 [2/2] (0.00ns)   --->   "call fastcc void @soft_max([10 x float]* %dense_array, [10 x float]* %prediction)" [cnn/dense.cpp:41]   --->   Operation 57 'call' <Predicate = true> <Delay = 0.00> <CoreType = "Generic">   --->   Core 0 '' <Latency = 0> <II = 1> <Delay = 1.00> <Generic> <Opcode : >

State 7 <SV = 3> <Delay = 0.00>
ST_7 : Operation 58 [1/2] (0.00ns)   --->   "call fastcc void @soft_max([10 x float]* %dense_array, [10 x float]* %prediction)" [cnn/dense.cpp:41]   --->   Operation 58 'call' <Predicate = true> <Delay = 0.00> <CoreType = "Generic">   --->   Core 0 '' <Latency = 0> <II = 1> <Delay = 1.00> <Generic> <Opcode : >
ST_7 : Operation 59 [1/1] (0.00ns)   --->   "ret void" [cnn/dense.cpp:42]   --->   Operation 59 'ret' <Predicate = true> <Delay = 0.00>


============================================================
+ Verbose Summary: Timing violations
============================================================
Target clock period: 40ns, clock uncertainty: 5ns.

 <State 1>: 1.77ns
The critical path consists of the following:
	multiplexor before 'phi' operation ('indvar_flatten', cnn/dense.cpp:29) with incoming values : ('add_ln29', cnn/dense.cpp:29) [9]  (1.77 ns)

 <State 2>: 10ns
The critical path consists of the following:
	'phi' operation ('f') with incoming values : ('f', cnn/dense.cpp:33) [12]  (0 ns)
	'icmp' operation ('icmp_ln33', cnn/dense.cpp:33) [20]  (1.88 ns)
	'select' operation ('select_ln35_2', cnn/dense.cpp:35) [23]  (1.02 ns)
	'add' operation ('add_ln35_4', cnn/dense.cpp:35) [35]  (3.87 ns)
	'getelementptr' operation ('dense_weights_addr', cnn/dense.cpp:35) [37]  (0 ns)
	'load' operation ('dense_weights_load', cnn/dense.cpp:35) on array 'dense_weights' [38]  (3.25 ns)

 <State 3>: 15.6ns
The critical path consists of the following:
	'load' operation ('dense_weights_load', cnn/dense.cpp:35) on array 'dense_weights' [38]  (3.25 ns)
	'fmul' operation ('tmp', cnn/dense.cpp:35) [41]  (12.4 ns)

 <State 4>: 35ns
The critical path consists of the following:
	'fmul' operation ('tmp', cnn/dense.cpp:35) [41]  (12.4 ns)
	'fadd' operation ('w_sum', cnn/dense.cpp:35) [42]  (22.6 ns)

 <State 5>: 24.9ns
The critical path consists of the following:
	'fadd' operation ('w_sum', cnn/dense.cpp:35) [42]  (22.6 ns)
	'store' operation ('store_ln38', cnn/dense.cpp:38) of variable 'w_sum', cnn/dense.cpp:35 on array 'dense_array', cnn/dense.cpp:27 [49]  (2.32 ns)

 <State 6>: 0ns
The critical path consists of the following:

 <State 7>: 0ns
The critical path consists of the following:


============================================================
+ Verbose Summary: Binding
============================================================
N/A
* FSMD analyzer results:
  - Output states:
 - Input state : 
  - Chain level:
	State 1
	State 2
	State 3
	State 4
	State 5
	State 6
	State 7


============================================================
+ Verbose Summary: Datapath Resource usage 
============================================================
N/A
