

================================================================
== Vivado HLS Report for 'dense'
================================================================
* Date:           Mon Jul  1 12:07:13 2024

* Version:        2019.1 (Build 2552052 on Fri May 24 15:28:33 MDT 2019)
* Project:        dense_out
* Solution:       flat_puf_5
* Product family: zynq
* Target device:  xc7z020-clg400-1


================================================================
== Performance Estimates
================================================================
+ Timing (ns): 
    * Summary: 
    +--------+-------+----------+------------+
    |  Clock | Target| Estimated| Uncertainty|
    +--------+-------+----------+------------+
    |ap_clk  |  20.00|    17.393|        2.50|
    +--------+-------+----------+------------+

+ Latency (clock cycles): 
    * Summary: 
    +------+------+------+------+---------+
    |   Latency   |   Interval  | Pipeline|
    |  min |  max |  min |  max |   Type  |
    +------+------+------+------+---------+
    |  1363|  1363|  1363|  1363|   none  |
    +------+------+------+------+---------+

    + Detail: 
        * Instance: 
        N/A

        * Loop: 
        +-------------------+------+------+----------+-----------+-----------+------+----------+
        |                   |   Latency   | Iteration|  Initiation Interval  | Trip |          |
        |     Loop Name     |  min |  max |  Latency |  achieved |   target  | Count| Pipelined|
        +-------------------+------+------+----------+-----------+-----------+------+----------+
        |- Dense_Loop       |  1290|  1290|       129|          -|          -|    10|    no    |
        | + Flat_Loop       |   122|   122|        23|         20|          1|     6|    yes   |
        |- Sum_Loop         |    45|    45|        10|          4|          1|    10|    yes   |
        |- Prediction_Loop  |    23|    23|        15|          1|          1|    10|    yes   |
        +-------------------+------+------+----------+-----------+-----------+------+----------+



================================================================
== Utilization Estimates
================================================================
* Summary: 
+-----------------+---------+-------+--------+-------+-----+
|       Name      | BRAM_18K| DSP48E|   FF   |  LUT  | URAM|
+-----------------+---------+-------+--------+-------+-----+
|DSP              |        -|      -|       -|      -|    -|
|Expression       |        -|      -|       0|    260|    -|
|FIFO             |        -|      -|       -|      -|    -|
|Instance         |        -|     12|     923|   2601|    -|
|Memory           |        1|      -|      96|     10|    0|
|Multiplexer      |        -|      -|       -|    456|    -|
|Register         |        0|      -|     721|     96|    -|
+-----------------+---------+-------+--------+-------+-----+
|Total            |        1|     12|    1740|   3423|    0|
+-----------------+---------+-------+--------+-------+-----+
|Available        |      280|    220|  106400|  53200|    0|
+-----------------+---------+-------+--------+-------+-----+
|Utilization (%)  |    ~0   |      5|       1|      6|    0|
+-----------------+---------+-------+--------+-------+-----+

+ Detail: 
    * Instance: 
    +-------------------------+----------------------+---------+-------+-----+-----+-----+
    |         Instance        |        Module        | BRAM_18K| DSP48E|  FF | LUT | URAM|
    +-------------------------+----------------------+---------+-------+-----+-----+-----+
    |dense_fadd_32ns_3dEe_U1  |dense_fadd_32ns_3dEe  |        0|      2|  227|  403|    0|
    |dense_fdiv_32ns_3fYi_U3  |dense_fdiv_32ns_3fYi  |        0|      0|  363|  986|    0|
    |dense_fexp_32ns_3g8j_U4  |dense_fexp_32ns_3g8j  |        0|      7|  205|  892|    0|
    |dense_fmul_32ns_3eOg_U2  |dense_fmul_32ns_3eOg  |        0|      3|  128|  320|    0|
    +-------------------------+----------------------+---------+-------+-----+-----+-----+
    |Total                    |                      |        0|     12|  923| 2601|    0|
    +-------------------------+----------------------+---------+-------+-----+-----+-----+

    * DSP48E: 
    N/A

    * Memory: 
    +---------------------+----------------------+---------+----+----+-----+------+-----+------+-------------+
    |        Memory       |        Module        | BRAM_18K| FF | LUT| URAM| Words| Bits| Banks| W*Bits*Banks|
    +---------------------+----------------------+---------+----+----+-----+------+-----+------+-------------+
    |dense_array_U        |dense_dense_array     |        0|  64|   5|    0|    10|   32|     1|          320|
    |dense_out_bias_U     |dense_dense_out_bcud  |        0|  32|   5|    0|    10|   32|     1|          320|
    |dense_out_weights_U  |dense_dense_out_wbkb  |        1|   0|   0|    0|   300|   32|     1|         9600|
    +---------------------+----------------------+---------+----+----+-----+------+-----+------+-------------+
    |Total                |                      |        1|  96|  10|    0|   320|   96|     3|        10240|
    +---------------------+----------------------+---------+----+----+-----+------+-----+------+-------------+

    * FIFO: 
    N/A

    * Expression: 
    +-------------------------+----------+-------+---+----+------------+------------+
    |      Variable Name      | Operation| DSP48E| FF| LUT| Bitwidth P0| Bitwidth P1|
    +-------------------------+----------+-------+---+----+------------+------------+
    |add_ln21_1_fu_494_p2     |     +    |      0|  0|  15|           5|           2|
    |add_ln21_2_fu_540_p2     |     +    |      0|  0|  15|           6|           2|
    |add_ln21_3_fu_555_p2     |     +    |      0|  0|  15|           6|           3|
    |add_ln21_4_fu_640_p2     |     +    |      0|  0|  15|           5|           3|
    |add_ln21_fu_441_p2       |     +    |      0|  0|  15|           5|           1|
    |add_ln23_1_fu_431_p2     |     +    |      0|  0|  10|           9|           9|
    |add_ln23_2_fu_478_p2     |     +    |      0|  0|  10|           9|           9|
    |add_ln23_3_fu_484_p2     |     +    |      0|  0|  10|           9|           9|
    |add_ln23_4_fu_529_p2     |     +    |      0|  0|  10|           9|           9|
    |add_ln23_5_fu_535_p2     |     +    |      0|  0|  10|           9|           9|
    |add_ln23_6_fu_587_p2     |     +    |      0|  0|  10|          10|          10|
    |add_ln23_7_fu_593_p2     |     +    |      0|  0|  10|          10|          10|
    |add_ln23_8_fu_625_p2     |     +    |      0|  0|  10|          10|          10|
    |add_ln23_9_fu_631_p2     |     +    |      0|  0|  10|          10|          10|
    |add_ln23_fu_425_p2       |     +    |      0|  0|  10|           9|           9|
    |d_fu_372_p2              |     +    |      0|  0|  13|           4|           1|
    |i_fu_652_p2              |     +    |      0|  0|  13|           4|           1|
    |j_fu_669_p2              |     +    |      0|  0|  13|           4|           1|
    |icmp_ln16_fu_366_p2      |   icmp   |      0|  0|   9|           4|           4|
    |icmp_ln21_fu_390_p2      |   icmp   |      0|  0|  11|           5|           3|
    |icmp_ln31_fu_646_p2      |   icmp   |      0|  0|   9|           4|           4|
    |icmp_ln37_fu_663_p2      |   icmp   |      0|  0|   9|           4|           4|
    |ap_enable_pp0            |    xor   |      0|  0|   2|           1|           2|
    |ap_enable_pp1            |    xor   |      0|  0|   2|           1|           2|
    |ap_enable_pp2            |    xor   |      0|  0|   2|           1|           2|
    |ap_enable_reg_pp2_iter1  |    xor   |      0|  0|   2|           2|           1|
    +-------------------------+----------+-------+---+----+------------+------------+
    |Total                    |          |      0|  0| 260|         155|         130|
    +-------------------------+----------+-------+---+----+------------+------------+

    * Multiplexer: 
    +--------------------------------+-----+-----------+-----+-----------+
    |              Name              | LUT | Input Size| Bits| Total Bits|
    +--------------------------------+-----+-----------+-----+-----------+
    |ap_NS_fsm                       |  157|         35|    1|         35|
    |ap_enable_reg_pp0_iter1         |    9|          2|    1|          2|
    |ap_enable_reg_pp1_iter2         |    9|          2|    1|          2|
    |ap_enable_reg_pp2_iter1         |    9|          2|    1|          2|
    |ap_enable_reg_pp2_iter14        |    9|          2|    1|          2|
    |ap_phi_mux_f_0_0_phi_fu_249_p4  |    9|          2|    5|         10|
    |ap_phi_mux_i_0_phi_fu_285_p4    |    9|          2|    4|          8|
    |d_0_reg_234                     |    9|          2|    4|          8|
    |dense_array_address0            |   21|          4|    4|         16|
    |dense_out_weights_address0      |   33|          6|    9|         54|
    |f_0_0_reg_245                   |    9|          2|    5|         10|
    |fully_connected_address0        |   21|          4|    5|         20|
    |fully_connected_address1        |   15|          3|    5|         15|
    |grp_fu_303_p0                   |   27|          5|   32|        160|
    |grp_fu_303_p1                   |   38|          7|   32|        224|
    |grp_fu_311_p1                   |   27|          5|   32|        160|
    |i_0_reg_281                     |    9|          2|    4|          8|
    |j_0_reg_292                     |    9|          2|    4|          8|
    |reg_338                         |    9|          2|   32|         64|
    |sum_0_reg_269                   |    9|          2|   32|         64|
    |w_sum_0_0_reg_257               |    9|          2|   32|         64|
    +--------------------------------+-----+-----------+-----+-----------+
    |Total                           |  456|         95|  246|        936|
    +--------------------------------+-----+-----------+-----+-----------+

    * Register: 
    +---------------------------------+----+----+-----+-----------+
    |               Name              | FF | LUT| Bits| Const Bits|
    +---------------------------------+----+----+-----+-----------+
    |add_ln21_2_reg_753               |   6|   0|    6|          0|
    |add_ln21_3_reg_774               |   6|   0|    6|          0|
    |add_ln21_4_reg_815               |   5|   0|    5|          0|
    |add_ln21_reg_722                 |   5|   0|    5|          0|
    |add_ln23_5_reg_743               |   9|   0|    9|          0|
    |add_ln23_9_reg_795               |  10|   0|   10|          0|
    |ap_CS_fsm                        |  34|   0|   34|          0|
    |ap_enable_reg_pp0_iter0          |   1|   0|    1|          0|
    |ap_enable_reg_pp0_iter1          |   1|   0|    1|          0|
    |ap_enable_reg_pp1_iter0          |   1|   0|    1|          0|
    |ap_enable_reg_pp1_iter1          |   1|   0|    1|          0|
    |ap_enable_reg_pp1_iter2          |   1|   0|    1|          0|
    |ap_enable_reg_pp2_iter0          |   1|   0|    1|          0|
    |ap_enable_reg_pp2_iter1          |   1|   0|    1|          0|
    |ap_enable_reg_pp2_iter10         |   1|   0|    1|          0|
    |ap_enable_reg_pp2_iter11         |   1|   0|    1|          0|
    |ap_enable_reg_pp2_iter12         |   1|   0|    1|          0|
    |ap_enable_reg_pp2_iter13         |   1|   0|    1|          0|
    |ap_enable_reg_pp2_iter14         |   1|   0|    1|          0|
    |ap_enable_reg_pp2_iter2          |   1|   0|    1|          0|
    |ap_enable_reg_pp2_iter3          |   1|   0|    1|          0|
    |ap_enable_reg_pp2_iter4          |   1|   0|    1|          0|
    |ap_enable_reg_pp2_iter5          |   1|   0|    1|          0|
    |ap_enable_reg_pp2_iter6          |   1|   0|    1|          0|
    |ap_enable_reg_pp2_iter7          |   1|   0|    1|          0|
    |ap_enable_reg_pp2_iter8          |   1|   0|    1|          0|
    |ap_enable_reg_pp2_iter9          |   1|   0|    1|          0|
    |d_0_reg_234                      |   4|   0|    4|          0|
    |d_reg_684                        |   4|   0|    4|          0|
    |f_0_0_cast1_reg_733              |   5|   0|    6|          1|
    |f_0_0_reg_245                    |   5|   0|    5|          0|
    |fully_connected_load_3_reg_769   |  32|   0|   32|          0|
    |i_0_reg_281                      |   4|   0|    4|          0|
    |i_reg_839                        |   4|   0|    4|          0|
    |icmp_ln21_reg_708                |   1|   0|    1|          0|
    |icmp_ln21_reg_708_pp0_iter1_reg  |   1|   0|    1|          0|
    |icmp_ln31_reg_835                |   1|   0|    1|          0|
    |icmp_ln37_reg_849                |   1|   0|    1|          0|
    |j_0_reg_292                      |   4|   0|    4|          0|
    |reg_333                          |  32|   0|   32|          0|
    |reg_338                          |  32|   0|   32|          0|
    |reg_344                          |  32|   0|   32|          0|
    |reg_349                          |  32|   0|   32|          0|
    |reg_360                          |  32|   0|   32|          0|
    |sum_0_reg_269                    |  32|   0|   32|          0|
    |tmp_3_1_reg_785                  |  32|   0|   32|          0|
    |tmp_3_2_reg_800                  |  32|   0|   32|          0|
    |tmp_3_3_reg_810                  |  32|   0|   32|          0|
    |tmp_6_reg_868                    |  32|   0|   32|          0|
    |w_sum_0_0_reg_257                |  32|   0|   32|          0|
    |zext_ln21_1_reg_701              |   4|   0|    9|          5|
    |zext_ln21_reg_695                |   4|   0|   10|          6|
    |zext_ln23_reg_689                |   4|   0|   64|         60|
    |zext_ln39_reg_858                |   4|   0|   64|         60|
    |icmp_ln31_reg_835                |  64|  32|    1|          0|
    |icmp_ln37_reg_849                |  64|  32|    1|          0|
    |zext_ln39_reg_858                |  64|  32|   64|         60|
    +---------------------------------+----+----+-----+-----------+
    |Total                            | 721|  96|  727|        192|
    +---------------------------------+----+----+-----+-----------+



================================================================
== Interface
================================================================
* Summary: 
+--------------------------+-----+-----+------------+-----------------+--------------+
|         RTL Ports        | Dir | Bits|  Protocol  |  Source Object  |    C Type    |
+--------------------------+-----+-----+------------+-----------------+--------------+
|ap_clk                    |  in |    1| ap_ctrl_hs |      dense      | return value |
|ap_rst                    |  in |    1| ap_ctrl_hs |      dense      | return value |
|ap_start                  |  in |    1| ap_ctrl_hs |      dense      | return value |
|ap_done                   | out |    1| ap_ctrl_hs |      dense      | return value |
|ap_idle                   | out |    1| ap_ctrl_hs |      dense      | return value |
|ap_ready                  | out |    1| ap_ctrl_hs |      dense      | return value |
|fully_connected_address0  | out |    5|  ap_memory | fully_connected |     array    |
|fully_connected_ce0       | out |    1|  ap_memory | fully_connected |     array    |
|fully_connected_q0        |  in |   32|  ap_memory | fully_connected |     array    |
|fully_connected_address1  | out |    5|  ap_memory | fully_connected |     array    |
|fully_connected_ce1       | out |    1|  ap_memory | fully_connected |     array    |
|fully_connected_q1        |  in |   32|  ap_memory | fully_connected |     array    |
|prediction_address0       | out |    4|  ap_memory |    prediction   |     array    |
|prediction_ce0            | out |    1|  ap_memory |    prediction   |     array    |
|prediction_we0            | out |    1|  ap_memory |    prediction   |     array    |
|prediction_d0             | out |   32|  ap_memory |    prediction   |     array    |
+--------------------------+-----+-----+------------+-----------------+--------------+

