

================================================================
== Vivado HLS Report for 'max_pool_1'
================================================================
* Date:           Wed Oct  4 16:00:38 2023

* Version:        2019.1 (Build 2552052 on Fri May 24 15:28:33 MDT 2019)
* Project:        pool
* Solution:       Pool_Row_unroll
* Product family: zynq
* Target device:  xc7z020-clg400-1


================================================================
== Performance Estimates
================================================================
+ Timing (ns): 
    * Summary: 
    +--------+-------+----------+------------+
    |  Clock | Target| Estimated| Uncertainty|
    +--------+-------+----------+------------+
    |ap_clk  |  40.00|    11.719|        5.00|
    +--------+-------+----------+------------+

+ Latency (clock cycles): 
    * Summary: 
    +-------+-------+-------+-------+---------+
    |    Latency    |    Interval   | Pipeline|
    |  min  |  max  |  min  |  max  |   Type  |
    +-------+-------+-------+-------+---------+
    |  60385|  60385|  60385|  60385|   none  |
    +-------+-------+-------+-------+---------+

    + Detail: 
        * Instance: 
        N/A

        * Loop: 
        +----------------------+-------+-------+----------+-----------+-----------+------+----------+
        |                      |    Latency    | Iteration|  Initiation Interval  | Trip |          |
        |       Loop Name      |  min  |  max  |  Latency |  achieved |   target  | Count| Pipelined|
        +----------------------+-------+-------+----------+-----------+-----------+------+----------+
        |- Filter_Loop         |  60384|  60384|      1887|          -|          -|    32|    no    |
        | + Row_Loop           |   1885|   1885|       145|          -|          -|    13|    no    |
        |  ++ Col_Loop         |    143|    143|        11|          -|          -|    13|    no    |
        |   +++ Pool_Col_Loop  |      4|      4|         2|          -|          -|     2|    no    |
        |   +++ Pool_Col_Loop  |      4|      4|         2|          -|          -|     2|    no    |
        +----------------------+-------+-------+----------+-----------+-----------+------+----------+

============================================================
+ Verbose Summary: Synthesis Manager
============================================================
InlineROM: 1
ExposeGlobal: 0
============================================================
+ Verbose Summary: CDFG Model
============================================================
IsTopModel: 1
ResetActiveHigh: 1
IsCombinational: 0
IsDatapathOnly: 0
HasWiredReturn: 1
HasMFsm: 0
HasVarLatency: 1
IsPipeline: 0
IsRtlPipelined: 0
IsInstanceOverlapped: 0
IsDontTouch: 0
HasImplIP: 0
IsGatedGlobalClock: 0


============================================================
+ Verbose Summary: Schedule
============================================================
* Number of FSM states : 8
* Pipeline : 0
* Dataflow Pipeline: 0

* FSM state transitions: 
1 --> 2 
2 --> 3 
3 --> 4 2 
4 --> 5 3 
5 --> 6 7 
6 --> 5 
7 --> 8 4 
8 --> 7 

* FSM state operations: 

State 1 <SV = 0> <Delay = 1.76>
ST_1 : Operation 9 [1/1] (0.00ns)   --->   "call void (...)* @_ssdm_op_SpecBitsMap([21632 x float]* %conv_1_out) nounwind, !map !7"   --->   Operation 9 'specbitsmap' <Predicate = true> <Delay = 0.00>
ST_1 : Operation 10 [1/1] (0.00ns)   --->   "call void (...)* @_ssdm_op_SpecBitsMap([5408 x float]* %max_pool_1_out) nounwind, !map !14"   --->   Operation 10 'specbitsmap' <Predicate = true> <Delay = 0.00>
ST_1 : Operation 11 [1/1] (0.00ns)   --->   "call void (...)* @_ssdm_op_SpecTopModule([11 x i8]* @max_pool_1_str) nounwind"   --->   Operation 11 'spectopmodule' <Predicate = true> <Delay = 0.00>
ST_1 : Operation 12 [1/1] (1.76ns)   --->   "br label %1" [pool/pooling.cpp:10]   --->   Operation 12 'br' <Predicate = true> <Delay = 1.76>

State 2 <SV = 1> <Delay = 1.82>
ST_2 : Operation 13 [1/1] (0.00ns)   --->   "%f_0 = phi i6 [ 0, %0 ], [ %f, %Filter_Loop_end ]"   --->   Operation 13 'phi' 'f_0' <Predicate = true> <Delay = 0.00>
ST_2 : Operation 14 [1/1] (1.42ns)   --->   "%icmp_ln10 = icmp eq i6 %f_0, -32" [pool/pooling.cpp:10]   --->   Operation 14 'icmp' 'icmp_ln10' <Predicate = true> <Delay = 1.42> <Core = "Cmp">   --->   Core 25 'Cmp' <Latency = 0> <II = 1> <Delay = 2.44> <FuncUnit> <Opcode : 'icmp'> <InPorts = 2> <OutPorts = 1>
ST_2 : Operation 15 [1/1] (0.00ns)   --->   "%empty = call i32 (...)* @_ssdm_op_SpecLoopTripCount(i64 32, i64 32, i64 32) nounwind"   --->   Operation 15 'speclooptripcount' 'empty' <Predicate = true> <Delay = 0.00>
ST_2 : Operation 16 [1/1] (1.82ns)   --->   "%f = add i6 %f_0, 1" [pool/pooling.cpp:10]   --->   Operation 16 'add' 'f' <Predicate = true> <Delay = 1.82> <Core = "AddSub">   --->   Core 14 'AddSub' <Latency = 0> <II = 1> <Delay = 1.67> <FuncUnit> <Opcode : 'add' 'sub'> <InPorts = 2> <OutPorts = 1>
ST_2 : Operation 17 [1/1] (0.00ns)   --->   "br i1 %icmp_ln10, label %6, label %Filter_Loop_begin" [pool/pooling.cpp:10]   --->   Operation 17 'br' <Predicate = true> <Delay = 0.00>
ST_2 : Operation 18 [1/1] (0.00ns)   --->   "call void (...)* @_ssdm_op_SpecLoopName([12 x i8]* @p_str) nounwind" [pool/pooling.cpp:11]   --->   Operation 18 'specloopname' <Predicate = (!icmp_ln10)> <Delay = 0.00>
ST_2 : Operation 19 [1/1] (0.00ns)   --->   "%tmp = call i32 (...)* @_ssdm_op_SpecRegionBegin([12 x i8]* @p_str) nounwind" [pool/pooling.cpp:11]   --->   Operation 19 'specregionbegin' 'tmp' <Predicate = (!icmp_ln10)> <Delay = 0.00>
ST_2 : Operation 20 [1/1] (0.00ns)   --->   "%zext_ln13 = zext i6 %f_0 to i16" [pool/pooling.cpp:13]   --->   Operation 20 'zext' 'zext_ln13' <Predicate = (!icmp_ln10)> <Delay = 0.00>
ST_2 : Operation 21 [1/1] (0.00ns)   --->   "%zext_ln13_1 = zext i6 %f_0 to i14" [pool/pooling.cpp:13]   --->   Operation 21 'zext' 'zext_ln13_1' <Predicate = (!icmp_ln10)> <Delay = 0.00>
ST_2 : Operation 22 [1/1] (1.76ns)   --->   "br label %2" [pool/pooling.cpp:13]   --->   Operation 22 'br' <Predicate = (!icmp_ln10)> <Delay = 1.76>
ST_2 : Operation 23 [1/1] (0.00ns)   --->   "ret void" [pool/pooling.cpp:39]   --->   Operation 23 'ret' <Predicate = (icmp_ln10)> <Delay = 0.00>

State 3 <SV = 2> <Delay = 3.78>
ST_3 : Operation 24 [1/1] (0.00ns)   --->   "%r_0 = phi i4 [ 0, %Filter_Loop_begin ], [ %r, %Row_Loop_end ]"   --->   Operation 24 'phi' 'r_0' <Predicate = true> <Delay = 0.00>
ST_3 : Operation 25 [1/1] (0.00ns)   --->   "%phi_mul = phi i8 [ 0, %Filter_Loop_begin ], [ %add_ln13, %Row_Loop_end ]" [pool/pooling.cpp:13]   --->   Operation 25 'phi' 'phi_mul' <Predicate = true> <Delay = 0.00>
ST_3 : Operation 26 [1/1] (1.91ns)   --->   "%add_ln13 = add i8 %phi_mul, 13" [pool/pooling.cpp:13]   --->   Operation 26 'add' 'add_ln13' <Predicate = true> <Delay = 1.91> <Core = "AddSub">   --->   Core 14 'AddSub' <Latency = 0> <II = 1> <Delay = 1.67> <FuncUnit> <Opcode : 'add' 'sub'> <InPorts = 2> <OutPorts = 1>
ST_3 : Operation 27 [1/1] (1.30ns)   --->   "%icmp_ln13 = icmp eq i4 %r_0, -3" [pool/pooling.cpp:13]   --->   Operation 27 'icmp' 'icmp_ln13' <Predicate = true> <Delay = 1.30> <Core = "Cmp">   --->   Core 25 'Cmp' <Latency = 0> <II = 1> <Delay = 2.44> <FuncUnit> <Opcode : 'icmp'> <InPorts = 2> <OutPorts = 1>
ST_3 : Operation 28 [1/1] (0.00ns)   --->   "%empty_4 = call i32 (...)* @_ssdm_op_SpecLoopTripCount(i64 13, i64 13, i64 13) nounwind"   --->   Operation 28 'speclooptripcount' 'empty_4' <Predicate = true> <Delay = 0.00>
ST_3 : Operation 29 [1/1] (1.73ns)   --->   "%r = add i4 %r_0, 1" [pool/pooling.cpp:13]   --->   Operation 29 'add' 'r' <Predicate = true> <Delay = 1.73> <Core = "AddSub">   --->   Core 14 'AddSub' <Latency = 0> <II = 1> <Delay = 1.67> <FuncUnit> <Opcode : 'add' 'sub'> <InPorts = 2> <OutPorts = 1>
ST_3 : Operation 30 [1/1] (0.00ns)   --->   "br i1 %icmp_ln13, label %Filter_Loop_end, label %Row_Loop_begin" [pool/pooling.cpp:13]   --->   Operation 30 'br' <Predicate = true> <Delay = 0.00>
ST_3 : Operation 31 [1/1] (0.00ns)   --->   "call void (...)* @_ssdm_op_SpecLoopName([9 x i8]* @p_str1) nounwind" [pool/pooling.cpp:14]   --->   Operation 31 'specloopname' <Predicate = (!icmp_ln13)> <Delay = 0.00>
ST_3 : Operation 32 [1/1] (0.00ns)   --->   "%tmp_2 = call i32 (...)* @_ssdm_op_SpecRegionBegin([9 x i8]* @p_str1) nounwind" [pool/pooling.cpp:14]   --->   Operation 32 'specregionbegin' 'tmp_2' <Predicate = (!icmp_ln13)> <Delay = 0.00>
ST_3 : Operation 33 [1/1] (0.00ns)   --->   "%shl_ln = call i5 @_ssdm_op_BitConcatenate.i5.i4.i1(i4 %r_0, i1 false)" [pool/pooling.cpp:25]   --->   Operation 33 'bitconcatenate' 'shl_ln' <Predicate = (!icmp_ln13)> <Delay = 0.00>
ST_3 : Operation 34 [1/1] (0.00ns)   --->   "%zext_ln28 = zext i5 %shl_ln to i10" [pool/pooling.cpp:28]   --->   Operation 34 'zext' 'zext_ln28' <Predicate = (!icmp_ln13)> <Delay = 0.00>
ST_3 : Operation 35 [1/1] (3.78ns)   --->   "%mul_ln28 = mul i10 %zext_ln28, 26" [pool/pooling.cpp:28]   --->   Operation 35 'mul' 'mul_ln28' <Predicate = (!icmp_ln13)> <Delay = 3.78> <Core = "Mul">   --->   Core 16 'Mul' <Latency = 0> <II = 1> <Delay = 3.78> <FuncUnit> <Opcode : 'mul'> <InPorts = 2> <OutPorts = 1>
ST_3 : Operation 36 [1/1] (0.00ns)   --->   "%or_ln25 = or i5 %shl_ln, 1" [pool/pooling.cpp:25]   --->   Operation 36 'or' 'or_ln25' <Predicate = (!icmp_ln13)> <Delay = 0.00>
ST_3 : Operation 37 [1/1] (0.00ns)   --->   "%zext_ln28_1 = zext i5 %or_ln25 to i10" [pool/pooling.cpp:28]   --->   Operation 37 'zext' 'zext_ln28_1' <Predicate = (!icmp_ln13)> <Delay = 0.00>
ST_3 : Operation 38 [1/1] (3.78ns)   --->   "%mul_ln28_1 = mul i10 %zext_ln28_1, 26" [pool/pooling.cpp:28]   --->   Operation 38 'mul' 'mul_ln28_1' <Predicate = (!icmp_ln13)> <Delay = 3.78> <Core = "Mul">   --->   Core 16 'Mul' <Latency = 0> <II = 1> <Delay = 3.78> <FuncUnit> <Opcode : 'mul'> <InPorts = 2> <OutPorts = 1>
ST_3 : Operation 39 [1/1] (1.76ns)   --->   "br label %3" [pool/pooling.cpp:16]   --->   Operation 39 'br' <Predicate = (!icmp_ln13)> <Delay = 1.76>
ST_3 : Operation 40 [1/1] (0.00ns)   --->   "%empty_11 = call i32 (...)* @_ssdm_op_SpecRegionEnd([12 x i8]* @p_str, i32 %tmp) nounwind" [pool/pooling.cpp:38]   --->   Operation 40 'specregionend' 'empty_11' <Predicate = (icmp_ln13)> <Delay = 0.00>
ST_3 : Operation 41 [1/1] (0.00ns)   --->   "br label %1" [pool/pooling.cpp:10]   --->   Operation 41 'br' <Predicate = (icmp_ln13)> <Delay = 0.00>

State 4 <SV = 3> <Delay = 1.76>
ST_4 : Operation 42 [1/1] (0.00ns)   --->   "%c_0 = phi i4 [ 0, %Row_Loop_begin ], [ %c, %Pool_Row_Loop_end ]"   --->   Operation 42 'phi' 'c_0' <Predicate = true> <Delay = 0.00>
ST_4 : Operation 43 [1/1] (1.30ns)   --->   "%icmp_ln16 = icmp eq i4 %c_0, -3" [pool/pooling.cpp:16]   --->   Operation 43 'icmp' 'icmp_ln16' <Predicate = true> <Delay = 1.30> <Core = "Cmp">   --->   Core 25 'Cmp' <Latency = 0> <II = 1> <Delay = 2.44> <FuncUnit> <Opcode : 'icmp'> <InPorts = 2> <OutPorts = 1>
ST_4 : Operation 44 [1/1] (0.00ns)   --->   "%empty_5 = call i32 (...)* @_ssdm_op_SpecLoopTripCount(i64 13, i64 13, i64 13) nounwind"   --->   Operation 44 'speclooptripcount' 'empty_5' <Predicate = true> <Delay = 0.00>
ST_4 : Operation 45 [1/1] (1.73ns)   --->   "%c = add i4 %c_0, 1" [pool/pooling.cpp:16]   --->   Operation 45 'add' 'c' <Predicate = true> <Delay = 1.73> <Core = "AddSub">   --->   Core 14 'AddSub' <Latency = 0> <II = 1> <Delay = 1.67> <FuncUnit> <Opcode : 'add' 'sub'> <InPorts = 2> <OutPorts = 1>
ST_4 : Operation 46 [1/1] (0.00ns)   --->   "br i1 %icmp_ln16, label %Row_Loop_end, label %Pool_Row_Loop_begin" [pool/pooling.cpp:16]   --->   Operation 46 'br' <Predicate = true> <Delay = 0.00>
ST_4 : Operation 47 [1/1] (0.00ns)   --->   "call void (...)* @_ssdm_op_SpecLoopName([9 x i8]* @p_str2) nounwind" [pool/pooling.cpp:17]   --->   Operation 47 'specloopname' <Predicate = (!icmp_ln16)> <Delay = 0.00>
ST_4 : Operation 48 [1/1] (0.00ns)   --->   "%shl_ln1 = call i5 @_ssdm_op_BitConcatenate.i5.i4.i1(i4 %c_0, i1 false)" [pool/pooling.cpp:26]   --->   Operation 48 'bitconcatenate' 'shl_ln1' <Predicate = (!icmp_ln16)> <Delay = 0.00>
ST_4 : Operation 49 [1/1] (0.00ns)   --->   "%tmp_3 = call i32 (...)* @_ssdm_op_SpecRegionBegin([14 x i8]* @p_str3) nounwind" [pool/pooling.cpp:21]   --->   Operation 49 'specregionbegin' 'tmp_3' <Predicate = (!icmp_ln16)> <Delay = 0.00>
ST_4 : Operation 50 [1/1] (1.76ns)   --->   "br label %4" [pool/pooling.cpp:23]   --->   Operation 50 'br' <Predicate = (!icmp_ln16)> <Delay = 1.76>
ST_4 : Operation 51 [1/1] (0.00ns)   --->   "%empty_10 = call i32 (...)* @_ssdm_op_SpecRegionEnd([9 x i8]* @p_str1, i32 %tmp_2) nounwind" [pool/pooling.cpp:37]   --->   Operation 51 'specregionend' 'empty_10' <Predicate = (icmp_ln16)> <Delay = 0.00>
ST_4 : Operation 52 [1/1] (0.00ns)   --->   "br label %2" [pool/pooling.cpp:13]   --->   Operation 52 'br' <Predicate = (icmp_ln16)> <Delay = 0.00>

State 5 <SV = 4> <Delay = 8.70>
ST_5 : Operation 53 [1/1] (0.00ns)   --->   "%max_1_0 = phi float [ 0x3810000000000000, %Pool_Row_Loop_begin ], [ %select_ln28, %._crit_edge.0 ]" [pool/pooling.cpp:28]   --->   Operation 53 'phi' 'max_1_0' <Predicate = true> <Delay = 0.00>
ST_5 : Operation 54 [1/1] (0.00ns)   --->   "%mpc_0_0 = phi i2 [ 0, %Pool_Row_Loop_begin ], [ %add_ln23, %._crit_edge.0 ]" [pool/pooling.cpp:23]   --->   Operation 54 'phi' 'mpc_0_0' <Predicate = true> <Delay = 0.00>
ST_5 : Operation 55 [1/1] (0.00ns)   --->   "%zext_ln23 = zext i2 %mpc_0_0 to i5" [pool/pooling.cpp:23]   --->   Operation 55 'zext' 'zext_ln23' <Predicate = true> <Delay = 0.00>
ST_5 : Operation 56 [1/1] (0.95ns)   --->   "%icmp_ln23 = icmp eq i2 %mpc_0_0, -2" [pool/pooling.cpp:23]   --->   Operation 56 'icmp' 'icmp_ln23' <Predicate = true> <Delay = 0.95> <Core = "Cmp">   --->   Core 25 'Cmp' <Latency = 0> <II = 1> <Delay = 2.44> <FuncUnit> <Opcode : 'icmp'> <InPorts = 2> <OutPorts = 1>
ST_5 : Operation 57 [1/1] (0.00ns)   --->   "%empty_7 = call i32 (...)* @_ssdm_op_SpecLoopTripCount(i64 2, i64 2, i64 2) nounwind"   --->   Operation 57 'speclooptripcount' 'empty_7' <Predicate = true> <Delay = 0.00>
ST_5 : Operation 58 [1/1] (1.56ns)   --->   "%add_ln23 = add i2 %mpc_0_0, 1" [pool/pooling.cpp:23]   --->   Operation 58 'add' 'add_ln23' <Predicate = true> <Delay = 1.56> <Core = "AddSub">   --->   Core 14 'AddSub' <Latency = 0> <II = 1> <Delay = 1.67> <FuncUnit> <Opcode : 'add' 'sub'> <InPorts = 2> <OutPorts = 1>
ST_5 : Operation 59 [1/1] (0.00ns)   --->   "br i1 %icmp_ln23, label %Pool_Row_Loop, label %._crit_edge.0" [pool/pooling.cpp:23]   --->   Operation 59 'br' <Predicate = true> <Delay = 0.00>
ST_5 : Operation 60 [1/1] (1.78ns)   --->   "%add_ln26 = add i5 %shl_ln1, %zext_ln23" [pool/pooling.cpp:26]   --->   Operation 60 'add' 'add_ln26' <Predicate = (!icmp_ln23)> <Delay = 1.78> <Core = "AddSub">   --->   Core 14 'AddSub' <Latency = 0> <II = 1> <Delay = 1.67> <FuncUnit> <Opcode : 'add' 'sub'> <InPorts = 2> <OutPorts = 1>
ST_5 : Operation 61 [1/1] (0.00ns)   --->   "%zext_ln28_2 = zext i5 %add_ln26 to i10" [pool/pooling.cpp:28]   --->   Operation 61 'zext' 'zext_ln28_2' <Predicate = (!icmp_ln23)> <Delay = 0.00>
ST_5 : Operation 62 [1/1] (1.73ns)   --->   "%add_ln28 = add i10 %zext_ln28_2, %mul_ln28" [pool/pooling.cpp:28]   --->   Operation 62 'add' 'add_ln28' <Predicate = (!icmp_ln23)> <Delay = 1.73> <Core = "AddSub">   --->   Core 14 'AddSub' <Latency = 0> <II = 1> <Delay = 1.67> <FuncUnit> <Opcode : 'add' 'sub'> <InPorts = 2> <OutPorts = 1>
ST_5 : Operation 63 [1/1] (0.00ns)   --->   "%tmp_10 = call i15 @_ssdm_op_BitConcatenate.i15.i10.i5(i10 %add_ln28, i5 0)" [pool/pooling.cpp:28]   --->   Operation 63 'bitconcatenate' 'tmp_10' <Predicate = (!icmp_ln23)> <Delay = 0.00>
ST_5 : Operation 64 [1/1] (0.00ns)   --->   "%zext_ln28_3 = zext i15 %tmp_10 to i16" [pool/pooling.cpp:28]   --->   Operation 64 'zext' 'zext_ln28_3' <Predicate = (!icmp_ln23)> <Delay = 0.00>
ST_5 : Operation 65 [1/1] (1.94ns)   --->   "%add_ln28_1 = add i16 %zext_ln13, %zext_ln28_3" [pool/pooling.cpp:28]   --->   Operation 65 'add' 'add_ln28_1' <Predicate = (!icmp_ln23)> <Delay = 1.94> <Core = "AddSub">   --->   Core 14 'AddSub' <Latency = 0> <II = 1> <Delay = 1.67> <FuncUnit> <Opcode : 'add' 'sub'> <InPorts = 2> <OutPorts = 1>
ST_5 : Operation 66 [1/1] (0.00ns)   --->   "%zext_ln28_4 = zext i16 %add_ln28_1 to i64" [pool/pooling.cpp:28]   --->   Operation 66 'zext' 'zext_ln28_4' <Predicate = (!icmp_ln23)> <Delay = 0.00>
ST_5 : Operation 67 [1/1] (0.00ns)   --->   "%conv_1_out_addr = getelementptr [21632 x float]* %conv_1_out, i64 0, i64 %zext_ln28_4" [pool/pooling.cpp:28]   --->   Operation 67 'getelementptr' 'conv_1_out_addr' <Predicate = (!icmp_ln23)> <Delay = 0.00>
ST_5 : Operation 68 [2/2] (3.25ns)   --->   "%conv_1_out_load = load float* %conv_1_out_addr, align 4" [pool/pooling.cpp:28]   --->   Operation 68 'load' 'conv_1_out_load' <Predicate = (!icmp_ln23)> <Delay = 3.25> <Core = "RAM">   --->   Core 37 'RAM' <Latency = 1> <II = 1> <Delay = 3.25> <Storage> <Opcode : 'load' 'store'> <Ports = 2> <Width = 32> <Depth = 5408> <RAM>
ST_5 : Operation 69 [1/1] (0.00ns)   --->   "%empty_6 = call i32 (...)* @_ssdm_op_SpecRegionEnd([14 x i8]* @p_str3, i32 %tmp_3) nounwind" [pool/pooling.cpp:33]   --->   Operation 69 'specregionend' 'empty_6' <Predicate = (icmp_ln23)> <Delay = 0.00>
ST_5 : Operation 70 [1/1] (0.00ns)   --->   "%tmp_4 = call i32 (...)* @_ssdm_op_SpecRegionBegin([14 x i8]* @p_str3) nounwind" [pool/pooling.cpp:21]   --->   Operation 70 'specregionbegin' 'tmp_4' <Predicate = (icmp_ln23)> <Delay = 0.00>
ST_5 : Operation 71 [1/1] (1.76ns)   --->   "br label %5" [pool/pooling.cpp:23]   --->   Operation 71 'br' <Predicate = (icmp_ln23)> <Delay = 1.76>

State 6 <SV = 5> <Delay = 11.7>
ST_6 : Operation 72 [1/1] (0.00ns)   --->   "call void (...)* @_ssdm_op_SpecLoopName([14 x i8]* @p_str5) nounwind" [pool/pooling.cpp:24]   --->   Operation 72 'specloopname' <Predicate = true> <Delay = 0.00>
ST_6 : Operation 73 [1/2] (3.25ns)   --->   "%conv_1_out_load = load float* %conv_1_out_addr, align 4" [pool/pooling.cpp:28]   --->   Operation 73 'load' 'conv_1_out_load' <Predicate = true> <Delay = 3.25> <Core = "RAM">   --->   Core 37 'RAM' <Latency = 1> <II = 1> <Delay = 3.25> <Storage> <Opcode : 'load' 'store'> <Ports = 2> <Width = 32> <Depth = 5408> <RAM>
ST_6 : Operation 74 [1/1] (0.00ns)   --->   "%bitcast_ln28 = bitcast float %conv_1_out_load to i32" [pool/pooling.cpp:28]   --->   Operation 74 'bitcast' 'bitcast_ln28' <Predicate = true> <Delay = 0.00>
ST_6 : Operation 75 [1/1] (0.00ns)   --->   "%tmp_1 = call i8 @_ssdm_op_PartSelect.i8.i32.i32.i32(i32 %bitcast_ln28, i32 23, i32 30)" [pool/pooling.cpp:28]   --->   Operation 75 'partselect' 'tmp_1' <Predicate = true> <Delay = 0.00>
ST_6 : Operation 76 [1/1] (0.00ns)   --->   "%trunc_ln28 = trunc i32 %bitcast_ln28 to i23" [pool/pooling.cpp:28]   --->   Operation 76 'trunc' 'trunc_ln28' <Predicate = true> <Delay = 0.00>
ST_6 : Operation 77 [1/1] (0.00ns)   --->   "%bitcast_ln28_1 = bitcast float %max_1_0 to i32" [pool/pooling.cpp:28]   --->   Operation 77 'bitcast' 'bitcast_ln28_1' <Predicate = true> <Delay = 0.00>
ST_6 : Operation 78 [1/1] (0.00ns)   --->   "%tmp_5 = call i8 @_ssdm_op_PartSelect.i8.i32.i32.i32(i32 %bitcast_ln28_1, i32 23, i32 30)" [pool/pooling.cpp:28]   --->   Operation 78 'partselect' 'tmp_5' <Predicate = true> <Delay = 0.00>
ST_6 : Operation 79 [1/1] (0.00ns)   --->   "%trunc_ln28_1 = trunc i32 %bitcast_ln28_1 to i23" [pool/pooling.cpp:28]   --->   Operation 79 'trunc' 'trunc_ln28_1' <Predicate = true> <Delay = 0.00>
ST_6 : Operation 80 [1/1] (1.55ns)   --->   "%icmp_ln28 = icmp ne i8 %tmp_1, -1" [pool/pooling.cpp:28]   --->   Operation 80 'icmp' 'icmp_ln28' <Predicate = true> <Delay = 1.55> <Core = "Cmp">   --->   Core 25 'Cmp' <Latency = 0> <II = 1> <Delay = 2.44> <FuncUnit> <Opcode : 'icmp'> <InPorts = 2> <OutPorts = 1>
ST_6 : Operation 81 [1/1] (2.44ns)   --->   "%icmp_ln28_1 = icmp eq i23 %trunc_ln28, 0" [pool/pooling.cpp:28]   --->   Operation 81 'icmp' 'icmp_ln28_1' <Predicate = true> <Delay = 2.44> <Core = "Cmp">   --->   Core 25 'Cmp' <Latency = 0> <II = 1> <Delay = 2.44> <FuncUnit> <Opcode : 'icmp'> <InPorts = 2> <OutPorts = 1>
ST_6 : Operation 82 [1/1] (0.00ns) (grouped into LUT with out node and_ln28_1)   --->   "%or_ln28 = or i1 %icmp_ln28_1, %icmp_ln28" [pool/pooling.cpp:28]   --->   Operation 82 'or' 'or_ln28' <Predicate = true> <Delay = 0.00> <Core = "LogicGate">   --->   Core 27 'LogicGate' <Latency = 0> <II = 1> <Delay = 0.97> <FuncUnit> <Opcode : 'and' 'or' 'xor'> <InPorts = 2> <OutPorts = 1>
ST_6 : Operation 83 [1/1] (1.55ns)   --->   "%icmp_ln28_2 = icmp ne i8 %tmp_5, -1" [pool/pooling.cpp:28]   --->   Operation 83 'icmp' 'icmp_ln28_2' <Predicate = true> <Delay = 1.55> <Core = "Cmp">   --->   Core 25 'Cmp' <Latency = 0> <II = 1> <Delay = 2.44> <FuncUnit> <Opcode : 'icmp'> <InPorts = 2> <OutPorts = 1>
ST_6 : Operation 84 [1/1] (2.44ns)   --->   "%icmp_ln28_3 = icmp eq i23 %trunc_ln28_1, 0" [pool/pooling.cpp:28]   --->   Operation 84 'icmp' 'icmp_ln28_3' <Predicate = true> <Delay = 2.44> <Core = "Cmp">   --->   Core 25 'Cmp' <Latency = 0> <II = 1> <Delay = 2.44> <FuncUnit> <Opcode : 'icmp'> <InPorts = 2> <OutPorts = 1>
ST_6 : Operation 85 [1/1] (0.00ns) (grouped into LUT with out node and_ln28_1)   --->   "%or_ln28_1 = or i1 %icmp_ln28_3, %icmp_ln28_2" [pool/pooling.cpp:28]   --->   Operation 85 'or' 'or_ln28_1' <Predicate = true> <Delay = 0.00> <Core = "LogicGate">   --->   Core 27 'LogicGate' <Latency = 0> <II = 1> <Delay = 0.97> <FuncUnit> <Opcode : 'and' 'or' 'xor'> <InPorts = 2> <OutPorts = 1>
ST_6 : Operation 86 [1/1] (0.00ns) (grouped into LUT with out node and_ln28_1)   --->   "%and_ln28 = and i1 %or_ln28, %or_ln28_1" [pool/pooling.cpp:28]   --->   Operation 86 'and' 'and_ln28' <Predicate = true> <Delay = 0.00> <Core = "LogicGate">   --->   Core 27 'LogicGate' <Latency = 0> <II = 1> <Delay = 0.97> <FuncUnit> <Opcode : 'and' 'or' 'xor'> <InPorts = 2> <OutPorts = 1>
ST_6 : Operation 87 [1/1] (6.78ns)   --->   "%tmp_6 = fcmp ogt float %conv_1_out_load, %max_1_0" [pool/pooling.cpp:28]   --->   Operation 87 'fcmp' 'tmp_6' <Predicate = true> <Delay = 6.78> <Core = "FCmp">   --->   Core 111 'FCmp' <Latency = 0> <II = 1> <Delay = 6.78> <FuncUnit> <Opcode : 'fcmp'> <InPorts = 2> <OutPorts = 1>
ST_6 : Operation 88 [1/1] (0.97ns) (out node of the LUT)   --->   "%and_ln28_1 = and i1 %and_ln28, %tmp_6" [pool/pooling.cpp:28]   --->   Operation 88 'and' 'and_ln28_1' <Predicate = true> <Delay = 0.97> <Core = "LogicGate">   --->   Core 27 'LogicGate' <Latency = 0> <II = 1> <Delay = 0.97> <FuncUnit> <Opcode : 'and' 'or' 'xor'> <InPorts = 2> <OutPorts = 1>
ST_6 : Operation 89 [1/1] (0.69ns) (out node of the LUT)   --->   "%select_ln28 = select i1 %and_ln28_1, float %conv_1_out_load, float %max_1_0" [pool/pooling.cpp:28]   --->   Operation 89 'select' 'select_ln28' <Predicate = true> <Delay = 0.69> <Core = "Sel">   --->   Core 26 'Sel' <Latency = 0> <II = 1> <Delay = 0.69> <FuncUnit> <Opcode : 'select'> <InPorts = 3> <OutPorts = 1>
ST_6 : Operation 90 [1/1] (0.00ns)   --->   "br label %4" [pool/pooling.cpp:23]   --->   Operation 90 'br' <Predicate = true> <Delay = 0.00>

State 7 <SV = 5> <Delay = 8.70>
ST_7 : Operation 91 [1/1] (0.00ns)   --->   "%max_1_1 = phi float [ %max_1_0, %Pool_Row_Loop ], [ %select_ln28_1, %._crit_edge.1 ]" [pool/pooling.cpp:28]   --->   Operation 91 'phi' 'max_1_1' <Predicate = true> <Delay = 0.00>
ST_7 : Operation 92 [1/1] (0.00ns)   --->   "%mpc_0_1 = phi i2 [ 0, %Pool_Row_Loop ], [ %add_ln23_1, %._crit_edge.1 ]" [pool/pooling.cpp:23]   --->   Operation 92 'phi' 'mpc_0_1' <Predicate = true> <Delay = 0.00>
ST_7 : Operation 93 [1/1] (0.00ns)   --->   "%zext_ln23_1 = zext i2 %mpc_0_1 to i5" [pool/pooling.cpp:23]   --->   Operation 93 'zext' 'zext_ln23_1' <Predicate = true> <Delay = 0.00>
ST_7 : Operation 94 [1/1] (0.95ns)   --->   "%icmp_ln23_1 = icmp eq i2 %mpc_0_1, -2" [pool/pooling.cpp:23]   --->   Operation 94 'icmp' 'icmp_ln23_1' <Predicate = true> <Delay = 0.95> <Core = "Cmp">   --->   Core 25 'Cmp' <Latency = 0> <II = 1> <Delay = 2.44> <FuncUnit> <Opcode : 'icmp'> <InPorts = 2> <OutPorts = 1>
ST_7 : Operation 95 [1/1] (0.00ns)   --->   "%empty_9 = call i32 (...)* @_ssdm_op_SpecLoopTripCount(i64 2, i64 2, i64 2) nounwind"   --->   Operation 95 'speclooptripcount' 'empty_9' <Predicate = true> <Delay = 0.00>
ST_7 : Operation 96 [1/1] (1.56ns)   --->   "%add_ln23_1 = add i2 %mpc_0_1, 1" [pool/pooling.cpp:23]   --->   Operation 96 'add' 'add_ln23_1' <Predicate = true> <Delay = 1.56> <Core = "AddSub">   --->   Core 14 'AddSub' <Latency = 0> <II = 1> <Delay = 1.67> <FuncUnit> <Opcode : 'add' 'sub'> <InPorts = 2> <OutPorts = 1>
ST_7 : Operation 97 [1/1] (0.00ns)   --->   "br i1 %icmp_ln23_1, label %Pool_Row_Loop_end, label %._crit_edge.1" [pool/pooling.cpp:23]   --->   Operation 97 'br' <Predicate = true> <Delay = 0.00>
ST_7 : Operation 98 [1/1] (1.78ns)   --->   "%add_ln26_1 = add i5 %shl_ln1, %zext_ln23_1" [pool/pooling.cpp:26]   --->   Operation 98 'add' 'add_ln26_1' <Predicate = (!icmp_ln23_1)> <Delay = 1.78> <Core = "AddSub">   --->   Core 14 'AddSub' <Latency = 0> <II = 1> <Delay = 1.67> <FuncUnit> <Opcode : 'add' 'sub'> <InPorts = 2> <OutPorts = 1>
ST_7 : Operation 99 [1/1] (0.00ns)   --->   "%zext_ln28_5 = zext i5 %add_ln26_1 to i10" [pool/pooling.cpp:28]   --->   Operation 99 'zext' 'zext_ln28_5' <Predicate = (!icmp_ln23_1)> <Delay = 0.00>
ST_7 : Operation 100 [1/1] (1.73ns)   --->   "%add_ln28_2 = add i10 %zext_ln28_5, %mul_ln28_1" [pool/pooling.cpp:28]   --->   Operation 100 'add' 'add_ln28_2' <Predicate = (!icmp_ln23_1)> <Delay = 1.73> <Core = "AddSub">   --->   Core 14 'AddSub' <Latency = 0> <II = 1> <Delay = 1.67> <FuncUnit> <Opcode : 'add' 'sub'> <InPorts = 2> <OutPorts = 1>
ST_7 : Operation 101 [1/1] (0.00ns)   --->   "%tmp_12 = call i15 @_ssdm_op_BitConcatenate.i15.i10.i5(i10 %add_ln28_2, i5 0)" [pool/pooling.cpp:28]   --->   Operation 101 'bitconcatenate' 'tmp_12' <Predicate = (!icmp_ln23_1)> <Delay = 0.00>
ST_7 : Operation 102 [1/1] (0.00ns)   --->   "%zext_ln28_6 = zext i15 %tmp_12 to i16" [pool/pooling.cpp:28]   --->   Operation 102 'zext' 'zext_ln28_6' <Predicate = (!icmp_ln23_1)> <Delay = 0.00>
ST_7 : Operation 103 [1/1] (1.94ns)   --->   "%add_ln28_3 = add i16 %zext_ln13, %zext_ln28_6" [pool/pooling.cpp:28]   --->   Operation 103 'add' 'add_ln28_3' <Predicate = (!icmp_ln23_1)> <Delay = 1.94> <Core = "AddSub">   --->   Core 14 'AddSub' <Latency = 0> <II = 1> <Delay = 1.67> <FuncUnit> <Opcode : 'add' 'sub'> <InPorts = 2> <OutPorts = 1>
ST_7 : Operation 104 [1/1] (0.00ns)   --->   "%zext_ln28_7 = zext i16 %add_ln28_3 to i64" [pool/pooling.cpp:28]   --->   Operation 104 'zext' 'zext_ln28_7' <Predicate = (!icmp_ln23_1)> <Delay = 0.00>
ST_7 : Operation 105 [1/1] (0.00ns)   --->   "%conv_1_out_addr_1 = getelementptr [21632 x float]* %conv_1_out, i64 0, i64 %zext_ln28_7" [pool/pooling.cpp:28]   --->   Operation 105 'getelementptr' 'conv_1_out_addr_1' <Predicate = (!icmp_ln23_1)> <Delay = 0.00>
ST_7 : Operation 106 [2/2] (3.25ns)   --->   "%conv_1_out_load_1 = load float* %conv_1_out_addr_1, align 4" [pool/pooling.cpp:28]   --->   Operation 106 'load' 'conv_1_out_load_1' <Predicate = (!icmp_ln23_1)> <Delay = 3.25> <Core = "RAM">   --->   Core 37 'RAM' <Latency = 1> <II = 1> <Delay = 3.25> <Storage> <Opcode : 'load' 'store'> <Ports = 2> <Width = 32> <Depth = 5408> <RAM>
ST_7 : Operation 107 [1/1] (0.00ns)   --->   "%empty_8 = call i32 (...)* @_ssdm_op_SpecRegionEnd([14 x i8]* @p_str3, i32 %tmp_4) nounwind" [pool/pooling.cpp:33]   --->   Operation 107 'specregionend' 'empty_8' <Predicate = (icmp_ln23_1)> <Delay = 0.00>
ST_7 : Operation 108 [1/1] (0.00ns)   --->   "%zext_ln35 = zext i4 %c_0 to i8" [pool/pooling.cpp:35]   --->   Operation 108 'zext' 'zext_ln35' <Predicate = (icmp_ln23_1)> <Delay = 0.00>
ST_7 : Operation 109 [1/1] (1.91ns)   --->   "%add_ln35 = add i8 %phi_mul, %zext_ln35" [pool/pooling.cpp:35]   --->   Operation 109 'add' 'add_ln35' <Predicate = (icmp_ln23_1)> <Delay = 1.91> <Core = "AddSub">   --->   Core 14 'AddSub' <Latency = 0> <II = 1> <Delay = 1.67> <FuncUnit> <Opcode : 'add' 'sub'> <InPorts = 2> <OutPorts = 1>
ST_7 : Operation 110 [1/1] (0.00ns)   --->   "%tmp_11 = call i13 @_ssdm_op_BitConcatenate.i13.i8.i5(i8 %add_ln35, i5 0)" [pool/pooling.cpp:35]   --->   Operation 110 'bitconcatenate' 'tmp_11' <Predicate = (icmp_ln23_1)> <Delay = 0.00>
ST_7 : Operation 111 [1/1] (0.00ns)   --->   "%zext_ln35_1 = zext i13 %tmp_11 to i14" [pool/pooling.cpp:35]   --->   Operation 111 'zext' 'zext_ln35_1' <Predicate = (icmp_ln23_1)> <Delay = 0.00>
ST_7 : Operation 112 [1/1] (1.67ns)   --->   "%add_ln35_1 = add i14 %zext_ln35_1, %zext_ln13_1" [pool/pooling.cpp:35]   --->   Operation 112 'add' 'add_ln35_1' <Predicate = (icmp_ln23_1)> <Delay = 1.67> <Core = "AddSub">   --->   Core 14 'AddSub' <Latency = 0> <II = 1> <Delay = 1.67> <FuncUnit> <Opcode : 'add' 'sub'> <InPorts = 2> <OutPorts = 1>
ST_7 : Operation 113 [1/1] (0.00ns)   --->   "%zext_ln35_2 = zext i14 %add_ln35_1 to i64" [pool/pooling.cpp:35]   --->   Operation 113 'zext' 'zext_ln35_2' <Predicate = (icmp_ln23_1)> <Delay = 0.00>
ST_7 : Operation 114 [1/1] (0.00ns)   --->   "%max_pool_1_out_addr = getelementptr [5408 x float]* %max_pool_1_out, i64 0, i64 %zext_ln35_2" [pool/pooling.cpp:35]   --->   Operation 114 'getelementptr' 'max_pool_1_out_addr' <Predicate = (icmp_ln23_1)> <Delay = 0.00>
ST_7 : Operation 115 [1/1] (3.25ns)   --->   "store float %max_1_1, float* %max_pool_1_out_addr, align 4" [pool/pooling.cpp:35]   --->   Operation 115 'store' <Predicate = (icmp_ln23_1)> <Delay = 3.25> <Core = "RAM">   --->   Core 37 'RAM' <Latency = 1> <II = 1> <Delay = 3.25> <Storage> <Opcode : 'load' 'store'> <Ports = 2> <Width = 32> <Depth = 5408> <RAM>
ST_7 : Operation 116 [1/1] (0.00ns)   --->   "br label %3" [pool/pooling.cpp:16]   --->   Operation 116 'br' <Predicate = (icmp_ln23_1)> <Delay = 0.00>

State 8 <SV = 6> <Delay = 11.7>
ST_8 : Operation 117 [1/1] (0.00ns)   --->   "call void (...)* @_ssdm_op_SpecLoopName([14 x i8]* @p_str5) nounwind" [pool/pooling.cpp:24]   --->   Operation 117 'specloopname' <Predicate = true> <Delay = 0.00>
ST_8 : Operation 118 [1/2] (3.25ns)   --->   "%conv_1_out_load_1 = load float* %conv_1_out_addr_1, align 4" [pool/pooling.cpp:28]   --->   Operation 118 'load' 'conv_1_out_load_1' <Predicate = true> <Delay = 3.25> <Core = "RAM">   --->   Core 37 'RAM' <Latency = 1> <II = 1> <Delay = 3.25> <Storage> <Opcode : 'load' 'store'> <Ports = 2> <Width = 32> <Depth = 5408> <RAM>
ST_8 : Operation 119 [1/1] (0.00ns)   --->   "%bitcast_ln28_2 = bitcast float %conv_1_out_load_1 to i32" [pool/pooling.cpp:28]   --->   Operation 119 'bitcast' 'bitcast_ln28_2' <Predicate = true> <Delay = 0.00>
ST_8 : Operation 120 [1/1] (0.00ns)   --->   "%tmp_7 = call i8 @_ssdm_op_PartSelect.i8.i32.i32.i32(i32 %bitcast_ln28_2, i32 23, i32 30)" [pool/pooling.cpp:28]   --->   Operation 120 'partselect' 'tmp_7' <Predicate = true> <Delay = 0.00>
ST_8 : Operation 121 [1/1] (0.00ns)   --->   "%trunc_ln28_2 = trunc i32 %bitcast_ln28_2 to i23" [pool/pooling.cpp:28]   --->   Operation 121 'trunc' 'trunc_ln28_2' <Predicate = true> <Delay = 0.00>
ST_8 : Operation 122 [1/1] (0.00ns)   --->   "%bitcast_ln28_3 = bitcast float %max_1_1 to i32" [pool/pooling.cpp:28]   --->   Operation 122 'bitcast' 'bitcast_ln28_3' <Predicate = true> <Delay = 0.00>
ST_8 : Operation 123 [1/1] (0.00ns)   --->   "%tmp_8 = call i8 @_ssdm_op_PartSelect.i8.i32.i32.i32(i32 %bitcast_ln28_3, i32 23, i32 30)" [pool/pooling.cpp:28]   --->   Operation 123 'partselect' 'tmp_8' <Predicate = true> <Delay = 0.00>
ST_8 : Operation 124 [1/1] (0.00ns)   --->   "%trunc_ln28_3 = trunc i32 %bitcast_ln28_3 to i23" [pool/pooling.cpp:28]   --->   Operation 124 'trunc' 'trunc_ln28_3' <Predicate = true> <Delay = 0.00>
ST_8 : Operation 125 [1/1] (1.55ns)   --->   "%icmp_ln28_4 = icmp ne i8 %tmp_7, -1" [pool/pooling.cpp:28]   --->   Operation 125 'icmp' 'icmp_ln28_4' <Predicate = true> <Delay = 1.55> <Core = "Cmp">   --->   Core 25 'Cmp' <Latency = 0> <II = 1> <Delay = 2.44> <FuncUnit> <Opcode : 'icmp'> <InPorts = 2> <OutPorts = 1>
ST_8 : Operation 126 [1/1] (2.44ns)   --->   "%icmp_ln28_5 = icmp eq i23 %trunc_ln28_2, 0" [pool/pooling.cpp:28]   --->   Operation 126 'icmp' 'icmp_ln28_5' <Predicate = true> <Delay = 2.44> <Core = "Cmp">   --->   Core 25 'Cmp' <Latency = 0> <II = 1> <Delay = 2.44> <FuncUnit> <Opcode : 'icmp'> <InPorts = 2> <OutPorts = 1>
ST_8 : Operation 127 [1/1] (0.00ns) (grouped into LUT with out node and_ln28_3)   --->   "%or_ln28_2 = or i1 %icmp_ln28_5, %icmp_ln28_4" [pool/pooling.cpp:28]   --->   Operation 127 'or' 'or_ln28_2' <Predicate = true> <Delay = 0.00> <Core = "LogicGate">   --->   Core 27 'LogicGate' <Latency = 0> <II = 1> <Delay = 0.97> <FuncUnit> <Opcode : 'and' 'or' 'xor'> <InPorts = 2> <OutPorts = 1>
ST_8 : Operation 128 [1/1] (1.55ns)   --->   "%icmp_ln28_6 = icmp ne i8 %tmp_8, -1" [pool/pooling.cpp:28]   --->   Operation 128 'icmp' 'icmp_ln28_6' <Predicate = true> <Delay = 1.55> <Core = "Cmp">   --->   Core 25 'Cmp' <Latency = 0> <II = 1> <Delay = 2.44> <FuncUnit> <Opcode : 'icmp'> <InPorts = 2> <OutPorts = 1>
ST_8 : Operation 129 [1/1] (2.44ns)   --->   "%icmp_ln28_7 = icmp eq i23 %trunc_ln28_3, 0" [pool/pooling.cpp:28]   --->   Operation 129 'icmp' 'icmp_ln28_7' <Predicate = true> <Delay = 2.44> <Core = "Cmp">   --->   Core 25 'Cmp' <Latency = 0> <II = 1> <Delay = 2.44> <FuncUnit> <Opcode : 'icmp'> <InPorts = 2> <OutPorts = 1>
ST_8 : Operation 130 [1/1] (0.00ns) (grouped into LUT with out node and_ln28_3)   --->   "%or_ln28_3 = or i1 %icmp_ln28_7, %icmp_ln28_6" [pool/pooling.cpp:28]   --->   Operation 130 'or' 'or_ln28_3' <Predicate = true> <Delay = 0.00> <Core = "LogicGate">   --->   Core 27 'LogicGate' <Latency = 0> <II = 1> <Delay = 0.97> <FuncUnit> <Opcode : 'and' 'or' 'xor'> <InPorts = 2> <OutPorts = 1>
ST_8 : Operation 131 [1/1] (0.00ns) (grouped into LUT with out node and_ln28_3)   --->   "%and_ln28_2 = and i1 %or_ln28_2, %or_ln28_3" [pool/pooling.cpp:28]   --->   Operation 131 'and' 'and_ln28_2' <Predicate = true> <Delay = 0.00> <Core = "LogicGate">   --->   Core 27 'LogicGate' <Latency = 0> <II = 1> <Delay = 0.97> <FuncUnit> <Opcode : 'and' 'or' 'xor'> <InPorts = 2> <OutPorts = 1>
ST_8 : Operation 132 [1/1] (6.78ns)   --->   "%tmp_9 = fcmp ogt float %conv_1_out_load_1, %max_1_1" [pool/pooling.cpp:28]   --->   Operation 132 'fcmp' 'tmp_9' <Predicate = true> <Delay = 6.78> <Core = "FCmp">   --->   Core 111 'FCmp' <Latency = 0> <II = 1> <Delay = 6.78> <FuncUnit> <Opcode : 'fcmp'> <InPorts = 2> <OutPorts = 1>
ST_8 : Operation 133 [1/1] (0.97ns) (out node of the LUT)   --->   "%and_ln28_3 = and i1 %and_ln28_2, %tmp_9" [pool/pooling.cpp:28]   --->   Operation 133 'and' 'and_ln28_3' <Predicate = true> <Delay = 0.97> <Core = "LogicGate">   --->   Core 27 'LogicGate' <Latency = 0> <II = 1> <Delay = 0.97> <FuncUnit> <Opcode : 'and' 'or' 'xor'> <InPorts = 2> <OutPorts = 1>
ST_8 : Operation 134 [1/1] (0.69ns) (out node of the LUT)   --->   "%select_ln28_1 = select i1 %and_ln28_3, float %conv_1_out_load_1, float %max_1_1" [pool/pooling.cpp:28]   --->   Operation 134 'select' 'select_ln28_1' <Predicate = true> <Delay = 0.69> <Core = "Sel">   --->   Core 26 'Sel' <Latency = 0> <II = 1> <Delay = 0.69> <FuncUnit> <Opcode : 'select'> <InPorts = 3> <OutPorts = 1>
ST_8 : Operation 135 [1/1] (0.00ns)   --->   "br label %5" [pool/pooling.cpp:23]   --->   Operation 135 'br' <Predicate = true> <Delay = 0.00>


============================================================
+ Verbose Summary: Timing violations
============================================================
Target clock period: 40ns, clock uncertainty: 5ns.

 <State 1>: 1.77ns
The critical path consists of the following:
	multiplexor before 'phi' operation ('f') with incoming values : ('f', pool/pooling.cpp:10) [8]  (1.77 ns)

 <State 2>: 1.83ns
The critical path consists of the following:
	'phi' operation ('f') with incoming values : ('f', pool/pooling.cpp:10) [8]  (0 ns)
	'add' operation ('f', pool/pooling.cpp:10) [11]  (1.83 ns)

 <State 3>: 3.78ns
The critical path consists of the following:
	'phi' operation ('r') with incoming values : ('r', pool/pooling.cpp:13) [20]  (0 ns)
	'mul' operation ('mul_ln28', pool/pooling.cpp:28) [32]  (3.78 ns)

 <State 4>: 1.77ns
The critical path consists of the following:
	multiplexor before 'phi' operation ('max_1_0', pool/pooling.cpp:28) with incoming values : ('select_ln28', pool/pooling.cpp:28) [49]  (1.77 ns)

 <State 5>: 8.71ns
The critical path consists of the following:
	'phi' operation ('mpc_0_0', pool/pooling.cpp:23) with incoming values : ('add_ln23', pool/pooling.cpp:23) [50]  (0 ns)
	'add' operation ('add_ln26', pool/pooling.cpp:26) [58]  (1.78 ns)
	'add' operation ('add_ln28', pool/pooling.cpp:28) [60]  (1.73 ns)
	'add' operation ('add_ln28_1', pool/pooling.cpp:28) [63]  (1.94 ns)
	'getelementptr' operation ('conv_1_out_addr', pool/pooling.cpp:28) [65]  (0 ns)
	'load' operation ('conv_1_out_load', pool/pooling.cpp:28) on array 'conv_1_out' [66]  (3.25 ns)

 <State 6>: 11.7ns
The critical path consists of the following:
	'load' operation ('conv_1_out_load', pool/pooling.cpp:28) on array 'conv_1_out' [66]  (3.25 ns)
	'fcmp' operation ('tmp_6', pool/pooling.cpp:28) [80]  (6.79 ns)
	'and' operation ('and_ln28_1', pool/pooling.cpp:28) [81]  (0.978 ns)
	'select' operation ('select_ln28', pool/pooling.cpp:28) [82]  (0.698 ns)

 <State 7>: 8.71ns
The critical path consists of the following:
	'phi' operation ('mpc_0_1', pool/pooling.cpp:23) with incoming values : ('add_ln23_1', pool/pooling.cpp:23) [90]  (0 ns)
	'add' operation ('add_ln26_1', pool/pooling.cpp:26) [98]  (1.78 ns)
	'add' operation ('add_ln28_2', pool/pooling.cpp:28) [100]  (1.73 ns)
	'add' operation ('add_ln28_3', pool/pooling.cpp:28) [103]  (1.94 ns)
	'getelementptr' operation ('conv_1_out_addr_1', pool/pooling.cpp:28) [105]  (0 ns)
	'load' operation ('conv_1_out_load_1', pool/pooling.cpp:28) on array 'conv_1_out' [106]  (3.25 ns)

 <State 8>: 11.7ns
The critical path consists of the following:
	'load' operation ('conv_1_out_load_1', pool/pooling.cpp:28) on array 'conv_1_out' [106]  (3.25 ns)
	'fcmp' operation ('tmp_9', pool/pooling.cpp:28) [120]  (6.79 ns)
	'and' operation ('and_ln28_3', pool/pooling.cpp:28) [121]  (0.978 ns)
	'select' operation ('select_ln28_1', pool/pooling.cpp:28) [122]  (0.698 ns)


============================================================
+ Verbose Summary: Binding
============================================================
N/A
* FSMD analyzer results:
  - Output states:
 - Input state : 
  - Chain level:
	State 1
	State 2
	State 3
	State 4
	State 5
	State 6
	State 7
	State 8


============================================================
+ Verbose Summary: Datapath Resource usage 
============================================================
N/A
