19:51:19 **** Incremental Build of configuration Debug for project cnn_gpio_emio_led ****
make pre-build main-build 
a9-linaro-pre-build-step
' '
make: Nothing to be done for 'main-build'.
19:51:24 **** Incremental Build of configuration Debug for project cnn_gpio_emio_led ****
make pre-build main-build 
a9-linaro-pre-build-step
' '
make: Nothing to be done for 'main-build'.
19:52:02 **** Auto Build of configuration Debug for project cnn_gpio_emio_led ****
make pre-build main-build 
a9-linaro-pre-build-step
' '
'Building file: ../src/helloworld.c'
'Invoking: ARM v7 gcc compiler'
arm-none-eabi-gcc -Wall -O0 -g3 -c -fmessage-length=0 -MT"src/helloworld.o" -mcpu=cortex-a9 -mfpu=vfpv3 -mfloat-abi=hard -I../../cnn_gpio_emio_led_bsp/ps7_cortexa9_0/include -MMD -MP -MF"src/helloworld.d" -MT"src/helloworld.o" -o "src/helloworld.o" "../src/helloworld.c"
In file included from ../src/helloworld.c:4:
../../cnn_gpio_emio_led_bsp/ps7_cortexa9_0/include/xtime_l.h:87:9: note: #pragma message: For the sleep routines, Global timer is being used
 #pragma message ("For the sleep routines, Global timer is being used")
         ^~~~~~~
'Finished building: ../src/helloworld.c'
' '
'Building target: cnn_gpio_emio_led.elf'
'Invoking: ARM v7 gcc linker'
arm-none-eabi-gcc -mcpu=cortex-a9 -mfpu=vfpv3 -mfloat-abi=hard -Wl,-build-id=none -specs=Xilinx.spec -Wl,-T -Wl,../src/lscript.ld -L../../cnn_gpio_emio_led_bsp/ps7_cortexa9_0/lib -o "cnn_gpio_emio_led.elf"  ./src/helloworld.o ./src/platform.o   -Wl,--start-group,-lxil,-lgcc,-lc,--end-group
'Finished building target: cnn_gpio_emio_led.elf'
' '
'Invoking: ARM v7 Print Size'
arm-none-eabi-size cnn_gpio_emio_led.elf  |tee "cnn_gpio_emio_led.elf.size"
   text	   data	    bss	    dec	    hex	filename
  71352	   2608	  23376	  97336	  17c38	cnn_gpio_emio_led.elf
'Finished building: cnn_gpio_emio_led.elf.size'
' '
19:52:07 **** Incremental Build of configuration Debug for project cnn_gpio_emio_led ****
make pre-build main-build 
a9-linaro-pre-build-step
' '
make: Nothing to be done for 'main-build'.
19:52:26 **** Auto Build of configuration Debug for project cnn_gpio_emio_led ****
make pre-build main-build 
a9-linaro-pre-build-step
' '
'Building file: ../src/helloworld.c'
'Invoking: ARM v7 gcc compiler'
arm-none-eabi-gcc -Wall -O0 -g3 -c -fmessage-length=0 -MT"src/helloworld.o" -mcpu=cortex-a9 -mfpu=vfpv3 -mfloat-abi=hard -I../../cnn_gpio_emio_led_bsp/ps7_cortexa9_0/include -MMD -MP -MF"src/helloworld.d" -MT"src/helloworld.o" -o "src/helloworld.o" "../src/helloworld.c"
In file included from ../src/helloworld.c:4:
../../cnn_gpio_emio_led_bsp/ps7_cortexa9_0/include/xtime_l.h:87:9: note: #pragma message: For the sleep routines, Global timer is being used
 #pragma message ("For the sleep routines, Global timer is being used")
         ^~~~~~~
'Finished building: ../src/helloworld.c'
' '
'Building target: cnn_gpio_emio_led.elf'
'Invoking: ARM v7 gcc linker'
arm-none-eabi-gcc -mcpu=cortex-a9 -mfpu=vfpv3 -mfloat-abi=hard -Wl,-build-id=none -specs=Xilinx.spec -Wl,-T -Wl,../src/lscript.ld -L../../cnn_gpio_emio_led_bsp/ps7_cortexa9_0/lib -o "cnn_gpio_emio_led.elf"  ./src/helloworld.o ./src/platform.o   -Wl,--start-group,-lxil,-lgcc,-lc,--end-group
'Finished building target: cnn_gpio_emio_led.elf'
' '
'Invoking: ARM v7 Print Size'
arm-none-eabi-size cnn_gpio_emio_led.elf  |tee "cnn_gpio_emio_led.elf.size"
   text	   data	    bss	    dec	    hex	filename
  71352	   2608	  23376	  97336	  17c38	cnn_gpio_emio_led.elf
'Finished building: cnn_gpio_emio_led.elf.size'
' '
19:52:41 **** Incremental Build of configuration Debug for project cnn_gpio_emio_led ****
make pre-build main-build 
a9-linaro-pre-build-step
' '
make: Nothing to be done for 'main-build'.
19:53:11 **** Auto Build of configuration Debug for project cnn_gpio_emio_led ****
make pre-build main-build 
a9-linaro-pre-build-step
' '
'Building file: ../src/helloworld.c'
'Invoking: ARM v7 gcc compiler'
arm-none-eabi-gcc -Wall -O0 -g3 -c -fmessage-length=0 -MT"src/helloworld.o" -mcpu=cortex-a9 -mfpu=vfpv3 -mfloat-abi=hard -I../../cnn_gpio_emio_led_bsp/ps7_cortexa9_0/include -MMD -MP -MF"src/helloworld.d" -MT"src/helloworld.o" -o "src/helloworld.o" "../src/helloworld.c"
In file included from ../src/helloworld.c:4:
../../cnn_gpio_emio_led_bsp/ps7_cortexa9_0/include/xtime_l.h:87:9: note: #pragma message: For the sleep routines, Global timer is being used
 #pragma message ("For the sleep routines, Global timer is being used")
         ^~~~~~~
'Finished building: ../src/helloworld.c'
' '
'Building target: cnn_gpio_emio_led.elf'
'Invoking: ARM v7 gcc linker'
arm-none-eabi-gcc -mcpu=cortex-a9 -mfpu=vfpv3 -mfloat-abi=hard -Wl,-build-id=none -specs=Xilinx.spec -Wl,-T -Wl,../src/lscript.ld -L../../cnn_gpio_emio_led_bsp/ps7_cortexa9_0/lib -o "cnn_gpio_emio_led.elf"  ./src/helloworld.o ./src/platform.o   -Wl,--start-group,-lxil,-lgcc,-lc,--end-group
'Finished building target: cnn_gpio_emio_led.elf'
' '
'Invoking: ARM v7 Print Size'
arm-none-eabi-size cnn_gpio_emio_led.elf  |tee "cnn_gpio_emio_led.elf.size"
   text	   data	    bss	    dec	    hex	filename
  71352	   2608	  23376	  97336	  17c38	cnn_gpio_emio_led.elf
'Finished building: cnn_gpio_emio_led.elf.size'
' '
19:53:14 **** Incremental Build of configuration Debug for project cnn_gpio_emio_led ****
make pre-build main-build 
a9-linaro-pre-build-step
' '
make: Nothing to be done for 'main-build'.
19:53:28 **** Auto Build of configuration Debug for project cnn_gpio_emio_led ****
make pre-build main-build 
a9-linaro-pre-build-step
' '
'Building file: ../src/helloworld.c'
'Invoking: ARM v7 gcc compiler'
arm-none-eabi-gcc -Wall -O0 -g3 -c -fmessage-length=0 -MT"src/helloworld.o" -mcpu=cortex-a9 -mfpu=vfpv3 -mfloat-abi=hard -I../../cnn_gpio_emio_led_bsp/ps7_cortexa9_0/include -MMD -MP -MF"src/helloworld.d" -MT"src/helloworld.o" -o "src/helloworld.o" "../src/helloworld.c"
In file included from ../src/helloworld.c:4:
../../cnn_gpio_emio_led_bsp/ps7_cortexa9_0/include/xtime_l.h:87:9: note: #pragma message: For the sleep routines, Global timer is being used
 #pragma message ("For the sleep routines, Global timer is being used")
         ^~~~~~~
'Finished building: ../src/helloworld.c'
' '
'Building target: cnn_gpio_emio_led.elf'
'Invoking: ARM v7 gcc linker'
arm-none-eabi-gcc -mcpu=cortex-a9 -mfpu=vfpv3 -mfloat-abi=hard -Wl,-build-id=none -specs=Xilinx.spec -Wl,-T -Wl,../src/lscript.ld -L../../cnn_gpio_emio_led_bsp/ps7_cortexa9_0/lib -o "cnn_gpio_emio_led.elf"  ./src/helloworld.o ./src/platform.o   -Wl,--start-group,-lxil,-lgcc,-lc,--end-group
'Finished building target: cnn_gpio_emio_led.elf'
' '
'Invoking: ARM v7 Print Size'
arm-none-eabi-size cnn_gpio_emio_led.elf  |tee "cnn_gpio_emio_led.elf.size"
   text	   data	    bss	    dec	    hex	filename
  71352	   2608	  23376	  97336	  17c38	cnn_gpio_emio_led.elf
'Finished building: cnn_gpio_emio_led.elf.size'
' '
19:53:30 **** Incremental Build of configuration Debug for project cnn_gpio_emio_led ****
make pre-build main-build 
a9-linaro-pre-build-step
' '
make: Nothing to be done for 'main-build'.
19:53:49 **** Auto Build of configuration Debug for project cnn_gpio_emio_led ****
make pre-build main-build 
a9-linaro-pre-build-step
' '
'Building file: ../src/helloworld.c'
'Invoking: ARM v7 gcc compiler'
arm-none-eabi-gcc -Wall -O0 -g3 -c -fmessage-length=0 -MT"src/helloworld.o" -mcpu=cortex-a9 -mfpu=vfpv3 -mfloat-abi=hard -I../../cnn_gpio_emio_led_bsp/ps7_cortexa9_0/include -MMD -MP -MF"src/helloworld.d" -MT"src/helloworld.o" -o "src/helloworld.o" "../src/helloworld.c"
In file included from ../src/helloworld.c:4:
../../cnn_gpio_emio_led_bsp/ps7_cortexa9_0/include/xtime_l.h:87:9: note: #pragma message: For the sleep routines, Global timer is being used
 #pragma message ("For the sleep routines, Global timer is being used")
         ^~~~~~~
'Finished building: ../src/helloworld.c'
' '
'Building target: cnn_gpio_emio_led.elf'
'Invoking: ARM v7 gcc linker'
arm-none-eabi-gcc -mcpu=cortex-a9 -mfpu=vfpv3 -mfloat-abi=hard -Wl,-build-id=none -specs=Xilinx.spec -Wl,-T -Wl,../src/lscript.ld -L../../cnn_gpio_emio_led_bsp/ps7_cortexa9_0/lib -o "cnn_gpio_emio_led.elf"  ./src/helloworld.o ./src/platform.o   -Wl,--start-group,-lxil,-lgcc,-lc,--end-group
'Finished building target: cnn_gpio_emio_led.elf'
' '
'Invoking: ARM v7 Print Size'
arm-none-eabi-size cnn_gpio_emio_led.elf  |tee "cnn_gpio_emio_led.elf.size"
   text	   data	    bss	    dec	    hex	filename
  71352	   2608	  23376	  97336	  17c38	cnn_gpio_emio_led.elf
'Finished building: cnn_gpio_emio_led.elf.size'
' '
19:53:51 **** Incremental Build of configuration Debug for project cnn_gpio_emio_led ****
make pre-build main-build 
a9-linaro-pre-build-step
' '
make: Nothing to be done for 'main-build'.
18:49:00 **** Auto Build of configuration Debug for project cnn_gpio_emio_led ****
make pre-build main-build 
a9-linaro-pre-build-step
' '
'Building file: ../src/helloworld.c'
'Invoking: ARM v7 gcc compiler'
arm-none-eabi-gcc -Wall -O0 -g3 -c -fmessage-length=0 -MT"src/helloworld.o" -mcpu=cortex-a9 -mfpu=vfpv3 -mfloat-abi=hard -I../../cnn_gpio_emio_led_bsp/ps7_cortexa9_0/include -MMD -MP -MF"src/helloworld.d" -MT"src/helloworld.o" -o "src/helloworld.o" "../src/helloworld.c"
In file included from ../src/helloworld.c:4:
../../cnn_gpio_emio_led_bsp/ps7_cortexa9_0/include/xtime_l.h:87:9: note: #pragma message: For the sleep routines, Global timer is being used
 #pragma message ("For the sleep routines, Global timer is being used")
         ^~~~~~~
'Finished building: ../src/helloworld.c'
' '
'Building target: cnn_gpio_emio_led.elf'
'Invoking: ARM v7 gcc linker'
arm-none-eabi-gcc -mcpu=cortex-a9 -mfpu=vfpv3 -mfloat-abi=hard -Wl,-build-id=none -specs=Xilinx.spec -Wl,-T -Wl,../src/lscript.ld -L../../cnn_gpio_emio_led_bsp/ps7_cortexa9_0/lib -o "cnn_gpio_emio_led.elf"  ./src/helloworld.o ./src/platform.o   -Wl,--start-group,-lxil,-lgcc,-lc,--end-group
'Finished building target: cnn_gpio_emio_led.elf'
' '
'Invoking: ARM v7 Print Size'
arm-none-eabi-size cnn_gpio_emio_led.elf  |tee "cnn_gpio_emio_led.elf.size"
   text	   data	    bss	    dec	    hex	filename
  71352	   2608	  23376	  97336	  17c38	cnn_gpio_emio_led.elf
'Finished building: cnn_gpio_emio_led.elf.size'
' '
18:50:21 **** Incremental Build of configuration Debug for project cnn_gpio_emio_led ****
make pre-build main-build 
a9-linaro-pre-build-step
' '
make: Nothing to be done for 'main-build'.
18:52:20 **** Auto Build of configuration Debug for project cnn_gpio_emio_led ****
make pre-build main-build 
a9-linaro-pre-build-step
' '
'Building file: ../src/helloworld.c'
'Invoking: ARM v7 gcc compiler'
arm-none-eabi-gcc -Wall -O0 -g3 -c -fmessage-length=0 -MT"src/helloworld.o" -mcpu=cortex-a9 -mfpu=vfpv3 -mfloat-abi=hard -I../../cnn_gpio_emio_led_bsp/ps7_cortexa9_0/include -MMD -MP -MF"src/helloworld.d" -MT"src/helloworld.o" -o "src/helloworld.o" "../src/helloworld.c"
In file included from ../src/helloworld.c:4:
../../cnn_gpio_emio_led_bsp/ps7_cortexa9_0/include/xtime_l.h:87:9: note: #pragma message: For the sleep routines, Global timer is being used
 #pragma message ("For the sleep routines, Global timer is being used")
         ^~~~~~~
'Finished building: ../src/helloworld.c'
' '
'Building target: cnn_gpio_emio_led.elf'
'Invoking: ARM v7 gcc linker'
arm-none-eabi-gcc -mcpu=cortex-a9 -mfpu=vfpv3 -mfloat-abi=hard -Wl,-build-id=none -specs=Xilinx.spec -Wl,-T -Wl,../src/lscript.ld -L../../cnn_gpio_emio_led_bsp/ps7_cortexa9_0/lib -o "cnn_gpio_emio_led.elf"  ./src/helloworld.o ./src/platform.o   -Wl,--start-group,-lxil,-lgcc,-lc,--end-group
'Finished building target: cnn_gpio_emio_led.elf'
' '
'Invoking: ARM v7 Print Size'
arm-none-eabi-size cnn_gpio_emio_led.elf  |tee "cnn_gpio_emio_led.elf.size"
   text	   data	    bss	    dec	    hex	filename
  71352	   2608	  23376	  97336	  17c38	cnn_gpio_emio_led.elf
'Finished building: cnn_gpio_emio_led.elf.size'
' '
18:52:25 **** Incremental Build of configuration Debug for project cnn_gpio_emio_led ****
make pre-build main-build 
a9-linaro-pre-build-step
' '
make: Nothing to be done for 'main-build'.
10:34:46 **** Incremental Build of configuration Debug for project cnn_gpio_emio_led ****
make pre-build main-build 
a9-linaro-pre-build-step
' '
make: Nothing to be done for 'main-build'.
