

================================================================
== Vivado HLS Report for 'dense'
================================================================
* Date:           Sun Aug 13 15:51:35 2023

* Version:        2020.1 (Build 2897737 on Wed May 27 20:21:37 MDT 2020)
* Project:        dense
* Solution:       S7
* Product family: virtex7
* Target device:  xc7vx485t-ffg1157-1


================================================================
== Performance Estimates
================================================================
+ Timing: 
    * Summary: 
    +--------+----------+-----------+------------+
    |  Clock |  Target  | Estimated | Uncertainty|
    +--------+----------+-----------+------------+
    |ap_clk  | 40.00 ns | 31.958 ns |   5.00 ns  |
    +--------+----------+-----------+------------+

+ Latency: 
    * Summary: 
    +---------+---------+----------+----------+-----+-----+---------+
    |  Latency (cycles) |  Latency (absolute) |  Interval | Pipeline|
    |   min   |   max   |    min   |    max   | min | max |   Type  |
    +---------+---------+----------+----------+-----+-----+---------+
    |       27|       27| 1.080 us | 1.080 us |   27|   27|   none  |
    +---------+---------+----------+----------+-----+-----+---------+

    + Detail: 
        * Instance: 
        N/A

        * Loop: 
        +----------------------+---------+---------+----------+-----------+-----------+------+----------+
        |                      |  Latency (cycles) | Iteration|  Initiation Interval  | Trip |          |
        |       Loop Name      |   min   |   max   |  Latency |  achieved |   target  | Count| Pipelined|
        +----------------------+---------+---------+----------+-----------+-----------+------+----------+
        |- memset_dense_array  |        2|        2|         1|          -|          -|     3|    no    |
        |- Dense_Loop          |       11|       11|        10|          1|          1|     3|    yes   |
        +----------------------+---------+---------+----------+-----------+-----------+------+----------+

============================================================
+ Verbose Summary: Synthesis Manager
============================================================
InlineROM: 1
ExposeGlobal: 0
============================================================
+ Verbose Summary: CDFG Model
============================================================
IsTopModel: 1
ResetActiveHigh: 1
IsCombinational: 0
IsDatapathOnly: 0
HasWiredReturn: 1
HasMFsm: 0
HasVarLatency: 1
IsPipeline: 0
IsRtlPipelined: 0
IsInstanceOverlapped: 0
IsDontTouch: 0
HasImplIP: 0
IsGatedGlobalClock: 0

+ Individual pipeline summary: 
  * Pipeline-0: initiation interval (II) = 1, depth = 10


============================================================
+ Verbose Summary: Schedule
============================================================
* Number of FSM states : 24
* Pipeline : 1
  Pipeline-0 : II = 1, D = 10, States = { 3 4 5 6 7 8 9 10 11 12 }
* Dataflow Pipeline: 0

* FSM state transitions: 
1 --> 2 
2 --> 2 3 
3 --> 13 4 
4 --> 5 
5 --> 6 
6 --> 7 
7 --> 8 
8 --> 9 
9 --> 10 
10 --> 11 
11 --> 12 
12 --> 3 
13 --> 14 
14 --> 15 
15 --> 16 
16 --> 17 
17 --> 18 
18 --> 19 
19 --> 20 
20 --> 21 
21 --> 22 
22 --> 23 
23 --> 24 
24 --> 

* FSM state operations: 

State 1 <SV = 0> <Delay = 1.18>
ST_1 : Operation 25 [1/1] (0.00ns)   --->   "%dense_array_0_0 = alloca float"   --->   Operation 25 'alloca' 'dense_array_0_0' <Predicate = true> <Delay = 0.00>
ST_1 : Operation 26 [1/1] (0.00ns)   --->   "%dense_array_1_0 = alloca float"   --->   Operation 26 'alloca' 'dense_array_1_0' <Predicate = true> <Delay = 0.00>
ST_1 : Operation 27 [1/1] (0.00ns)   --->   "%dense_array_2_0 = alloca float"   --->   Operation 27 'alloca' 'dense_array_2_0' <Predicate = true> <Delay = 0.00>
ST_1 : Operation 28 [1/1] (0.00ns)   --->   "call void (...)* @_ssdm_op_SpecBitsMap(float* %prediction_2), !map !16"   --->   Operation 28 'specbitsmap' <Predicate = true> <Delay = 0.00>
ST_1 : Operation 29 [1/1] (0.00ns)   --->   "call void (...)* @_ssdm_op_SpecBitsMap(float* %prediction_1), !map !22"   --->   Operation 29 'specbitsmap' <Predicate = true> <Delay = 0.00>
ST_1 : Operation 30 [1/1] (0.00ns)   --->   "call void (...)* @_ssdm_op_SpecBitsMap(float* %prediction_0), !map !28"   --->   Operation 30 'specbitsmap' <Predicate = true> <Delay = 0.00>
ST_1 : Operation 31 [1/1] (0.00ns)   --->   "call void (...)* @_ssdm_op_SpecBitsMap(float* %flat_array_7), !map !34"   --->   Operation 31 'specbitsmap' <Predicate = true> <Delay = 0.00>
ST_1 : Operation 32 [1/1] (0.00ns)   --->   "call void (...)* @_ssdm_op_SpecBitsMap(float* %flat_array_6), !map !40"   --->   Operation 32 'specbitsmap' <Predicate = true> <Delay = 0.00>
ST_1 : Operation 33 [1/1] (0.00ns)   --->   "call void (...)* @_ssdm_op_SpecBitsMap(float* %flat_array_5), !map !46"   --->   Operation 33 'specbitsmap' <Predicate = true> <Delay = 0.00>
ST_1 : Operation 34 [1/1] (0.00ns)   --->   "call void (...)* @_ssdm_op_SpecBitsMap(float* %flat_array_4), !map !52"   --->   Operation 34 'specbitsmap' <Predicate = true> <Delay = 0.00>
ST_1 : Operation 35 [1/1] (0.00ns)   --->   "call void (...)* @_ssdm_op_SpecBitsMap(float* %flat_array_3), !map !58"   --->   Operation 35 'specbitsmap' <Predicate = true> <Delay = 0.00>
ST_1 : Operation 36 [1/1] (0.00ns)   --->   "call void (...)* @_ssdm_op_SpecBitsMap(float* %flat_array_2), !map !64"   --->   Operation 36 'specbitsmap' <Predicate = true> <Delay = 0.00>
ST_1 : Operation 37 [1/1] (0.00ns)   --->   "call void (...)* @_ssdm_op_SpecBitsMap(float* %flat_array_1), !map !68"   --->   Operation 37 'specbitsmap' <Predicate = true> <Delay = 0.00>
ST_1 : Operation 38 [1/1] (0.00ns)   --->   "call void (...)* @_ssdm_op_SpecBitsMap(float* %flat_array_0), !map !72"   --->   Operation 38 'specbitsmap' <Predicate = true> <Delay = 0.00>
ST_1 : Operation 39 [1/1] (0.00ns)   --->   "call void (...)* @_ssdm_op_SpecTopModule([6 x i8]* @dense_str) nounwind"   --->   Operation 39 'spectopmodule' <Predicate = true> <Delay = 0.00>
ST_1 : Operation 40 [1/1] (1.18ns)   --->   "br label %meminst"   --->   Operation 40 'br' <Predicate = true> <Delay = 1.18>

State 2 <SV = 1> <Delay = 2.40>
ST_2 : Operation 41 [1/1] (0.00ns)   --->   "%phi_ln26 = phi i2 [ 0, %0 ], [ %add_ln26, %meminst ]" [dense.cpp:26]   --->   Operation 41 'phi' 'phi_ln26' <Predicate = true> <Delay = 0.00>
ST_2 : Operation 42 [1/1] (0.00ns)   --->   "%dense_array_0_0_load = load float* %dense_array_0_0"   --->   Operation 42 'load' 'dense_array_0_0_load' <Predicate = true> <Delay = 0.00>
ST_2 : Operation 43 [1/1] (0.00ns)   --->   "%dense_array_1_0_load = load float* %dense_array_1_0"   --->   Operation 43 'load' 'dense_array_1_0_load' <Predicate = true> <Delay = 0.00>
ST_2 : Operation 44 [1/1] (0.00ns)   --->   "%dense_array_2_0_load = load float* %dense_array_2_0"   --->   Operation 44 'load' 'dense_array_2_0_load' <Predicate = true> <Delay = 0.00>
ST_2 : Operation 45 [1/1] (1.00ns)   --->   "%add_ln26 = add i2 %phi_ln26, 1" [dense.cpp:26]   --->   Operation 45 'add' 'add_ln26' <Predicate = true> <Delay = 1.00> <Core = "AddSub">   --->   Core 14 'AddSub' <Latency = 0> <II = 1> <Delay = 1.00> <FuncUnit> <Opcode : 'add' 'sub'> <InPorts = 2> <OutPorts = 1>
ST_2 : Operation 46 [1/1] (0.61ns)   --->   "%icmp_ln26_1 = icmp eq i2 %phi_ln26, 0" [dense.cpp:26]   --->   Operation 46 'icmp' 'icmp_ln26_1' <Predicate = true> <Delay = 0.61> <Core = "Cmp">   --->   Core 25 'Cmp' <Latency = 0> <II = 1> <Delay = 0.61> <FuncUnit> <Opcode : 'icmp'> <InPorts = 2> <OutPorts = 1>
ST_2 : Operation 47 [1/1] (0.00ns) (grouped into LUT with out node dense_array_0_1)   --->   "%select_ln26 = select i1 %icmp_ln26_1, float 0.000000e+00, float %dense_array_0_0_load" [dense.cpp:26]   --->   Operation 47 'select' 'select_ln26' <Predicate = true> <Delay = 0.00> <Core = "Sel">   --->   Core 26 'Sel' <Latency = 0> <II = 1> <Delay = 0.61> <FuncUnit> <Opcode : 'select'> <InPorts = 3> <OutPorts = 1>
ST_2 : Operation 48 [1/1] (0.61ns)   --->   "%icmp_ln26_2 = icmp eq i2 %phi_ln26, 1" [dense.cpp:26]   --->   Operation 48 'icmp' 'icmp_ln26_2' <Predicate = true> <Delay = 0.61> <Core = "Cmp">   --->   Core 25 'Cmp' <Latency = 0> <II = 1> <Delay = 0.61> <FuncUnit> <Opcode : 'icmp'> <InPorts = 2> <OutPorts = 1>
ST_2 : Operation 49 [1/1] (0.61ns) (out node of the LUT)   --->   "%dense_array_0_1 = select i1 %icmp_ln26_2, float %dense_array_0_0_load, float %select_ln26" [dense.cpp:26]   --->   Operation 49 'select' 'dense_array_0_1' <Predicate = true> <Delay = 0.61> <Core = "Sel">   --->   Core 26 'Sel' <Latency = 0> <II = 1> <Delay = 0.61> <FuncUnit> <Opcode : 'select'> <InPorts = 3> <OutPorts = 1>
ST_2 : Operation 50 [1/1] (0.61ns)   --->   "%dense_array_1_1 = select i1 %icmp_ln26_2, float 0.000000e+00, float %dense_array_1_0_load" [dense.cpp:26]   --->   Operation 50 'select' 'dense_array_1_1' <Predicate = true> <Delay = 0.61> <Core = "Sel">   --->   Core 26 'Sel' <Latency = 0> <II = 1> <Delay = 0.61> <FuncUnit> <Opcode : 'select'> <InPorts = 3> <OutPorts = 1>
ST_2 : Operation 51 [1/1] (0.00ns) (grouped into LUT with out node dense_array_2_1)   --->   "%select_ln26_1 = select i1 %icmp_ln26_1, float %dense_array_2_0_load, float 0.000000e+00" [dense.cpp:26]   --->   Operation 51 'select' 'select_ln26_1' <Predicate = true> <Delay = 0.00> <Core = "Sel">   --->   Core 26 'Sel' <Latency = 0> <II = 1> <Delay = 0.61> <FuncUnit> <Opcode : 'select'> <InPorts = 3> <OutPorts = 1>
ST_2 : Operation 52 [1/1] (0.61ns) (out node of the LUT)   --->   "%dense_array_2_1 = select i1 %icmp_ln26_2, float %dense_array_2_0_load, float %select_ln26_1" [dense.cpp:26]   --->   Operation 52 'select' 'dense_array_2_1' <Predicate = true> <Delay = 0.61> <Core = "Sel">   --->   Core 26 'Sel' <Latency = 0> <II = 1> <Delay = 0.61> <FuncUnit> <Opcode : 'select'> <InPorts = 3> <OutPorts = 1>
ST_2 : Operation 53 [1/1] (0.61ns)   --->   "%icmp_ln26 = icmp eq i2 %phi_ln26, -2" [dense.cpp:26]   --->   Operation 53 'icmp' 'icmp_ln26' <Predicate = true> <Delay = 0.61> <Core = "Cmp">   --->   Core 25 'Cmp' <Latency = 0> <II = 1> <Delay = 0.61> <FuncUnit> <Opcode : 'icmp'> <InPorts = 2> <OutPorts = 1>
ST_2 : Operation 54 [1/1] (0.00ns)   --->   "call void (...)* @_ssdm_op_SpecLoopName([19 x i8]* @memset_dense_array_s)"   --->   Operation 54 'specloopname' <Predicate = true> <Delay = 0.00>
ST_2 : Operation 55 [1/1] (0.00ns)   --->   "%empty = call i32 (...)* @_ssdm_op_SpecLoopTripCount(i64 3, i64 3, i64 3) nounwind"   --->   Operation 55 'speclooptripcount' 'empty' <Predicate = true> <Delay = 0.00>
ST_2 : Operation 56 [1/1] (0.00ns)   --->   "store float %dense_array_2_1, float* %dense_array_2_0" [dense.cpp:26]   --->   Operation 56 'store' <Predicate = true> <Delay = 0.00>
ST_2 : Operation 57 [1/1] (0.00ns)   --->   "store float %dense_array_1_1, float* %dense_array_1_0" [dense.cpp:26]   --->   Operation 57 'store' <Predicate = true> <Delay = 0.00>
ST_2 : Operation 58 [1/1] (0.00ns)   --->   "store float %dense_array_0_1, float* %dense_array_0_0" [dense.cpp:26]   --->   Operation 58 'store' <Predicate = true> <Delay = 0.00>
ST_2 : Operation 59 [1/1] (0.00ns)   --->   "br i1 %icmp_ln26, label %.preheader3.preheader, label %meminst" [dense.cpp:26]   --->   Operation 59 'br' <Predicate = true> <Delay = 0.00>
ST_2 : Operation 60 [1/1] (0.00ns)   --->   "%dense_array_2 = alloca float"   --->   Operation 60 'alloca' 'dense_array_2' <Predicate = (icmp_ln26)> <Delay = 0.00>
ST_2 : Operation 61 [1/1] (0.00ns)   --->   "%dense_array_2_1_3 = alloca float"   --->   Operation 61 'alloca' 'dense_array_2_1_3' <Predicate = (icmp_ln26)> <Delay = 0.00>
ST_2 : Operation 62 [1/1] (0.00ns)   --->   "%dense_array_2_2 = alloca float"   --->   Operation 62 'alloca' 'dense_array_2_2' <Predicate = (icmp_ln26)> <Delay = 0.00>
ST_2 : Operation 63 [1/1] (0.00ns)   --->   "%flat_array_0_read = call float @_ssdm_op_Read.ap_auto.floatP(float* %flat_array_0)" [dense.cpp:36]   --->   Operation 63 'read' 'flat_array_0_read' <Predicate = (icmp_ln26)> <Delay = 0.00>
ST_2 : Operation 64 [1/1] (0.00ns)   --->   "%flat_array_1_read = call float @_ssdm_op_Read.ap_auto.floatP(float* %flat_array_1)" [dense.cpp:36]   --->   Operation 64 'read' 'flat_array_1_read' <Predicate = (icmp_ln26)> <Delay = 0.00>
ST_2 : Operation 65 [1/1] (0.00ns)   --->   "%flat_array_2_read = call float @_ssdm_op_Read.ap_auto.floatP(float* %flat_array_2)" [dense.cpp:36]   --->   Operation 65 'read' 'flat_array_2_read' <Predicate = (icmp_ln26)> <Delay = 0.00>
ST_2 : Operation 66 [1/1] (0.00ns)   --->   "%flat_array_3_read = call float @_ssdm_op_Read.ap_auto.floatP(float* %flat_array_3)" [dense.cpp:36]   --->   Operation 66 'read' 'flat_array_3_read' <Predicate = (icmp_ln26)> <Delay = 0.00>
ST_2 : Operation 67 [1/1] (0.00ns)   --->   "%flat_array_4_read = call float @_ssdm_op_Read.ap_auto.floatP(float* %flat_array_4)" [dense.cpp:36]   --->   Operation 67 'read' 'flat_array_4_read' <Predicate = (icmp_ln26)> <Delay = 0.00>
ST_2 : Operation 68 [1/1] (0.00ns)   --->   "%flat_array_5_read = call float @_ssdm_op_Read.ap_auto.floatP(float* %flat_array_5)" [dense.cpp:36]   --->   Operation 68 'read' 'flat_array_5_read' <Predicate = (icmp_ln26)> <Delay = 0.00>
ST_2 : Operation 69 [1/1] (0.00ns)   --->   "%flat_array_6_read = call float @_ssdm_op_Read.ap_auto.floatP(float* %flat_array_6)" [dense.cpp:36]   --->   Operation 69 'read' 'flat_array_6_read' <Predicate = (icmp_ln26)> <Delay = 0.00>
ST_2 : Operation 70 [1/1] (0.00ns)   --->   "%flat_array_7_read = call float @_ssdm_op_Read.ap_auto.floatP(float* %flat_array_7)" [dense.cpp:36]   --->   Operation 70 'read' 'flat_array_7_read' <Predicate = (icmp_ln26)> <Delay = 0.00>
ST_2 : Operation 71 [1/1] (1.18ns)   --->   "store float %dense_array_2_1, float* %dense_array_2_2" [dense.cpp:29]   --->   Operation 71 'store' <Predicate = (icmp_ln26)> <Delay = 1.18>
ST_2 : Operation 72 [1/1] (1.18ns)   --->   "store float %dense_array_1_1, float* %dense_array_2_1_3" [dense.cpp:29]   --->   Operation 72 'store' <Predicate = (icmp_ln26)> <Delay = 1.18>
ST_2 : Operation 73 [1/1] (1.18ns)   --->   "store float %dense_array_0_1, float* %dense_array_2" [dense.cpp:29]   --->   Operation 73 'store' <Predicate = (icmp_ln26)> <Delay = 1.18>
ST_2 : Operation 74 [1/1] (1.18ns)   --->   "br label %.preheader3" [dense.cpp:29]   --->   Operation 74 'br' <Predicate = (icmp_ln26)> <Delay = 1.18>

State 3 <SV = 2> <Delay = 11.2>
ST_3 : Operation 75 [1/1] (0.00ns)   --->   "%d_0 = phi i2 [ %d, %Dense_Loop_end ], [ 0, %.preheader3.preheader ]"   --->   Operation 75 'phi' 'd_0' <Predicate = true> <Delay = 0.00>
ST_3 : Operation 76 [1/1] (0.61ns)   --->   "%icmp_ln29 = icmp eq i2 %d_0, -1" [dense.cpp:29]   --->   Operation 76 'icmp' 'icmp_ln29' <Predicate = true> <Delay = 0.61> <Core = "Cmp">   --->   Core 25 'Cmp' <Latency = 0> <II = 1> <Delay = 0.61> <FuncUnit> <Opcode : 'icmp'> <InPorts = 2> <OutPorts = 1>
ST_3 : Operation 77 [1/1] (0.00ns)   --->   "%empty_4 = call i32 (...)* @_ssdm_op_SpecLoopTripCount(i64 3, i64 3, i64 3) nounwind"   --->   Operation 77 'speclooptripcount' 'empty_4' <Predicate = true> <Delay = 0.00>
ST_3 : Operation 78 [1/1] (1.00ns)   --->   "%d = add i2 %d_0, 1" [dense.cpp:29]   --->   Operation 78 'add' 'd' <Predicate = true> <Delay = 1.00> <Core = "AddSub">   --->   Core 14 'AddSub' <Latency = 0> <II = 1> <Delay = 1.00> <FuncUnit> <Opcode : 'add' 'sub'> <InPorts = 2> <OutPorts = 1>
ST_3 : Operation 79 [1/1] (0.00ns)   --->   "br i1 %icmp_ln29, label %.preheader.0, label %Dense_Loop_begin" [dense.cpp:29]   --->   Operation 79 'br' <Predicate = true> <Delay = 0.00>
ST_3 : Operation 80 [1/1] (1.15ns)   --->   "%tmp_4 = call float @_ssdm_op_Mux.ap_auto.3float.i2(float 0x3FEA3A63A0000000, float 0xBFD13E21C0000000, float 0x3FD08CAE40000000, i2 %d_0)" [dense.cpp:36]   --->   Operation 80 'mux' 'tmp_4' <Predicate = (!icmp_ln29)> <Delay = 1.15> <Core = "MuxnS">   --->   Core 31 'MuxnS' <Latency = 0> <II = 1> <Delay = 1.15> <FuncUnit> <Opcode : 'mux'> <InPorts = 2> <OutPorts = 1>
ST_3 : Operation 81 [2/2] (10.1ns)   --->   "%tmp_s = fmul float %tmp_4, %flat_array_0_read" [dense.cpp:36]   --->   Operation 81 'fmul' 'tmp_s' <Predicate = (!icmp_ln29)> <Delay = 10.1> <Core = "FMul">   --->   Core 106 'FMul' <Latency = 1> <II = 1> <Delay = 10.1> <FuncUnit> <Opcode : 'fmul'> <InPorts = 2> <OutPorts = 1>

State 4 <SV = 3> <Delay = 26.1>
ST_4 : Operation 82 [1/2] (10.1ns)   --->   "%tmp_s = fmul float %tmp_4, %flat_array_0_read" [dense.cpp:36]   --->   Operation 82 'fmul' 'tmp_s' <Predicate = true> <Delay = 10.1> <Core = "FMul">   --->   Core 106 'FMul' <Latency = 1> <II = 1> <Delay = 10.1> <FuncUnit> <Opcode : 'fmul'> <InPorts = 2> <OutPorts = 1>
ST_4 : Operation 83 [2/2] (15.9ns)   --->   "%w_sum_s = fadd float %tmp_s, 0.000000e+00" [dense.cpp:36]   --->   Operation 83 'fadd' 'w_sum_s' <Predicate = true> <Delay = 15.9> <Core = "FAddSub">   --->   Core 105 'FAddSub' <Latency = 1> <II = 1> <Delay = 15.9> <FuncUnit> <Opcode : 'fadd' 'fsub'> <InPorts = 2> <OutPorts = 1>
ST_4 : Operation 84 [1/1] (1.15ns)   --->   "%tmp_6 = call float @_ssdm_op_Mux.ap_auto.3float.i2(float 0xBF880C77C0000000, float 0xBFE7C6E140000000, float 0xBFE9E27DC0000000, i2 %d_0)" [dense.cpp:36]   --->   Operation 84 'mux' 'tmp_6' <Predicate = true> <Delay = 1.15> <Core = "MuxnS">   --->   Core 31 'MuxnS' <Latency = 0> <II = 1> <Delay = 1.15> <FuncUnit> <Opcode : 'mux'> <InPorts = 2> <OutPorts = 1>
ST_4 : Operation 85 [2/2] (10.1ns)   --->   "%tmp_2_1 = fmul float %tmp_6, %flat_array_1_read" [dense.cpp:36]   --->   Operation 85 'fmul' 'tmp_2_1' <Predicate = true> <Delay = 10.1> <Core = "FMul">   --->   Core 106 'FMul' <Latency = 1> <II = 1> <Delay = 10.1> <FuncUnit> <Opcode : 'fmul'> <InPorts = 2> <OutPorts = 1>

State 5 <SV = 4> <Delay = 31.9>
ST_5 : Operation 86 [1/2] (15.9ns)   --->   "%w_sum_s = fadd float %tmp_s, 0.000000e+00" [dense.cpp:36]   --->   Operation 86 'fadd' 'w_sum_s' <Predicate = true> <Delay = 15.9> <Core = "FAddSub">   --->   Core 105 'FAddSub' <Latency = 1> <II = 1> <Delay = 15.9> <FuncUnit> <Opcode : 'fadd' 'fsub'> <InPorts = 2> <OutPorts = 1>
ST_5 : Operation 87 [1/2] (10.1ns)   --->   "%tmp_2_1 = fmul float %tmp_6, %flat_array_1_read" [dense.cpp:36]   --->   Operation 87 'fmul' 'tmp_2_1' <Predicate = true> <Delay = 10.1> <Core = "FMul">   --->   Core 106 'FMul' <Latency = 1> <II = 1> <Delay = 10.1> <FuncUnit> <Opcode : 'fmul'> <InPorts = 2> <OutPorts = 1>
ST_5 : Operation 88 [2/2] (15.9ns)   --->   "%w_sum_1 = fadd float %w_sum_s, %tmp_2_1" [dense.cpp:36]   --->   Operation 88 'fadd' 'w_sum_1' <Predicate = true> <Delay = 15.9> <Core = "FAddSub">   --->   Core 105 'FAddSub' <Latency = 1> <II = 1> <Delay = 15.9> <FuncUnit> <Opcode : 'fadd' 'fsub'> <InPorts = 2> <OutPorts = 1>
ST_5 : Operation 89 [1/1] (1.15ns)   --->   "%tmp_7 = call float @_ssdm_op_Mux.ap_auto.3float.i2(float 0x3FE9B31260000000, float 0x3FA38C59E0000000, float 0x3FEAFD0E60000000, i2 %d_0)" [dense.cpp:36]   --->   Operation 89 'mux' 'tmp_7' <Predicate = true> <Delay = 1.15> <Core = "MuxnS">   --->   Core 31 'MuxnS' <Latency = 0> <II = 1> <Delay = 1.15> <FuncUnit> <Opcode : 'mux'> <InPorts = 2> <OutPorts = 1>
ST_5 : Operation 90 [2/2] (10.1ns)   --->   "%tmp_2_2 = fmul float %tmp_7, %flat_array_2_read" [dense.cpp:36]   --->   Operation 90 'fmul' 'tmp_2_2' <Predicate = true> <Delay = 10.1> <Core = "FMul">   --->   Core 106 'FMul' <Latency = 1> <II = 1> <Delay = 10.1> <FuncUnit> <Opcode : 'fmul'> <InPorts = 2> <OutPorts = 1>

State 6 <SV = 5> <Delay = 31.9>
ST_6 : Operation 91 [1/2] (15.9ns)   --->   "%w_sum_1 = fadd float %w_sum_s, %tmp_2_1" [dense.cpp:36]   --->   Operation 91 'fadd' 'w_sum_1' <Predicate = true> <Delay = 15.9> <Core = "FAddSub">   --->   Core 105 'FAddSub' <Latency = 1> <II = 1> <Delay = 15.9> <FuncUnit> <Opcode : 'fadd' 'fsub'> <InPorts = 2> <OutPorts = 1>
ST_6 : Operation 92 [1/2] (10.1ns)   --->   "%tmp_2_2 = fmul float %tmp_7, %flat_array_2_read" [dense.cpp:36]   --->   Operation 92 'fmul' 'tmp_2_2' <Predicate = true> <Delay = 10.1> <Core = "FMul">   --->   Core 106 'FMul' <Latency = 1> <II = 1> <Delay = 10.1> <FuncUnit> <Opcode : 'fmul'> <InPorts = 2> <OutPorts = 1>
ST_6 : Operation 93 [2/2] (15.9ns)   --->   "%w_sum_2 = fadd float %w_sum_1, %tmp_2_2" [dense.cpp:36]   --->   Operation 93 'fadd' 'w_sum_2' <Predicate = true> <Delay = 15.9> <Core = "FAddSub">   --->   Core 105 'FAddSub' <Latency = 1> <II = 1> <Delay = 15.9> <FuncUnit> <Opcode : 'fadd' 'fsub'> <InPorts = 2> <OutPorts = 1>
ST_6 : Operation 94 [1/1] (1.15ns)   --->   "%tmp_8 = call float @_ssdm_op_Mux.ap_auto.3float.i2(float 0xBFDCA1C3C0000000, float 0x3FDAFA0740000000, float 0xBFDE19F8C0000000, i2 %d_0)" [dense.cpp:36]   --->   Operation 94 'mux' 'tmp_8' <Predicate = true> <Delay = 1.15> <Core = "MuxnS">   --->   Core 31 'MuxnS' <Latency = 0> <II = 1> <Delay = 1.15> <FuncUnit> <Opcode : 'mux'> <InPorts = 2> <OutPorts = 1>
ST_6 : Operation 95 [2/2] (10.1ns)   --->   "%tmp_2_3 = fmul float %tmp_8, %flat_array_3_read" [dense.cpp:36]   --->   Operation 95 'fmul' 'tmp_2_3' <Predicate = true> <Delay = 10.1> <Core = "FMul">   --->   Core 106 'FMul' <Latency = 1> <II = 1> <Delay = 10.1> <FuncUnit> <Opcode : 'fmul'> <InPorts = 2> <OutPorts = 1>

State 7 <SV = 6> <Delay = 31.9>
ST_7 : Operation 96 [1/2] (15.9ns)   --->   "%w_sum_2 = fadd float %w_sum_1, %tmp_2_2" [dense.cpp:36]   --->   Operation 96 'fadd' 'w_sum_2' <Predicate = true> <Delay = 15.9> <Core = "FAddSub">   --->   Core 105 'FAddSub' <Latency = 1> <II = 1> <Delay = 15.9> <FuncUnit> <Opcode : 'fadd' 'fsub'> <InPorts = 2> <OutPorts = 1>
ST_7 : Operation 97 [1/2] (10.1ns)   --->   "%tmp_2_3 = fmul float %tmp_8, %flat_array_3_read" [dense.cpp:36]   --->   Operation 97 'fmul' 'tmp_2_3' <Predicate = true> <Delay = 10.1> <Core = "FMul">   --->   Core 106 'FMul' <Latency = 1> <II = 1> <Delay = 10.1> <FuncUnit> <Opcode : 'fmul'> <InPorts = 2> <OutPorts = 1>
ST_7 : Operation 98 [2/2] (15.9ns)   --->   "%w_sum_3 = fadd float %w_sum_2, %tmp_2_3" [dense.cpp:36]   --->   Operation 98 'fadd' 'w_sum_3' <Predicate = true> <Delay = 15.9> <Core = "FAddSub">   --->   Core 105 'FAddSub' <Latency = 1> <II = 1> <Delay = 15.9> <FuncUnit> <Opcode : 'fadd' 'fsub'> <InPorts = 2> <OutPorts = 1>
ST_7 : Operation 99 [1/1] (1.15ns)   --->   "%tmp_9 = call float @_ssdm_op_Mux.ap_auto.3float.i2(float 0x3FC4CF9480000000, float 0xBFE5C21360000000, float 0xBFE3135240000000, i2 %d_0)" [dense.cpp:36]   --->   Operation 99 'mux' 'tmp_9' <Predicate = true> <Delay = 1.15> <Core = "MuxnS">   --->   Core 31 'MuxnS' <Latency = 0> <II = 1> <Delay = 1.15> <FuncUnit> <Opcode : 'mux'> <InPorts = 2> <OutPorts = 1>
ST_7 : Operation 100 [2/2] (10.1ns)   --->   "%tmp_2_4 = fmul float %tmp_9, %flat_array_4_read" [dense.cpp:36]   --->   Operation 100 'fmul' 'tmp_2_4' <Predicate = true> <Delay = 10.1> <Core = "FMul">   --->   Core 106 'FMul' <Latency = 1> <II = 1> <Delay = 10.1> <FuncUnit> <Opcode : 'fmul'> <InPorts = 2> <OutPorts = 1>
ST_7 : Operation 101 [2/2] (10.1ns)   --->   "%tmp_2_6 = fmul float %tmp_9, %flat_array_6_read" [dense.cpp:36]   --->   Operation 101 'fmul' 'tmp_2_6' <Predicate = true> <Delay = 10.1> <Core = "FMul">   --->   Core 106 'FMul' <Latency = 1> <II = 1> <Delay = 10.1> <FuncUnit> <Opcode : 'fmul'> <InPorts = 2> <OutPorts = 1>

State 8 <SV = 7> <Delay = 31.9>
ST_8 : Operation 102 [1/2] (15.9ns)   --->   "%w_sum_3 = fadd float %w_sum_2, %tmp_2_3" [dense.cpp:36]   --->   Operation 102 'fadd' 'w_sum_3' <Predicate = true> <Delay = 15.9> <Core = "FAddSub">   --->   Core 105 'FAddSub' <Latency = 1> <II = 1> <Delay = 15.9> <FuncUnit> <Opcode : 'fadd' 'fsub'> <InPorts = 2> <OutPorts = 1>
ST_8 : Operation 103 [1/2] (10.1ns)   --->   "%tmp_2_4 = fmul float %tmp_9, %flat_array_4_read" [dense.cpp:36]   --->   Operation 103 'fmul' 'tmp_2_4' <Predicate = true> <Delay = 10.1> <Core = "FMul">   --->   Core 106 'FMul' <Latency = 1> <II = 1> <Delay = 10.1> <FuncUnit> <Opcode : 'fmul'> <InPorts = 2> <OutPorts = 1>
ST_8 : Operation 104 [2/2] (15.9ns)   --->   "%w_sum_4 = fadd float %w_sum_3, %tmp_2_4" [dense.cpp:36]   --->   Operation 104 'fadd' 'w_sum_4' <Predicate = true> <Delay = 15.9> <Core = "FAddSub">   --->   Core 105 'FAddSub' <Latency = 1> <II = 1> <Delay = 15.9> <FuncUnit> <Opcode : 'fadd' 'fsub'> <InPorts = 2> <OutPorts = 1>
ST_8 : Operation 105 [1/1] (1.15ns)   --->   "%tmp_10 = call float @_ssdm_op_Mux.ap_auto.3float.i2(float 0xBFD2967340000000, float 0xBF8FF1D420000000, float 0xBFC6E2E3A0000000, i2 %d_0)" [dense.cpp:36]   --->   Operation 105 'mux' 'tmp_10' <Predicate = true> <Delay = 1.15> <Core = "MuxnS">   --->   Core 31 'MuxnS' <Latency = 0> <II = 1> <Delay = 1.15> <FuncUnit> <Opcode : 'mux'> <InPorts = 2> <OutPorts = 1>
ST_8 : Operation 106 [2/2] (10.1ns)   --->   "%tmp_2_5 = fmul float %tmp_10, %flat_array_5_read" [dense.cpp:36]   --->   Operation 106 'fmul' 'tmp_2_5' <Predicate = true> <Delay = 10.1> <Core = "FMul">   --->   Core 106 'FMul' <Latency = 1> <II = 1> <Delay = 10.1> <FuncUnit> <Opcode : 'fmul'> <InPorts = 2> <OutPorts = 1>
ST_8 : Operation 107 [1/2] (10.1ns)   --->   "%tmp_2_6 = fmul float %tmp_9, %flat_array_6_read" [dense.cpp:36]   --->   Operation 107 'fmul' 'tmp_2_6' <Predicate = true> <Delay = 10.1> <Core = "FMul">   --->   Core 106 'FMul' <Latency = 1> <II = 1> <Delay = 10.1> <FuncUnit> <Opcode : 'fmul'> <InPorts = 2> <OutPorts = 1>
ST_8 : Operation 108 [2/2] (10.1ns)   --->   "%tmp_2_7 = fmul float %tmp_10, %flat_array_7_read" [dense.cpp:36]   --->   Operation 108 'fmul' 'tmp_2_7' <Predicate = true> <Delay = 10.1> <Core = "FMul">   --->   Core 106 'FMul' <Latency = 1> <II = 1> <Delay = 10.1> <FuncUnit> <Opcode : 'fmul'> <InPorts = 2> <OutPorts = 1>
ST_8 : Operation 109 [1/1] (0.86ns)   --->   "switch i2 %d_0, label %branch2 [
    i2 0, label %Dense_Loop_begin.Dense_Loop_end_crit_edge
    i2 1, label %branch1
  ]" [dense.cpp:39]   --->   Operation 109 'switch' <Predicate = true> <Delay = 0.86>

State 9 <SV = 8> <Delay = 31.9>
ST_9 : Operation 110 [1/2] (15.9ns)   --->   "%w_sum_4 = fadd float %w_sum_3, %tmp_2_4" [dense.cpp:36]   --->   Operation 110 'fadd' 'w_sum_4' <Predicate = true> <Delay = 15.9> <Core = "FAddSub">   --->   Core 105 'FAddSub' <Latency = 1> <II = 1> <Delay = 15.9> <FuncUnit> <Opcode : 'fadd' 'fsub'> <InPorts = 2> <OutPorts = 1>
ST_9 : Operation 111 [1/2] (10.1ns)   --->   "%tmp_2_5 = fmul float %tmp_10, %flat_array_5_read" [dense.cpp:36]   --->   Operation 111 'fmul' 'tmp_2_5' <Predicate = true> <Delay = 10.1> <Core = "FMul">   --->   Core 106 'FMul' <Latency = 1> <II = 1> <Delay = 10.1> <FuncUnit> <Opcode : 'fmul'> <InPorts = 2> <OutPorts = 1>
ST_9 : Operation 112 [2/2] (15.9ns)   --->   "%w_sum_5 = fadd float %w_sum_4, %tmp_2_5" [dense.cpp:36]   --->   Operation 112 'fadd' 'w_sum_5' <Predicate = true> <Delay = 15.9> <Core = "FAddSub">   --->   Core 105 'FAddSub' <Latency = 1> <II = 1> <Delay = 15.9> <FuncUnit> <Opcode : 'fadd' 'fsub'> <InPorts = 2> <OutPorts = 1>
ST_9 : Operation 113 [1/2] (10.1ns)   --->   "%tmp_2_7 = fmul float %tmp_10, %flat_array_7_read" [dense.cpp:36]   --->   Operation 113 'fmul' 'tmp_2_7' <Predicate = true> <Delay = 10.1> <Core = "FMul">   --->   Core 106 'FMul' <Latency = 1> <II = 1> <Delay = 10.1> <FuncUnit> <Opcode : 'fmul'> <InPorts = 2> <OutPorts = 1>

State 10 <SV = 9> <Delay = 31.9>
ST_10 : Operation 114 [1/2] (15.9ns)   --->   "%w_sum_5 = fadd float %w_sum_4, %tmp_2_5" [dense.cpp:36]   --->   Operation 114 'fadd' 'w_sum_5' <Predicate = true> <Delay = 15.9> <Core = "FAddSub">   --->   Core 105 'FAddSub' <Latency = 1> <II = 1> <Delay = 15.9> <FuncUnit> <Opcode : 'fadd' 'fsub'> <InPorts = 2> <OutPorts = 1>
ST_10 : Operation 115 [2/2] (15.9ns)   --->   "%w_sum_6 = fadd float %w_sum_5, %tmp_2_6" [dense.cpp:36]   --->   Operation 115 'fadd' 'w_sum_6' <Predicate = true> <Delay = 15.9> <Core = "FAddSub">   --->   Core 105 'FAddSub' <Latency = 1> <II = 1> <Delay = 15.9> <FuncUnit> <Opcode : 'fadd' 'fsub'> <InPorts = 2> <OutPorts = 1>

State 11 <SV = 10> <Delay = 31.9>
ST_11 : Operation 116 [1/2] (15.9ns)   --->   "%w_sum_6 = fadd float %w_sum_5, %tmp_2_6" [dense.cpp:36]   --->   Operation 116 'fadd' 'w_sum_6' <Predicate = true> <Delay = 15.9> <Core = "FAddSub">   --->   Core 105 'FAddSub' <Latency = 1> <II = 1> <Delay = 15.9> <FuncUnit> <Opcode : 'fadd' 'fsub'> <InPorts = 2> <OutPorts = 1>
ST_11 : Operation 117 [2/2] (15.9ns)   --->   "%dense_array_0 = fadd float %w_sum_6, %tmp_2_7" [dense.cpp:36]   --->   Operation 117 'fadd' 'dense_array_0' <Predicate = true> <Delay = 15.9> <Core = "FAddSub">   --->   Core 105 'FAddSub' <Latency = 1> <II = 1> <Delay = 15.9> <FuncUnit> <Opcode : 'fadd' 'fsub'> <InPorts = 2> <OutPorts = 1>

State 12 <SV = 11> <Delay = 17.1>
ST_12 : Operation 118 [1/1] (0.00ns)   --->   "call void (...)* @_ssdm_op_SpecLoopName([11 x i8]* @p_str4) nounwind" [dense.cpp:30]   --->   Operation 118 'specloopname' <Predicate = true> <Delay = 0.00>
ST_12 : Operation 119 [1/1] (0.00ns)   --->   "%tmp_3 = call i32 (...)* @_ssdm_op_SpecRegionBegin([11 x i8]* @p_str4) nounwind" [dense.cpp:30]   --->   Operation 119 'specregionbegin' 'tmp_3' <Predicate = true> <Delay = 0.00>
ST_12 : Operation 120 [1/1] (0.00ns)   --->   "call void (...)* @_ssdm_op_SpecPipeline(i32 -1, i32 1, i32 1, i32 0, [1 x i8]* @p_str) nounwind" [dense.cpp:31]   --->   Operation 120 'specpipeline' <Predicate = true> <Delay = 0.00>
ST_12 : Operation 121 [1/2] (15.9ns)   --->   "%dense_array_0 = fadd float %w_sum_6, %tmp_2_7" [dense.cpp:36]   --->   Operation 121 'fadd' 'dense_array_0' <Predicate = true> <Delay = 15.9> <Core = "FAddSub">   --->   Core 105 'FAddSub' <Latency = 1> <II = 1> <Delay = 15.9> <FuncUnit> <Opcode : 'fadd' 'fsub'> <InPorts = 2> <OutPorts = 1>
ST_12 : Operation 122 [1/1] (1.18ns)   --->   "store float %dense_array_0, float* %dense_array_2_1_3" [dense.cpp:39]   --->   Operation 122 'store' <Predicate = (d_0 == 1)> <Delay = 1.18>
ST_12 : Operation 123 [1/1] (0.00ns)   --->   "br label %Dense_Loop_end" [dense.cpp:39]   --->   Operation 123 'br' <Predicate = (d_0 == 1)> <Delay = 0.00>
ST_12 : Operation 124 [1/1] (1.18ns)   --->   "store float %dense_array_0, float* %dense_array_2" [dense.cpp:39]   --->   Operation 124 'store' <Predicate = (d_0 == 0)> <Delay = 1.18>
ST_12 : Operation 125 [1/1] (0.00ns)   --->   "br label %Dense_Loop_end" [dense.cpp:39]   --->   Operation 125 'br' <Predicate = (d_0 == 0)> <Delay = 0.00>
ST_12 : Operation 126 [1/1] (1.18ns)   --->   "store float %dense_array_0, float* %dense_array_2_2" [dense.cpp:39]   --->   Operation 126 'store' <Predicate = (d_0 != 0 & d_0 != 1)> <Delay = 1.18>
ST_12 : Operation 127 [1/1] (0.00ns)   --->   "br label %Dense_Loop_end" [dense.cpp:39]   --->   Operation 127 'br' <Predicate = (d_0 != 0 & d_0 != 1)> <Delay = 0.00>
ST_12 : Operation 128 [1/1] (0.00ns)   --->   "%empty_5 = call i32 (...)* @_ssdm_op_SpecRegionEnd([11 x i8]* @p_str4, i32 %tmp_3) nounwind" [dense.cpp:40]   --->   Operation 128 'specregionend' 'empty_5' <Predicate = (!icmp_ln29)> <Delay = 0.00>
ST_12 : Operation 129 [1/1] (0.00ns)   --->   "br label %.preheader3" [dense.cpp:29]   --->   Operation 129 'br' <Predicate = (!icmp_ln29)> <Delay = 0.00>

State 13 <SV = 3> <Delay = 30.1>
ST_13 : Operation 130 [1/1] (0.00ns)   --->   "%dense_array_2_load = load float* %dense_array_2" [dense.cpp:12->dense.cpp:42]   --->   Operation 130 'load' 'dense_array_2_load' <Predicate = true> <Delay = 0.00>
ST_13 : Operation 131 [3/3] (30.1ns)   --->   "%tmp = call float @llvm.exp.f32(float %dense_array_2_load) nounwind" [dense.cpp:12->dense.cpp:42]   --->   Operation 131 'fexp' 'tmp' <Predicate = true> <Delay = 30.1> <Core = "FExp">   --->   Core 127 'FExp' <Latency = 2> <II = 1> <Delay = 30.1> <FuncUnit> <Opcode : 'fexp'> <InPorts = 1> <OutPorts = 1>

State 14 <SV = 4> <Delay = 30.1>
ST_14 : Operation 132 [1/1] (0.00ns)   --->   "%dense_array_2_1_loa = load float* %dense_array_2_1_3" [dense.cpp:12->dense.cpp:42]   --->   Operation 132 'load' 'dense_array_2_1_loa' <Predicate = true> <Delay = 0.00>
ST_14 : Operation 133 [2/3] (30.1ns)   --->   "%tmp = call float @llvm.exp.f32(float %dense_array_2_load) nounwind" [dense.cpp:12->dense.cpp:42]   --->   Operation 133 'fexp' 'tmp' <Predicate = true> <Delay = 30.1> <Core = "FExp">   --->   Core 127 'FExp' <Latency = 2> <II = 1> <Delay = 30.1> <FuncUnit> <Opcode : 'fexp'> <InPorts = 1> <OutPorts = 1>
ST_14 : Operation 134 [3/3] (30.1ns)   --->   "%tmp_1 = call float @llvm.exp.f32(float %dense_array_2_1_loa) nounwind" [dense.cpp:12->dense.cpp:42]   --->   Operation 134 'fexp' 'tmp_1' <Predicate = true> <Delay = 30.1> <Core = "FExp">   --->   Core 127 'FExp' <Latency = 2> <II = 1> <Delay = 30.1> <FuncUnit> <Opcode : 'fexp'> <InPorts = 1> <OutPorts = 1>

State 15 <SV = 5> <Delay = 30.1>
ST_15 : Operation 135 [1/1] (0.00ns)   --->   "%dense_array_2_2_loa = load float* %dense_array_2_2" [dense.cpp:12->dense.cpp:42]   --->   Operation 135 'load' 'dense_array_2_2_loa' <Predicate = true> <Delay = 0.00>
ST_15 : Operation 136 [1/3] (30.1ns)   --->   "%tmp = call float @llvm.exp.f32(float %dense_array_2_load) nounwind" [dense.cpp:12->dense.cpp:42]   --->   Operation 136 'fexp' 'tmp' <Predicate = true> <Delay = 30.1> <Core = "FExp">   --->   Core 127 'FExp' <Latency = 2> <II = 1> <Delay = 30.1> <FuncUnit> <Opcode : 'fexp'> <InPorts = 1> <OutPorts = 1>
ST_15 : Operation 137 [2/3] (30.1ns)   --->   "%tmp_1 = call float @llvm.exp.f32(float %dense_array_2_1_loa) nounwind" [dense.cpp:12->dense.cpp:42]   --->   Operation 137 'fexp' 'tmp_1' <Predicate = true> <Delay = 30.1> <Core = "FExp">   --->   Core 127 'FExp' <Latency = 2> <II = 1> <Delay = 30.1> <FuncUnit> <Opcode : 'fexp'> <InPorts = 1> <OutPorts = 1>
ST_15 : Operation 138 [3/3] (30.1ns)   --->   "%tmp_2 = call float @llvm.exp.f32(float %dense_array_2_2_loa) nounwind" [dense.cpp:12->dense.cpp:42]   --->   Operation 138 'fexp' 'tmp_2' <Predicate = true> <Delay = 30.1> <Core = "FExp">   --->   Core 127 'FExp' <Latency = 2> <II = 1> <Delay = 30.1> <FuncUnit> <Opcode : 'fexp'> <InPorts = 1> <OutPorts = 1>

State 16 <SV = 6> <Delay = 30.1>
ST_16 : Operation 139 [2/2] (15.9ns)   --->   "%sum = fadd float %tmp, 0.000000e+00" [dense.cpp:12->dense.cpp:42]   --->   Operation 139 'fadd' 'sum' <Predicate = true> <Delay = 15.9> <Core = "FAddSub">   --->   Core 105 'FAddSub' <Latency = 1> <II = 1> <Delay = 15.9> <FuncUnit> <Opcode : 'fadd' 'fsub'> <InPorts = 2> <OutPorts = 1>
ST_16 : Operation 140 [1/3] (30.1ns)   --->   "%tmp_1 = call float @llvm.exp.f32(float %dense_array_2_1_loa) nounwind" [dense.cpp:12->dense.cpp:42]   --->   Operation 140 'fexp' 'tmp_1' <Predicate = true> <Delay = 30.1> <Core = "FExp">   --->   Core 127 'FExp' <Latency = 2> <II = 1> <Delay = 30.1> <FuncUnit> <Opcode : 'fexp'> <InPorts = 1> <OutPorts = 1>
ST_16 : Operation 141 [2/3] (30.1ns)   --->   "%tmp_2 = call float @llvm.exp.f32(float %dense_array_2_2_loa) nounwind" [dense.cpp:12->dense.cpp:42]   --->   Operation 141 'fexp' 'tmp_2' <Predicate = true> <Delay = 30.1> <Core = "FExp">   --->   Core 127 'FExp' <Latency = 2> <II = 1> <Delay = 30.1> <FuncUnit> <Opcode : 'fexp'> <InPorts = 1> <OutPorts = 1>

State 17 <SV = 7> <Delay = 31.9>
ST_17 : Operation 142 [1/2] (15.9ns)   --->   "%sum = fadd float %tmp, 0.000000e+00" [dense.cpp:12->dense.cpp:42]   --->   Operation 142 'fadd' 'sum' <Predicate = true> <Delay = 15.9> <Core = "FAddSub">   --->   Core 105 'FAddSub' <Latency = 1> <II = 1> <Delay = 15.9> <FuncUnit> <Opcode : 'fadd' 'fsub'> <InPorts = 2> <OutPorts = 1>
ST_17 : Operation 143 [2/2] (15.9ns)   --->   "%sum_1 = fadd float %sum, %tmp_1" [dense.cpp:12->dense.cpp:42]   --->   Operation 143 'fadd' 'sum_1' <Predicate = true> <Delay = 15.9> <Core = "FAddSub">   --->   Core 105 'FAddSub' <Latency = 1> <II = 1> <Delay = 15.9> <FuncUnit> <Opcode : 'fadd' 'fsub'> <InPorts = 2> <OutPorts = 1>
ST_17 : Operation 144 [1/3] (30.1ns)   --->   "%tmp_2 = call float @llvm.exp.f32(float %dense_array_2_2_loa) nounwind" [dense.cpp:12->dense.cpp:42]   --->   Operation 144 'fexp' 'tmp_2' <Predicate = true> <Delay = 30.1> <Core = "FExp">   --->   Core 127 'FExp' <Latency = 2> <II = 1> <Delay = 30.1> <FuncUnit> <Opcode : 'fexp'> <InPorts = 1> <OutPorts = 1>
ST_17 : Operation 145 [3/3] (30.1ns)   --->   "%tmp_4_1 = call float @llvm.exp.f32(float %dense_array_2_1_loa) nounwind" [dense.cpp:18->dense.cpp:42]   --->   Operation 145 'fexp' 'tmp_4_1' <Predicate = true> <Delay = 30.1> <Core = "FExp">   --->   Core 127 'FExp' <Latency = 2> <II = 1> <Delay = 30.1> <FuncUnit> <Opcode : 'fexp'> <InPorts = 1> <OutPorts = 1>
ST_17 : Operation 146 [3/3] (30.1ns)   --->   "%tmp_4_2 = call float @llvm.exp.f32(float %dense_array_2_2_loa) nounwind" [dense.cpp:18->dense.cpp:42]   --->   Operation 146 'fexp' 'tmp_4_2' <Predicate = true> <Delay = 30.1> <Core = "FExp">   --->   Core 127 'FExp' <Latency = 2> <II = 1> <Delay = 30.1> <FuncUnit> <Opcode : 'fexp'> <InPorts = 1> <OutPorts = 1>

State 18 <SV = 8> <Delay = 31.9>
ST_18 : Operation 147 [1/2] (15.9ns)   --->   "%sum_1 = fadd float %sum, %tmp_1" [dense.cpp:12->dense.cpp:42]   --->   Operation 147 'fadd' 'sum_1' <Predicate = true> <Delay = 15.9> <Core = "FAddSub">   --->   Core 105 'FAddSub' <Latency = 1> <II = 1> <Delay = 15.9> <FuncUnit> <Opcode : 'fadd' 'fsub'> <InPorts = 2> <OutPorts = 1>
ST_18 : Operation 148 [2/2] (15.9ns)   --->   "%sum_2 = fadd float %sum_1, %tmp_2" [dense.cpp:12->dense.cpp:42]   --->   Operation 148 'fadd' 'sum_2' <Predicate = true> <Delay = 15.9> <Core = "FAddSub">   --->   Core 105 'FAddSub' <Latency = 1> <II = 1> <Delay = 15.9> <FuncUnit> <Opcode : 'fadd' 'fsub'> <InPorts = 2> <OutPorts = 1>
ST_18 : Operation 149 [2/3] (30.1ns)   --->   "%tmp_4_1 = call float @llvm.exp.f32(float %dense_array_2_1_loa) nounwind" [dense.cpp:18->dense.cpp:42]   --->   Operation 149 'fexp' 'tmp_4_1' <Predicate = true> <Delay = 30.1> <Core = "FExp">   --->   Core 127 'FExp' <Latency = 2> <II = 1> <Delay = 30.1> <FuncUnit> <Opcode : 'fexp'> <InPorts = 1> <OutPorts = 1>
ST_18 : Operation 150 [2/3] (30.1ns)   --->   "%tmp_4_2 = call float @llvm.exp.f32(float %dense_array_2_2_loa) nounwind" [dense.cpp:18->dense.cpp:42]   --->   Operation 150 'fexp' 'tmp_4_2' <Predicate = true> <Delay = 30.1> <Core = "FExp">   --->   Core 127 'FExp' <Latency = 2> <II = 1> <Delay = 30.1> <FuncUnit> <Opcode : 'fexp'> <InPorts = 1> <OutPorts = 1>

State 19 <SV = 9> <Delay = 30.1>
ST_19 : Operation 151 [1/2] (15.9ns)   --->   "%sum_2 = fadd float %sum_1, %tmp_2" [dense.cpp:12->dense.cpp:42]   --->   Operation 151 'fadd' 'sum_2' <Predicate = true> <Delay = 15.9> <Core = "FAddSub">   --->   Core 105 'FAddSub' <Latency = 1> <II = 1> <Delay = 15.9> <FuncUnit> <Opcode : 'fadd' 'fsub'> <InPorts = 2> <OutPorts = 1>
ST_19 : Operation 152 [1/3] (30.1ns)   --->   "%tmp_4_1 = call float @llvm.exp.f32(float %dense_array_2_1_loa) nounwind" [dense.cpp:18->dense.cpp:42]   --->   Operation 152 'fexp' 'tmp_4_1' <Predicate = true> <Delay = 30.1> <Core = "FExp">   --->   Core 127 'FExp' <Latency = 2> <II = 1> <Delay = 30.1> <FuncUnit> <Opcode : 'fexp'> <InPorts = 1> <OutPorts = 1>
ST_19 : Operation 153 [1/3] (30.1ns)   --->   "%tmp_4_2 = call float @llvm.exp.f32(float %dense_array_2_2_loa) nounwind" [dense.cpp:18->dense.cpp:42]   --->   Operation 153 'fexp' 'tmp_4_2' <Predicate = true> <Delay = 30.1> <Core = "FExp">   --->   Core 127 'FExp' <Latency = 2> <II = 1> <Delay = 30.1> <FuncUnit> <Opcode : 'fexp'> <InPorts = 1> <OutPorts = 1>

State 20 <SV = 10> <Delay = 22.0>
ST_20 : Operation 154 [5/5] (22.0ns)   --->   "%tmp_5 = fdiv float %tmp, %sum_2" [dense.cpp:18->dense.cpp:42]   --->   Operation 154 'fdiv' 'tmp_5' <Predicate = true> <Delay = 22.0> <Core = "FDiv">   --->   Core 107 'FDiv' <Latency = 4> <II = 1> <Delay = 22.0> <FuncUnit> <Opcode : 'fdiv' 'frem'> <InPorts = 2> <OutPorts = 1>
ST_20 : Operation 155 [5/5] (22.0ns)   --->   "%tmp_5_1 = fdiv float %tmp_4_1, %sum_2" [dense.cpp:18->dense.cpp:42]   --->   Operation 155 'fdiv' 'tmp_5_1' <Predicate = true> <Delay = 22.0> <Core = "FDiv">   --->   Core 107 'FDiv' <Latency = 4> <II = 1> <Delay = 22.0> <FuncUnit> <Opcode : 'fdiv' 'frem'> <InPorts = 2> <OutPorts = 1>
ST_20 : Operation 156 [5/5] (22.0ns)   --->   "%tmp_5_2 = fdiv float %tmp_4_2, %sum_2" [dense.cpp:18->dense.cpp:42]   --->   Operation 156 'fdiv' 'tmp_5_2' <Predicate = true> <Delay = 22.0> <Core = "FDiv">   --->   Core 107 'FDiv' <Latency = 4> <II = 1> <Delay = 22.0> <FuncUnit> <Opcode : 'fdiv' 'frem'> <InPorts = 2> <OutPorts = 1>

State 21 <SV = 11> <Delay = 22.0>
ST_21 : Operation 157 [4/5] (22.0ns)   --->   "%tmp_5 = fdiv float %tmp, %sum_2" [dense.cpp:18->dense.cpp:42]   --->   Operation 157 'fdiv' 'tmp_5' <Predicate = true> <Delay = 22.0> <Core = "FDiv">   --->   Core 107 'FDiv' <Latency = 4> <II = 1> <Delay = 22.0> <FuncUnit> <Opcode : 'fdiv' 'frem'> <InPorts = 2> <OutPorts = 1>
ST_21 : Operation 158 [4/5] (22.0ns)   --->   "%tmp_5_1 = fdiv float %tmp_4_1, %sum_2" [dense.cpp:18->dense.cpp:42]   --->   Operation 158 'fdiv' 'tmp_5_1' <Predicate = true> <Delay = 22.0> <Core = "FDiv">   --->   Core 107 'FDiv' <Latency = 4> <II = 1> <Delay = 22.0> <FuncUnit> <Opcode : 'fdiv' 'frem'> <InPorts = 2> <OutPorts = 1>
ST_21 : Operation 159 [4/5] (22.0ns)   --->   "%tmp_5_2 = fdiv float %tmp_4_2, %sum_2" [dense.cpp:18->dense.cpp:42]   --->   Operation 159 'fdiv' 'tmp_5_2' <Predicate = true> <Delay = 22.0> <Core = "FDiv">   --->   Core 107 'FDiv' <Latency = 4> <II = 1> <Delay = 22.0> <FuncUnit> <Opcode : 'fdiv' 'frem'> <InPorts = 2> <OutPorts = 1>

State 22 <SV = 12> <Delay = 22.0>
ST_22 : Operation 160 [3/5] (22.0ns)   --->   "%tmp_5 = fdiv float %tmp, %sum_2" [dense.cpp:18->dense.cpp:42]   --->   Operation 160 'fdiv' 'tmp_5' <Predicate = true> <Delay = 22.0> <Core = "FDiv">   --->   Core 107 'FDiv' <Latency = 4> <II = 1> <Delay = 22.0> <FuncUnit> <Opcode : 'fdiv' 'frem'> <InPorts = 2> <OutPorts = 1>
ST_22 : Operation 161 [3/5] (22.0ns)   --->   "%tmp_5_1 = fdiv float %tmp_4_1, %sum_2" [dense.cpp:18->dense.cpp:42]   --->   Operation 161 'fdiv' 'tmp_5_1' <Predicate = true> <Delay = 22.0> <Core = "FDiv">   --->   Core 107 'FDiv' <Latency = 4> <II = 1> <Delay = 22.0> <FuncUnit> <Opcode : 'fdiv' 'frem'> <InPorts = 2> <OutPorts = 1>
ST_22 : Operation 162 [3/5] (22.0ns)   --->   "%tmp_5_2 = fdiv float %tmp_4_2, %sum_2" [dense.cpp:18->dense.cpp:42]   --->   Operation 162 'fdiv' 'tmp_5_2' <Predicate = true> <Delay = 22.0> <Core = "FDiv">   --->   Core 107 'FDiv' <Latency = 4> <II = 1> <Delay = 22.0> <FuncUnit> <Opcode : 'fdiv' 'frem'> <InPorts = 2> <OutPorts = 1>

State 23 <SV = 13> <Delay = 22.0>
ST_23 : Operation 163 [2/5] (22.0ns)   --->   "%tmp_5 = fdiv float %tmp, %sum_2" [dense.cpp:18->dense.cpp:42]   --->   Operation 163 'fdiv' 'tmp_5' <Predicate = true> <Delay = 22.0> <Core = "FDiv">   --->   Core 107 'FDiv' <Latency = 4> <II = 1> <Delay = 22.0> <FuncUnit> <Opcode : 'fdiv' 'frem'> <InPorts = 2> <OutPorts = 1>
ST_23 : Operation 164 [2/5] (22.0ns)   --->   "%tmp_5_1 = fdiv float %tmp_4_1, %sum_2" [dense.cpp:18->dense.cpp:42]   --->   Operation 164 'fdiv' 'tmp_5_1' <Predicate = true> <Delay = 22.0> <Core = "FDiv">   --->   Core 107 'FDiv' <Latency = 4> <II = 1> <Delay = 22.0> <FuncUnit> <Opcode : 'fdiv' 'frem'> <InPorts = 2> <OutPorts = 1>
ST_23 : Operation 165 [2/5] (22.0ns)   --->   "%tmp_5_2 = fdiv float %tmp_4_2, %sum_2" [dense.cpp:18->dense.cpp:42]   --->   Operation 165 'fdiv' 'tmp_5_2' <Predicate = true> <Delay = 22.0> <Core = "FDiv">   --->   Core 107 'FDiv' <Latency = 4> <II = 1> <Delay = 22.0> <FuncUnit> <Opcode : 'fdiv' 'frem'> <InPorts = 2> <OutPorts = 1>

State 24 <SV = 14> <Delay = 22.0>
ST_24 : Operation 166 [1/5] (22.0ns)   --->   "%tmp_5 = fdiv float %tmp, %sum_2" [dense.cpp:18->dense.cpp:42]   --->   Operation 166 'fdiv' 'tmp_5' <Predicate = true> <Delay = 22.0> <Core = "FDiv">   --->   Core 107 'FDiv' <Latency = 4> <II = 1> <Delay = 22.0> <FuncUnit> <Opcode : 'fdiv' 'frem'> <InPorts = 2> <OutPorts = 1>
ST_24 : Operation 167 [1/1] (0.00ns)   --->   "call void @_ssdm_op_Write.ap_auto.floatP(float* %prediction_0, float %tmp_5)" [dense.cpp:18->dense.cpp:42]   --->   Operation 167 'write' <Predicate = true> <Delay = 0.00>
ST_24 : Operation 168 [1/5] (22.0ns)   --->   "%tmp_5_1 = fdiv float %tmp_4_1, %sum_2" [dense.cpp:18->dense.cpp:42]   --->   Operation 168 'fdiv' 'tmp_5_1' <Predicate = true> <Delay = 22.0> <Core = "FDiv">   --->   Core 107 'FDiv' <Latency = 4> <II = 1> <Delay = 22.0> <FuncUnit> <Opcode : 'fdiv' 'frem'> <InPorts = 2> <OutPorts = 1>
ST_24 : Operation 169 [1/1] (0.00ns)   --->   "call void @_ssdm_op_Write.ap_auto.floatP(float* %prediction_1, float %tmp_5_1)" [dense.cpp:18->dense.cpp:42]   --->   Operation 169 'write' <Predicate = true> <Delay = 0.00>
ST_24 : Operation 170 [1/5] (22.0ns)   --->   "%tmp_5_2 = fdiv float %tmp_4_2, %sum_2" [dense.cpp:18->dense.cpp:42]   --->   Operation 170 'fdiv' 'tmp_5_2' <Predicate = true> <Delay = 22.0> <Core = "FDiv">   --->   Core 107 'FDiv' <Latency = 4> <II = 1> <Delay = 22.0> <FuncUnit> <Opcode : 'fdiv' 'frem'> <InPorts = 2> <OutPorts = 1>
ST_24 : Operation 171 [1/1] (0.00ns)   --->   "call void @_ssdm_op_Write.ap_auto.floatP(float* %prediction_2, float %tmp_5_2)" [dense.cpp:18->dense.cpp:42]   --->   Operation 171 'write' <Predicate = true> <Delay = 0.00>
ST_24 : Operation 172 [1/1] (0.00ns)   --->   "ret void" [dense.cpp:43]   --->   Operation 172 'ret' <Predicate = true> <Delay = 0.00>


============================================================
+ Verbose Summary: Timing violations
============================================================
Target clock period: 40ns, clock uncertainty: 5ns.

 <State 1>: 1.18ns
The critical path consists of the following:
	multiplexor before 'phi' operation ('phi_ln26', dense.cpp:26) with incoming values : ('add_ln26', dense.cpp:26) [29]  (1.18 ns)

 <State 2>: 2.41ns
The critical path consists of the following:
	'phi' operation ('phi_ln26', dense.cpp:26) with incoming values : ('add_ln26', dense.cpp:26) [29]  (0 ns)
	'icmp' operation ('icmp_ln26_2', dense.cpp:26) [36]  (0.61 ns)
	'select' operation ('dense_array_2_1', dense.cpp:26) [40]  (0.613 ns)
	'store' operation ('store_ln29', dense.cpp:29) of variable 'dense_array_2_1', dense.cpp:26 on local variable 'dense_array[2]' [60]  (1.18 ns)

 <State 3>: 11.3ns
The critical path consists of the following:
	'phi' operation ('d') with incoming values : ('d', dense.cpp:29) [65]  (0 ns)
	'mux' operation ('tmp_4', dense.cpp:36) [74]  (1.15 ns)
	'fmul' operation ('tmp_s', dense.cpp:36) [75]  (10.1 ns)

 <State 4>: 26.1ns
The critical path consists of the following:
	'fmul' operation ('tmp_s', dense.cpp:36) [75]  (10.1 ns)
	'fadd' operation ('w_sum_s', dense.cpp:36) [76]  (16 ns)

 <State 5>: 32ns
The critical path consists of the following:
	'fadd' operation ('w_sum_s', dense.cpp:36) [76]  (16 ns)
	'fadd' operation ('w_sum_1', dense.cpp:36) [79]  (16 ns)

 <State 6>: 32ns
The critical path consists of the following:
	'fadd' operation ('w_sum_1', dense.cpp:36) [79]  (16 ns)
	'fadd' operation ('w_sum_2', dense.cpp:36) [82]  (16 ns)

 <State 7>: 32ns
The critical path consists of the following:
	'fadd' operation ('w_sum_2', dense.cpp:36) [82]  (16 ns)
	'fadd' operation ('w_sum_3', dense.cpp:36) [85]  (16 ns)

 <State 8>: 32ns
The critical path consists of the following:
	'fadd' operation ('w_sum_3', dense.cpp:36) [85]  (16 ns)
	'fadd' operation ('w_sum_4', dense.cpp:36) [88]  (16 ns)

 <State 9>: 32ns
The critical path consists of the following:
	'fadd' operation ('w_sum_4', dense.cpp:36) [88]  (16 ns)
	'fadd' operation ('w_sum_5', dense.cpp:36) [91]  (16 ns)

 <State 10>: 32ns
The critical path consists of the following:
	'fadd' operation ('w_sum_5', dense.cpp:36) [91]  (16 ns)
	'fadd' operation ('w_sum_6', dense.cpp:36) [93]  (16 ns)

 <State 11>: 32ns
The critical path consists of the following:
	'fadd' operation ('w_sum_6', dense.cpp:36) [93]  (16 ns)
	'fadd' operation ('dense_array[0]', dense.cpp:36) [95]  (16 ns)

 <State 12>: 17.2ns
The critical path consists of the following:
	'fadd' operation ('dense_array[0]', dense.cpp:36) [95]  (16 ns)
	'store' operation ('store_ln39', dense.cpp:39) of variable 'dense_array[0]', dense.cpp:36 on local variable 'dense_array[2]' [101]  (1.18 ns)

 <State 13>: 30.1ns
The critical path consists of the following:
	'load' operation ('dense_array_2_load', dense.cpp:12->dense.cpp:42) on local variable 'dense_array[2]' [110]  (0 ns)
	'fexp' operation ('tmp', dense.cpp:12->dense.cpp:42) [113]  (30.1 ns)

 <State 14>: 30.1ns
The critical path consists of the following:
	'load' operation ('dense_array_2_1_loa', dense.cpp:12->dense.cpp:42) on local variable 'dense_array[2]' [111]  (0 ns)
	'fexp' operation ('tmp_1', dense.cpp:12->dense.cpp:42) [115]  (30.1 ns)

 <State 15>: 30.1ns
The critical path consists of the following:
	'load' operation ('dense_array_2_2_loa', dense.cpp:12->dense.cpp:42) on local variable 'dense_array[2]' [112]  (0 ns)
	'fexp' operation ('tmp_2', dense.cpp:12->dense.cpp:42) [117]  (30.1 ns)

 <State 16>: 30.1ns
The critical path consists of the following:
	'fexp' operation ('tmp_1', dense.cpp:12->dense.cpp:42) [115]  (30.1 ns)

 <State 17>: 32ns
The critical path consists of the following:
	'fadd' operation ('sum', dense.cpp:12->dense.cpp:42) [114]  (16 ns)
	'fadd' operation ('sum_1', dense.cpp:12->dense.cpp:42) [116]  (16 ns)

 <State 18>: 32ns
The critical path consists of the following:
	'fadd' operation ('sum_1', dense.cpp:12->dense.cpp:42) [116]  (16 ns)
	'fadd' operation ('sum_2', dense.cpp:12->dense.cpp:42) [118]  (16 ns)

 <State 19>: 30.1ns
The critical path consists of the following:
	'fexp' operation ('tmp_4_1', dense.cpp:18->dense.cpp:42) [121]  (30.1 ns)

 <State 20>: 22ns
The critical path consists of the following:
	'fdiv' operation ('tmp_5', dense.cpp:18->dense.cpp:42) [119]  (22 ns)

 <State 21>: 22ns
The critical path consists of the following:
	'fdiv' operation ('tmp_5', dense.cpp:18->dense.cpp:42) [119]  (22 ns)

 <State 22>: 22ns
The critical path consists of the following:
	'fdiv' operation ('tmp_5', dense.cpp:18->dense.cpp:42) [119]  (22 ns)

 <State 23>: 22ns
The critical path consists of the following:
	'fdiv' operation ('tmp_5', dense.cpp:18->dense.cpp:42) [119]  (22 ns)

 <State 24>: 22ns
The critical path consists of the following:
	'fdiv' operation ('tmp_5', dense.cpp:18->dense.cpp:42) [119]  (22 ns)


============================================================
+ Verbose Summary: Binding
============================================================
N/A
* FSMD analyzer results:
  - Output states:
 - Input state : 
  - Chain level:
	State 1
	State 2
	State 3
	State 4
	State 5
	State 6
	State 7
	State 8
	State 9
	State 10
	State 11
	State 12
	State 13
	State 14
	State 15
	State 16
	State 17
	State 18
	State 19
	State 20
	State 21
	State 22
	State 23
	State 24


============================================================
+ Verbose Summary: Datapath Resource usage 
============================================================
N/A
