

================================================================
== Vivado HLS Report for 'max_pool'
================================================================
* Date:           Thu Mar  7 10:32:13 2024

* Version:        2019.1 (Build 2552052 on Fri May 24 15:28:33 MDT 2019)
* Project:        maxpool
* Solution:       Row_unroll
* Product family: zynq
* Target device:  xc7z020-clg400-1


================================================================
== Performance Estimates
================================================================
+ Timing (ns): 
    * Summary: 
    +--------+-------+----------+------------+
    |  Clock | Target| Estimated| Uncertainty|
    +--------+-------+----------+------------+
    |ap_clk  |  20.00|    10.735|        2.50|
    +--------+-------+----------+------------+

+ Latency (clock cycles): 
    * Summary: 
    +-------+-------+-------+-------+---------+
    |    Latency    |    Interval   | Pipeline|
    |  min  |  max  |  min  |  max  |   Type  |
    +-------+-------+-------+-------+---------+
    |  18337|  18337|  18337|  18337|   none  |
    +-------+-------+-------+-------+---------+

    + Detail: 
        * Instance: 
        N/A

        * Loop: 
        +----------------------+-------+-------+----------+-----------+-----------+------+----------+
        |                      |    Latency    | Iteration|  Initiation Interval  | Trip |          |
        |       Loop Name      |  min  |  max  |  Latency |  achieved |   target  | Count| Pipelined|
        +----------------------+-------+-------+----------+-----------+-----------+------+----------+
        |- Filter_Loop         |  18336|  18336|      3056|          -|          -|     6|    no    |
        | + Col_Loop           |    234|    234|        18|          -|          -|    13|    no    |
        |  ++ Pool_Row_Loop    |     16|     16|         8|          -|          -|     2|    no    |
        |   +++ Pool_Col_Loop  |      6|      6|         3|          -|          -|     2|    no    |
        | + Col_Loop           |    234|    234|        18|          -|          -|    13|    no    |
        |  ++ Pool_Row_Loop    |     16|     16|         8|          -|          -|     2|    no    |
        |   +++ Pool_Col_Loop  |      6|      6|         3|          -|          -|     2|    no    |
        | + Col_Loop           |    234|    234|        18|          -|          -|    13|    no    |
        |  ++ Pool_Row_Loop    |     16|     16|         8|          -|          -|     2|    no    |
        |   +++ Pool_Col_Loop  |      6|      6|         3|          -|          -|     2|    no    |
        | + Col_Loop           |    234|    234|        18|          -|          -|    13|    no    |
        |  ++ Pool_Row_Loop    |     16|     16|         8|          -|          -|     2|    no    |
        |   +++ Pool_Col_Loop  |      6|      6|         3|          -|          -|     2|    no    |
        | + Col_Loop           |    234|    234|        18|          -|          -|    13|    no    |
        |  ++ Pool_Row_Loop    |     16|     16|         8|          -|          -|     2|    no    |
        |   +++ Pool_Col_Loop  |      6|      6|         3|          -|          -|     2|    no    |
        | + Col_Loop           |    234|    234|        18|          -|          -|    13|    no    |
        |  ++ Pool_Row_Loop    |     16|     16|         8|          -|          -|     2|    no    |
        |   +++ Pool_Col_Loop  |      6|      6|         3|          -|          -|     2|    no    |
        | + Col_Loop           |    234|    234|        18|          -|          -|    13|    no    |
        |  ++ Pool_Row_Loop    |     16|     16|         8|          -|          -|     2|    no    |
        |   +++ Pool_Col_Loop  |      6|      6|         3|          -|          -|     2|    no    |
        | + Col_Loop           |    234|    234|        18|          -|          -|    13|    no    |
        |  ++ Pool_Row_Loop    |     16|     16|         8|          -|          -|     2|    no    |
        |   +++ Pool_Col_Loop  |      6|      6|         3|          -|          -|     2|    no    |
        | + Col_Loop           |    234|    234|        18|          -|          -|    13|    no    |
        |  ++ Pool_Row_Loop    |     16|     16|         8|          -|          -|     2|    no    |
        |   +++ Pool_Col_Loop  |      6|      6|         3|          -|          -|     2|    no    |
        | + Col_Loop           |    234|    234|        18|          -|          -|    13|    no    |
        |  ++ Pool_Row_Loop    |     16|     16|         8|          -|          -|     2|    no    |
        |   +++ Pool_Col_Loop  |      6|      6|         3|          -|          -|     2|    no    |
        | + Col_Loop           |    234|    234|        18|          -|          -|    13|    no    |
        |  ++ Pool_Row_Loop    |     16|     16|         8|          -|          -|     2|    no    |
        |   +++ Pool_Col_Loop  |      6|      6|         3|          -|          -|     2|    no    |
        | + Col_Loop           |    234|    234|        18|          -|          -|    13|    no    |
        |  ++ Pool_Row_Loop    |     16|     16|         8|          -|          -|     2|    no    |
        |   +++ Pool_Col_Loop  |      6|      6|         3|          -|          -|     2|    no    |
        | + Col_Loop           |    234|    234|        18|          -|          -|    13|    no    |
        |  ++ Pool_Row_Loop    |     16|     16|         8|          -|          -|     2|    no    |
        |   +++ Pool_Col_Loop  |      6|      6|         3|          -|          -|     2|    no    |
        +----------------------+-------+-------+----------+-----------+-----------+------+----------+



================================================================
== Utilization Estimates
================================================================
* Summary: 
+-----------------+---------+-------+--------+-------+-----+
|       Name      | BRAM_18K| DSP48E|   FF   |  LUT  | URAM|
+-----------------+---------+-------+--------+-------+-----+
|DSP              |        -|      -|       -|      -|    -|
|Expression       |        -|      0|       0|   3491|    -|
|FIFO             |        -|      -|       -|      -|    -|
|Instance         |        -|      0|      66|    239|    -|
|Memory           |        -|      -|       -|      -|    -|
|Multiplexer      |        -|      -|       -|   1144|    -|
|Register         |        -|      -|    1321|      -|    -|
+-----------------+---------+-------+--------+-------+-----+
|Total            |        0|      0|    1387|   4874|    0|
+-----------------+---------+-------+--------+-------+-----+
|Available        |      280|    220|  106400|  53200|    0|
+-----------------+---------+-------+--------+-------+-----+
|Utilization (%)  |        0|      0|       1|      9|    0|
+-----------------+---------+-------+--------+-------+-----+

+ Detail: 
    * Instance: 
    +-------------------------+----------------------+---------+-------+----+-----+-----+
    |         Instance        |        Module        | BRAM_18K| DSP48E| FF | LUT | URAM|
    +-------------------------+----------------------+---------+-------+----+-----+-----+
    |max_pool_fcmp_32nbkb_U1  |max_pool_fcmp_32nbkb  |        0|      0|  66|  239|    0|
    +-------------------------+----------------------+---------+-------+----+-----+-----+
    |Total                    |                      |        0|      0|  66|  239|    0|
    +-------------------------+----------------------+---------+-------+----+-----+-----+

    * DSP48E: 
    N/A

    * Memory: 
    N/A

    * FIFO: 
    N/A

    * Expression: 
    +---------------------------+----------+-------+---+----+------------+------------+
    |       Variable Name       | Operation| DSP48E| FF| LUT| Bitwidth P0| Bitwidth P1|
    +---------------------------+----------+-------+---+----+------------+------------+
    |mul_ln29_10_fu_4015_p2     |     *    |      0|  0|  17|           5|           5|
    |mul_ln29_11_fu_4272_p2     |     *    |      0|  0|  17|           5|           5|
    |mul_ln29_1_fu_1736_p2      |     *    |      0|  0|  17|           3|           5|
    |mul_ln29_2_fu_1991_p2      |     *    |      0|  0|  17|           3|           5|
    |mul_ln29_3_fu_2244_p2      |     *    |      0|  0|  17|           4|           5|
    |mul_ln29_4_fu_2499_p2      |     *    |      0|  0|  17|           4|           5|
    |mul_ln29_5_fu_2756_p2      |     *    |      0|  0|  17|           4|           5|
    |mul_ln29_6_fu_3011_p2      |     *    |      0|  0|  17|           4|           5|
    |mul_ln29_7_fu_3264_p2      |     *    |      0|  0|  17|           5|           5|
    |mul_ln29_8_fu_3515_p2      |     *    |      0|  0|  17|           5|           5|
    |mul_ln29_9_fu_3764_p2      |     *    |      0|  0|  17|           5|           5|
    |mul_ln29_fu_1487_p2        |     *    |      0|  0|  17|           2|           5|
    |add_ln16_10_fu_3726_p2     |     +    |      0|  0|  13|           4|           1|
    |add_ln16_11_fu_3975_p2     |     +    |      0|  0|  13|           4|           1|
    |add_ln16_12_fu_4230_p2     |     +    |      0|  0|  13|           4|           1|
    |add_ln16_1_fu_1451_p2      |     +    |      0|  0|  13|           4|           1|
    |add_ln16_2_fu_1698_p2      |     +    |      0|  0|  13|           4|           1|
    |add_ln16_3_fu_1951_p2      |     +    |      0|  0|  13|           4|           1|
    |add_ln16_4_fu_2206_p2      |     +    |      0|  0|  13|           4|           1|
    |add_ln16_5_fu_2459_p2      |     +    |      0|  0|  13|           4|           1|
    |add_ln16_6_fu_2714_p2      |     +    |      0|  0|  13|           4|           1|
    |add_ln16_7_fu_2971_p2      |     +    |      0|  0|  13|           4|           1|
    |add_ln16_8_fu_3226_p2      |     +    |      0|  0|  13|           4|           1|
    |add_ln16_9_fu_3475_p2      |     +    |      0|  0|  13|           4|           1|
    |add_ln16_fu_1215_p2        |     +    |      0|  0|  13|           4|           1|
    |add_ln20_10_fu_3746_p2     |     +    |      0|  0|  10|           2|           1|
    |add_ln20_11_fu_3999_p2     |     +    |      0|  0|  10|           2|           1|
    |add_ln20_12_fu_4250_p2     |     +    |      0|  0|  10|           2|           1|
    |add_ln20_13_fu_1229_p2     |     +    |      0|  0|  15|           6|           5|
    |add_ln20_1_fu_1471_p2      |     +    |      0|  0|  10|           2|           1|
    |add_ln20_2_fu_1718_p2      |     +    |      0|  0|  10|           2|           1|
    |add_ln20_3_fu_1971_p2      |     +    |      0|  0|  10|           2|           1|
    |add_ln20_4_fu_2226_p2      |     +    |      0|  0|  10|           2|           1|
    |add_ln20_5_fu_2483_p2      |     +    |      0|  0|  10|           2|           1|
    |add_ln20_6_fu_2734_p2      |     +    |      0|  0|  10|           2|           1|
    |add_ln20_7_fu_2991_p2      |     +    |      0|  0|  10|           2|           1|
    |add_ln20_8_fu_3246_p2      |     +    |      0|  0|  10|           2|           1|
    |add_ln20_9_fu_3499_p2      |     +    |      0|  0|  10|           2|           1|
    |add_ln20_fu_1241_p2        |     +    |      0|  0|  10|           2|           1|
    |add_ln23_10_fu_3821_p2     |     +    |      0|  0|  10|           2|           1|
    |add_ln23_11_fu_4076_p2     |     +    |      0|  0|  10|           2|           1|
    |add_ln23_12_fu_4329_p2     |     +    |      0|  0|  10|           2|           1|
    |add_ln23_1_fu_1540_p2      |     +    |      0|  0|  10|           2|           1|
    |add_ln23_2_fu_1793_p2      |     +    |      0|  0|  10|           2|           1|
    |add_ln23_3_fu_2048_p2      |     +    |      0|  0|  10|           2|           1|
    |add_ln23_4_fu_2301_p2      |     +    |      0|  0|  10|           2|           1|
    |add_ln23_5_fu_2556_p2      |     +    |      0|  0|  10|           2|           1|
    |add_ln23_6_fu_2813_p2      |     +    |      0|  0|  10|           2|           1|
    |add_ln23_7_fu_3068_p2      |     +    |      0|  0|  10|           2|           1|
    |add_ln23_8_fu_3321_p2      |     +    |      0|  0|  10|           2|           1|
    |add_ln23_9_fu_3572_p2      |     +    |      0|  0|  10|           2|           1|
    |add_ln23_fu_1292_p2        |     +    |      0|  0|  10|           2|           1|
    |add_ln26_1_fu_3505_p2      |     +    |      0|  0|  15|           5|           5|
    |add_ln26_2_fu_4005_p2      |     +    |      0|  0|  15|           5|           5|
    |add_ln26_fu_2489_p2        |     +    |      0|  0|  13|           4|           4|
    |add_ln27_10_fu_3827_p2     |     +    |      0|  0|  15|           5|           5|
    |add_ln27_11_fu_4082_p2     |     +    |      0|  0|  15|           5|           5|
    |add_ln27_12_fu_4335_p2     |     +    |      0|  0|  15|           5|           5|
    |add_ln27_1_fu_1546_p2      |     +    |      0|  0|  15|           5|           5|
    |add_ln27_2_fu_1799_p2      |     +    |      0|  0|  15|           5|           5|
    |add_ln27_3_fu_2054_p2      |     +    |      0|  0|  15|           5|           5|
    |add_ln27_4_fu_2307_p2      |     +    |      0|  0|  15|           5|           5|
    |add_ln27_5_fu_2562_p2      |     +    |      0|  0|  15|           5|           5|
    |add_ln27_6_fu_2819_p2      |     +    |      0|  0|  15|           5|           5|
    |add_ln27_7_fu_3074_p2      |     +    |      0|  0|  15|           5|           5|
    |add_ln27_8_fu_3327_p2      |     +    |      0|  0|  15|           5|           5|
    |add_ln27_9_fu_3578_p2      |     +    |      0|  0|  15|           5|           5|
    |add_ln27_fu_1298_p2        |     +    |      0|  0|  15|           5|           5|
    |add_ln29_10_fu_2571_p2     |     +    |      0|  0|  15|           9|           9|
    |add_ln29_11_fu_2606_p2     |     +    |      0|  0|  11|          13|          13|
    |add_ln29_12_fu_2828_p2     |     +    |      0|  0|  15|           9|           9|
    |add_ln29_13_fu_2863_p2     |     +    |      0|  0|  11|          13|          13|
    |add_ln29_14_fu_3083_p2     |     +    |      0|  0|  15|           9|           9|
    |add_ln29_15_fu_3118_p2     |     +    |      0|  0|  11|          13|          13|
    |add_ln29_16_fu_3336_p2     |     +    |      0|  0|  14|          10|          10|
    |add_ln29_17_fu_3367_p2     |     +    |      0|  0|  11|          13|          13|
    |add_ln29_18_fu_3587_p2     |     +    |      0|  0|  14|          10|          10|
    |add_ln29_19_fu_3618_p2     |     +    |      0|  0|  11|          13|          13|
    |add_ln29_1_fu_1343_p2      |     +    |      0|  0|  11|          13|          13|
    |add_ln29_20_fu_3836_p2     |     +    |      0|  0|  14|          10|          10|
    |add_ln29_21_fu_3867_p2     |     +    |      0|  0|  11|          13|          13|
    |add_ln29_22_fu_4091_p2     |     +    |      0|  0|  14|          10|          10|
    |add_ln29_23_fu_4122_p2     |     +    |      0|  0|  11|          13|          13|
    |add_ln29_24_fu_4344_p2     |     +    |      0|  0|  14|          10|          10|
    |add_ln29_25_fu_4375_p2     |     +    |      0|  0|  11|          13|          13|
    |add_ln29_2_fu_1555_p2      |     +    |      0|  0|  15|           7|           7|
    |add_ln29_3_fu_1590_p2      |     +    |      0|  0|  11|          13|          13|
    |add_ln29_4_fu_1808_p2      |     +    |      0|  0|  15|           8|           8|
    |add_ln29_5_fu_1843_p2      |     +    |      0|  0|  11|          13|          13|
    |add_ln29_6_fu_2063_p2      |     +    |      0|  0|  15|           8|           8|
    |add_ln29_7_fu_2098_p2      |     +    |      0|  0|  11|          13|          13|
    |add_ln29_8_fu_2316_p2      |     +    |      0|  0|  15|           9|           9|
    |add_ln29_9_fu_2351_p2      |     +    |      0|  0|  11|          13|          13|
    |add_ln29_fu_1307_p2        |     +    |      0|  0|  15|           6|           6|
    |add_ln36_10_fu_2536_p2     |     +    |      0|  0|  11|          10|          10|
    |add_ln36_11_fu_2787_p2     |     +    |      0|  0|  11|          10|           9|
    |add_ln36_12_fu_2793_p2     |     +    |      0|  0|  11|          10|          10|
    |add_ln36_13_fu_3042_p2     |     +    |      0|  0|  11|          10|          10|
    |add_ln36_14_fu_3048_p2     |     +    |      0|  0|  11|          10|          10|
    |add_ln36_15_fu_3295_p2     |     +    |      0|  0|  11|          10|          10|
    |add_ln36_16_fu_3301_p2     |     +    |      0|  0|  11|          10|          10|
    |add_ln36_17_fu_3546_p2     |     +    |      0|  0|  11|          10|          10|
    |add_ln36_18_fu_3552_p2     |     +    |      0|  0|  11|          10|          10|
    |add_ln36_19_fu_3795_p2     |     +    |      0|  0|  11|          10|           9|
    |add_ln36_1_fu_1514_p2      |     +    |      0|  0|  11|           8|           7|
    |add_ln36_20_fu_3801_p2     |     +    |      0|  0|  11|          10|          10|
    |add_ln36_21_fu_4046_p2     |     +    |      0|  0|  11|           9|           9|
    |add_ln36_22_fu_4052_p2     |     +    |      0|  0|  11|           9|           9|
    |add_ln36_23_fu_4303_p2     |     +    |      0|  0|  11|          11|          10|
    |add_ln36_24_fu_4309_p2     |     +    |      0|  0|  11|          11|          11|
    |add_ln36_2_fu_1520_p2      |     +    |      0|  0|  11|           8|           8|
    |add_ln36_3_fu_1767_p2      |     +    |      0|  0|  11|           9|           8|
    |add_ln36_4_fu_1773_p2      |     +    |      0|  0|  11|           9|           9|
    |add_ln36_5_fu_2022_p2      |     +    |      0|  0|  11|           9|           8|
    |add_ln36_6_fu_2028_p2      |     +    |      0|  0|  11|           9|           9|
    |add_ln36_7_fu_2275_p2      |     +    |      0|  0|  11|           9|           9|
    |add_ln36_8_fu_2281_p2      |     +    |      0|  0|  11|           9|           9|
    |add_ln36_9_fu_2530_p2      |     +    |      0|  0|  11|          10|           9|
    |add_ln36_fu_1272_p2        |     +    |      0|  0|  15|           9|           9|
    |f_fu_1183_p2               |     +    |      0|  0|  12|           3|           1|
    |sub_ln29_10_fu_3861_p2     |     -    |      0|  0|  11|          13|          13|
    |sub_ln29_11_fu_4116_p2     |     -    |      0|  0|  11|          13|          13|
    |sub_ln29_12_fu_4369_p2     |     -    |      0|  0|  11|          13|          13|
    |sub_ln29_1_fu_1584_p2      |     -    |      0|  0|  11|          13|          13|
    |sub_ln29_2_fu_1837_p2      |     -    |      0|  0|  11|          13|          13|
    |sub_ln29_3_fu_2092_p2      |     -    |      0|  0|  11|          13|          13|
    |sub_ln29_4_fu_2345_p2      |     -    |      0|  0|  11|          13|          13|
    |sub_ln29_5_fu_2600_p2      |     -    |      0|  0|  11|          13|          13|
    |sub_ln29_6_fu_2857_p2      |     -    |      0|  0|  11|          13|          13|
    |sub_ln29_7_fu_3112_p2      |     -    |      0|  0|  11|          13|          13|
    |sub_ln29_8_fu_3361_p2      |     -    |      0|  0|  11|          13|          13|
    |sub_ln29_9_fu_3612_p2      |     -    |      0|  0|  11|          13|          13|
    |sub_ln29_fu_1337_p2        |     -    |      0|  0|  11|          13|          13|
    |sub_ln36_10_fu_3785_p2     |     -    |      0|  0|  15|           8|           8|
    |sub_ln36_11_fu_4036_p2     |     -    |      0|  0|  15|           8|           8|
    |sub_ln36_12_fu_4293_p2     |     -    |      0|  0|  15|           8|           8|
    |sub_ln36_1_fu_1508_p2      |     -    |      0|  0|  15|           8|           8|
    |sub_ln36_2_fu_1757_p2      |     -    |      0|  0|  15|           8|           8|
    |sub_ln36_3_fu_2012_p2      |     -    |      0|  0|  15|           8|           8|
    |sub_ln36_4_fu_2265_p2      |     -    |      0|  0|  15|           8|           8|
    |sub_ln36_5_fu_2520_p2      |     -    |      0|  0|  15|           8|           8|
    |sub_ln36_6_fu_2777_p2      |     -    |      0|  0|  15|           8|           8|
    |sub_ln36_7_fu_3032_p2      |     -    |      0|  0|  15|           8|           8|
    |sub_ln36_8_fu_3285_p2      |     -    |      0|  0|  15|           8|           8|
    |sub_ln36_9_fu_3536_p2      |     -    |      0|  0|  15|           8|           8|
    |sub_ln36_fu_1262_p2        |     -    |      0|  0|  15|           8|           8|
    |and_ln29_10_fu_2688_p2     |    and   |      0|  0|   2|           1|           1|
    |and_ln29_11_fu_2694_p2     |    and   |      0|  0|   2|           1|           1|
    |and_ln29_12_fu_2945_p2     |    and   |      0|  0|   2|           1|           1|
    |and_ln29_13_fu_2951_p2     |    and   |      0|  0|   2|           1|           1|
    |and_ln29_14_fu_3200_p2     |    and   |      0|  0|   2|           1|           1|
    |and_ln29_15_fu_3206_p2     |    and   |      0|  0|   2|           1|           1|
    |and_ln29_16_fu_3449_p2     |    and   |      0|  0|   2|           1|           1|
    |and_ln29_17_fu_3455_p2     |    and   |      0|  0|   2|           1|           1|
    |and_ln29_18_fu_3700_p2     |    and   |      0|  0|   2|           1|           1|
    |and_ln29_19_fu_3706_p2     |    and   |      0|  0|   2|           1|           1|
    |and_ln29_1_fu_1431_p2      |    and   |      0|  0|   2|           1|           1|
    |and_ln29_20_fu_3949_p2     |    and   |      0|  0|   2|           1|           1|
    |and_ln29_21_fu_3955_p2     |    and   |      0|  0|   2|           1|           1|
    |and_ln29_22_fu_4204_p2     |    and   |      0|  0|   2|           1|           1|
    |and_ln29_23_fu_4210_p2     |    and   |      0|  0|   2|           1|           1|
    |and_ln29_24_fu_4457_p2     |    and   |      0|  0|   2|           1|           1|
    |and_ln29_25_fu_4463_p2     |    and   |      0|  0|   2|           1|           1|
    |and_ln29_2_fu_1672_p2      |    and   |      0|  0|   2|           1|           1|
    |and_ln29_3_fu_1678_p2      |    and   |      0|  0|   2|           1|           1|
    |and_ln29_4_fu_1925_p2      |    and   |      0|  0|   2|           1|           1|
    |and_ln29_5_fu_1931_p2      |    and   |      0|  0|   2|           1|           1|
    |and_ln29_6_fu_2180_p2      |    and   |      0|  0|   2|           1|           1|
    |and_ln29_7_fu_2186_p2      |    and   |      0|  0|   2|           1|           1|
    |and_ln29_8_fu_2433_p2      |    and   |      0|  0|   2|           1|           1|
    |and_ln29_9_fu_2439_p2      |    and   |      0|  0|   2|           1|           1|
    |and_ln29_fu_1425_p2        |    and   |      0|  0|   2|           1|           1|
    |icmp_ln10_fu_1177_p2       |   icmp   |      0|  0|   9|           3|           3|
    |icmp_ln16_10_fu_3720_p2    |   icmp   |      0|  0|   9|           4|           3|
    |icmp_ln16_11_fu_3969_p2    |   icmp   |      0|  0|   9|           4|           3|
    |icmp_ln16_12_fu_4224_p2    |   icmp   |      0|  0|   9|           4|           3|
    |icmp_ln16_1_fu_1445_p2     |   icmp   |      0|  0|   9|           4|           3|
    |icmp_ln16_2_fu_1692_p2     |   icmp   |      0|  0|   9|           4|           3|
    |icmp_ln16_3_fu_1945_p2     |   icmp   |      0|  0|   9|           4|           3|
    |icmp_ln16_4_fu_2200_p2     |   icmp   |      0|  0|   9|           4|           3|
    |icmp_ln16_5_fu_2453_p2     |   icmp   |      0|  0|   9|           4|           3|
    |icmp_ln16_6_fu_2708_p2     |   icmp   |      0|  0|   9|           4|           3|
    |icmp_ln16_7_fu_2965_p2     |   icmp   |      0|  0|   9|           4|           3|
    |icmp_ln16_8_fu_3220_p2     |   icmp   |      0|  0|   9|           4|           3|
    |icmp_ln16_9_fu_3469_p2     |   icmp   |      0|  0|   9|           4|           3|
    |icmp_ln16_fu_1209_p2       |   icmp   |      0|  0|   9|           4|           3|
    |icmp_ln20_10_fu_3740_p2    |   icmp   |      0|  0|   9|           2|           3|
    |icmp_ln20_11_fu_3993_p2    |   icmp   |      0|  0|   9|           2|           3|
    |icmp_ln20_12_fu_4244_p2    |   icmp   |      0|  0|   9|           2|           3|
    |icmp_ln20_1_fu_1465_p2     |   icmp   |      0|  0|   9|           2|           3|
    |icmp_ln20_2_fu_1712_p2     |   icmp   |      0|  0|   9|           2|           3|
    |icmp_ln20_3_fu_1965_p2     |   icmp   |      0|  0|   9|           2|           3|
    |icmp_ln20_4_fu_2220_p2     |   icmp   |      0|  0|   9|           2|           3|
    |icmp_ln20_5_fu_2477_p2     |   icmp   |      0|  0|   9|           2|           3|
    |icmp_ln20_6_fu_2728_p2     |   icmp   |      0|  0|   9|           2|           3|
    |icmp_ln20_7_fu_2985_p2     |   icmp   |      0|  0|   9|           2|           3|
    |icmp_ln20_8_fu_3240_p2     |   icmp   |      0|  0|   9|           2|           3|
    |icmp_ln20_9_fu_3493_p2     |   icmp   |      0|  0|   9|           2|           3|
    |icmp_ln20_fu_1235_p2       |   icmp   |      0|  0|   9|           2|           3|
    |icmp_ln23_10_fu_3815_p2    |   icmp   |      0|  0|   9|           2|           3|
    |icmp_ln23_11_fu_4070_p2    |   icmp   |      0|  0|   9|           2|           3|
    |icmp_ln23_12_fu_4323_p2    |   icmp   |      0|  0|   9|           2|           3|
    |icmp_ln23_1_fu_1534_p2     |   icmp   |      0|  0|   9|           2|           3|
    |icmp_ln23_2_fu_1787_p2     |   icmp   |      0|  0|   9|           2|           3|
    |icmp_ln23_3_fu_2042_p2     |   icmp   |      0|  0|   9|           2|           3|
    |icmp_ln23_4_fu_2295_p2     |   icmp   |      0|  0|   9|           2|           3|
    |icmp_ln23_5_fu_2550_p2     |   icmp   |      0|  0|   9|           2|           3|
    |icmp_ln23_6_fu_2807_p2     |   icmp   |      0|  0|   9|           2|           3|
    |icmp_ln23_7_fu_3062_p2     |   icmp   |      0|  0|   9|           2|           3|
    |icmp_ln23_8_fu_3315_p2     |   icmp   |      0|  0|   9|           2|           3|
    |icmp_ln23_9_fu_3566_p2     |   icmp   |      0|  0|   9|           2|           3|
    |icmp_ln23_fu_1286_p2       |   icmp   |      0|  0|   9|           2|           3|
    |icmp_ln29_10_fu_1907_p2    |   icmp   |      0|  0|  11|           8|           2|
    |icmp_ln29_11_fu_1913_p2    |   icmp   |      0|  0|  18|          23|           1|
    |icmp_ln29_12_fu_2144_p2    |   icmp   |      0|  0|  11|           8|           2|
    |icmp_ln29_13_fu_2150_p2    |   icmp   |      0|  0|  18|          23|           1|
    |icmp_ln29_14_fu_2162_p2    |   icmp   |      0|  0|  11|           8|           2|
    |icmp_ln29_15_fu_2168_p2    |   icmp   |      0|  0|  18|          23|           1|
    |icmp_ln29_16_fu_2397_p2    |   icmp   |      0|  0|  11|           8|           2|
    |icmp_ln29_17_fu_2403_p2    |   icmp   |      0|  0|  18|          23|           1|
    |icmp_ln29_18_fu_2415_p2    |   icmp   |      0|  0|  11|           8|           2|
    |icmp_ln29_19_fu_2421_p2    |   icmp   |      0|  0|  18|          23|           1|
    |icmp_ln29_1_fu_1395_p2     |   icmp   |      0|  0|  18|          23|           1|
    |icmp_ln29_20_fu_2652_p2    |   icmp   |      0|  0|  11|           8|           2|
    |icmp_ln29_21_fu_2658_p2    |   icmp   |      0|  0|  18|          23|           1|
    |icmp_ln29_22_fu_2670_p2    |   icmp   |      0|  0|  11|           8|           2|
    |icmp_ln29_23_fu_2676_p2    |   icmp   |      0|  0|  18|          23|           1|
    |icmp_ln29_24_fu_2909_p2    |   icmp   |      0|  0|  11|           8|           2|
    |icmp_ln29_25_fu_2915_p2    |   icmp   |      0|  0|  18|          23|           1|
    |icmp_ln29_26_fu_2927_p2    |   icmp   |      0|  0|  11|           8|           2|
    |icmp_ln29_27_fu_2933_p2    |   icmp   |      0|  0|  18|          23|           1|
    |icmp_ln29_28_fu_3164_p2    |   icmp   |      0|  0|  11|           8|           2|
    |icmp_ln29_29_fu_3170_p2    |   icmp   |      0|  0|  18|          23|           1|
    |icmp_ln29_2_fu_1407_p2     |   icmp   |      0|  0|  11|           8|           2|
    |icmp_ln29_30_fu_3182_p2    |   icmp   |      0|  0|  11|           8|           2|
    |icmp_ln29_31_fu_3188_p2    |   icmp   |      0|  0|  18|          23|           1|
    |icmp_ln29_32_fu_3413_p2    |   icmp   |      0|  0|  11|           8|           2|
    |icmp_ln29_33_fu_3419_p2    |   icmp   |      0|  0|  18|          23|           1|
    |icmp_ln29_34_fu_3431_p2    |   icmp   |      0|  0|  11|           8|           2|
    |icmp_ln29_35_fu_3437_p2    |   icmp   |      0|  0|  18|          23|           1|
    |icmp_ln29_36_fu_3664_p2    |   icmp   |      0|  0|  11|           8|           2|
    |icmp_ln29_37_fu_3670_p2    |   icmp   |      0|  0|  18|          23|           1|
    |icmp_ln29_38_fu_3682_p2    |   icmp   |      0|  0|  11|           8|           2|
    |icmp_ln29_39_fu_3688_p2    |   icmp   |      0|  0|  18|          23|           1|
    |icmp_ln29_3_fu_1413_p2     |   icmp   |      0|  0|  18|          23|           1|
    |icmp_ln29_40_fu_3913_p2    |   icmp   |      0|  0|  11|           8|           2|
    |icmp_ln29_41_fu_3919_p2    |   icmp   |      0|  0|  18|          23|           1|
    |icmp_ln29_42_fu_3931_p2    |   icmp   |      0|  0|  11|           8|           2|
    |icmp_ln29_43_fu_3937_p2    |   icmp   |      0|  0|  18|          23|           1|
    |icmp_ln29_44_fu_4168_p2    |   icmp   |      0|  0|  11|           8|           2|
    |icmp_ln29_45_fu_4174_p2    |   icmp   |      0|  0|  18|          23|           1|
    |icmp_ln29_46_fu_4186_p2    |   icmp   |      0|  0|  11|           8|           2|
    |icmp_ln29_47_fu_4192_p2    |   icmp   |      0|  0|  18|          23|           1|
    |icmp_ln29_48_fu_4421_p2    |   icmp   |      0|  0|  11|           8|           2|
    |icmp_ln29_49_fu_4427_p2    |   icmp   |      0|  0|  18|          23|           1|
    |icmp_ln29_4_fu_1636_p2     |   icmp   |      0|  0|  11|           8|           2|
    |icmp_ln29_50_fu_4439_p2    |   icmp   |      0|  0|  11|           8|           2|
    |icmp_ln29_51_fu_4445_p2    |   icmp   |      0|  0|  18|          23|           1|
    |icmp_ln29_5_fu_1642_p2     |   icmp   |      0|  0|  18|          23|           1|
    |icmp_ln29_6_fu_1654_p2     |   icmp   |      0|  0|  11|           8|           2|
    |icmp_ln29_7_fu_1660_p2     |   icmp   |      0|  0|  18|          23|           1|
    |icmp_ln29_8_fu_1889_p2     |   icmp   |      0|  0|  11|           8|           2|
    |icmp_ln29_9_fu_1895_p2     |   icmp   |      0|  0|  18|          23|           1|
    |icmp_ln29_fu_1389_p2       |   icmp   |      0|  0|  11|           8|           2|
    |or_ln29_10_fu_2664_p2      |    or    |      0|  0|   2|           1|           1|
    |or_ln29_11_fu_2682_p2      |    or    |      0|  0|   2|           1|           1|
    |or_ln29_12_fu_2921_p2      |    or    |      0|  0|   2|           1|           1|
    |or_ln29_13_fu_2939_p2      |    or    |      0|  0|   2|           1|           1|
    |or_ln29_14_fu_3176_p2      |    or    |      0|  0|   2|           1|           1|
    |or_ln29_15_fu_3194_p2      |    or    |      0|  0|   2|           1|           1|
    |or_ln29_16_fu_3425_p2      |    or    |      0|  0|   2|           1|           1|
    |or_ln29_17_fu_3443_p2      |    or    |      0|  0|   2|           1|           1|
    |or_ln29_18_fu_3676_p2      |    or    |      0|  0|   2|           1|           1|
    |or_ln29_19_fu_3694_p2      |    or    |      0|  0|   2|           1|           1|
    |or_ln29_1_fu_1419_p2       |    or    |      0|  0|   2|           1|           1|
    |or_ln29_20_fu_3925_p2      |    or    |      0|  0|   2|           1|           1|
    |or_ln29_21_fu_3943_p2      |    or    |      0|  0|   2|           1|           1|
    |or_ln29_22_fu_4180_p2      |    or    |      0|  0|   2|           1|           1|
    |or_ln29_23_fu_4198_p2      |    or    |      0|  0|   2|           1|           1|
    |or_ln29_24_fu_4433_p2      |    or    |      0|  0|   2|           1|           1|
    |or_ln29_25_fu_4451_p2      |    or    |      0|  0|   2|           1|           1|
    |or_ln29_2_fu_1648_p2       |    or    |      0|  0|   2|           1|           1|
    |or_ln29_3_fu_1666_p2       |    or    |      0|  0|   2|           1|           1|
    |or_ln29_4_fu_1901_p2       |    or    |      0|  0|   2|           1|           1|
    |or_ln29_5_fu_1919_p2       |    or    |      0|  0|   2|           1|           1|
    |or_ln29_6_fu_2156_p2       |    or    |      0|  0|   2|           1|           1|
    |or_ln29_7_fu_2174_p2       |    or    |      0|  0|   2|           1|           1|
    |or_ln29_8_fu_2409_p2       |    or    |      0|  0|   2|           1|           1|
    |or_ln29_9_fu_2427_p2       |    or    |      0|  0|   2|           1|           1|
    |or_ln29_fu_1401_p2         |    or    |      0|  0|   2|           1|           1|
    |select_ln29_10_fu_3961_p3  |  select  |      0|  0|  32|           1|          32|
    |select_ln29_11_fu_4216_p3  |  select  |      0|  0|  32|           1|          32|
    |select_ln29_12_fu_4469_p3  |  select  |      0|  0|  32|           1|          32|
    |select_ln29_1_fu_1684_p3   |  select  |      0|  0|  32|           1|          32|
    |select_ln29_2_fu_1937_p3   |  select  |      0|  0|  32|           1|          32|
    |select_ln29_3_fu_2192_p3   |  select  |      0|  0|  32|           1|          32|
    |select_ln29_4_fu_2445_p3   |  select  |      0|  0|  32|           1|          32|
    |select_ln29_5_fu_2700_p3   |  select  |      0|  0|  32|           1|          32|
    |select_ln29_6_fu_2957_p3   |  select  |      0|  0|  32|           1|          32|
    |select_ln29_7_fu_3212_p3   |  select  |      0|  0|  32|           1|          32|
    |select_ln29_8_fu_3461_p3   |  select  |      0|  0|  32|           1|          32|
    |select_ln29_9_fu_3712_p3   |  select  |      0|  0|  32|           1|          32|
    |select_ln29_fu_1437_p3     |  select  |      0|  0|  32|           1|          32|
    |xor_ln26_1_fu_1977_p2      |    xor   |      0|  0|   3|           2|           3|
    |xor_ln26_2_fu_2997_p2      |    xor   |      0|  0|   3|           2|           3|
    |xor_ln26_fu_1477_p2        |    xor   |      0|  0|   3|           2|           3|
    +---------------------------+----------+-------+---+----+------------+------------+
    |Total                      |          |      0|  0|3491|        2021|        1648|
    +---------------------------+----------+-------+---+----+------------+------------+

    * Multiplexer: 
    +-----------------------+-----+-----------+-----+-----------+
    |          Name         | LUT | Input Size| Bits| Total Bits|
    +-----------------------+-----+-----------+-----+-----------+
    |ap_NS_fsm              |  305|         68|    1|         68|
    |c_0_0_reg_375          |    9|          2|    4|          8|
    |c_0_10_reg_977         |    9|          2|    4|          8|
    |c_0_11_reg_1036        |    9|          2|    4|          8|
    |c_0_12_reg_1095        |    9|          2|    4|          8|
    |c_0_1_reg_446          |    9|          2|    4|          8|
    |c_0_2_reg_505          |    9|          2|    4|          8|
    |c_0_3_reg_564          |    9|          2|    4|          8|
    |c_0_4_reg_623          |    9|          2|    4|          8|
    |c_0_5_reg_682          |    9|          2|    4|          8|
    |c_0_6_reg_741          |    9|          2|    4|          8|
    |c_0_7_reg_800          |    9|          2|    4|          8|
    |c_0_8_reg_859          |    9|          2|    4|          8|
    |c_0_9_reg_918          |    9|          2|    4|          8|
    |conv_out_address0      |   59|         14|   12|        168|
    |f_0_reg_364            |    9|          2|    3|          6|
    |grp_fu_1154_p1         |   59|         14|   32|        448|
    |max_0_0_reg_387        |    9|          2|   32|         64|
    |max_0_10_reg_989       |    9|          2|   32|         64|
    |max_0_11_reg_1048      |    9|          2|   32|         64|
    |max_0_12_reg_1107      |    9|          2|   32|         64|
    |max_0_1_reg_458        |    9|          2|   32|         64|
    |max_0_2_reg_517        |    9|          2|   32|         64|
    |max_0_3_reg_576        |    9|          2|   32|         64|
    |max_0_4_reg_635        |    9|          2|   32|         64|
    |max_0_5_reg_694        |    9|          2|   32|         64|
    |max_0_6_reg_753        |    9|          2|   32|         64|
    |max_0_7_reg_812        |    9|          2|   32|         64|
    |max_0_8_reg_871        |    9|          2|   32|         64|
    |max_0_9_reg_930        |    9|          2|   32|         64|
    |max_1_0_reg_423        |    9|          2|   32|         64|
    |max_1_10_reg_1013      |    9|          2|   32|         64|
    |max_1_11_reg_1072      |    9|          2|   32|         64|
    |max_1_12_reg_1131      |    9|          2|   32|         64|
    |max_1_1_reg_482        |    9|          2|   32|         64|
    |max_1_2_reg_541        |    9|          2|   32|         64|
    |max_1_3_reg_600        |    9|          2|   32|         64|
    |max_1_4_reg_659        |    9|          2|   32|         64|
    |max_1_5_reg_718        |    9|          2|   32|         64|
    |max_1_6_reg_777        |    9|          2|   32|         64|
    |max_1_7_reg_836        |    9|          2|   32|         64|
    |max_1_8_reg_895        |    9|          2|   32|         64|
    |max_1_9_reg_954        |    9|          2|   32|         64|
    |max_pool_out_address0  |   59|         14|   10|        140|
    |max_pool_out_d0        |   59|         14|   32|        448|
    |mpc_0_0_reg_435        |    9|          2|    2|          4|
    |mpc_0_10_reg_1025      |    9|          2|    2|          4|
    |mpc_0_11_reg_1084      |    9|          2|    2|          4|
    |mpc_0_12_reg_1143      |    9|          2|    2|          4|
    |mpc_0_1_reg_494        |    9|          2|    2|          4|
    |mpc_0_2_reg_553        |    9|          2|    2|          4|
    |mpc_0_3_reg_612        |    9|          2|    2|          4|
    |mpc_0_4_reg_671        |    9|          2|    2|          4|
    |mpc_0_5_reg_730        |    9|          2|    2|          4|
    |mpc_0_6_reg_789        |    9|          2|    2|          4|
    |mpc_0_7_reg_848        |    9|          2|    2|          4|
    |mpc_0_8_reg_907        |    9|          2|    2|          4|
    |mpc_0_9_reg_966        |    9|          2|    2|          4|
    |mpr_0_0_reg_400        |    9|          2|    2|          4|
    |mpr_0_10_reg_1002      |    9|          2|    2|          4|
    |mpr_0_11_reg_1061      |    9|          2|    2|          4|
    |mpr_0_12_reg_1120      |    9|          2|    2|          4|
    |mpr_0_1_reg_471        |    9|          2|    2|          4|
    |mpr_0_2_reg_530        |    9|          2|    2|          4|
    |mpr_0_3_reg_589        |    9|          2|    2|          4|
    |mpr_0_4_reg_648        |    9|          2|    2|          4|
    |mpr_0_5_reg_707        |    9|          2|    2|          4|
    |mpr_0_6_reg_766        |    9|          2|    2|          4|
    |mpr_0_7_reg_825        |    9|          2|    2|          4|
    |mpr_0_8_reg_884        |    9|          2|    2|          4|
    |mpr_0_9_reg_943        |    9|          2|    2|          4|
    |phi_mul_reg_411        |    9|          2|    6|         12|
    +-----------------------+-----+-----------+-----+-----------+
    |Total                  | 1144|        258| 1032|       3162|
    +-----------------------+-----+-----------+-----+-----------+

    * Register: 
    +----------------------+----+----+-----+-----------+
    |         Name         | FF | LUT| Bits| Const Bits|
    +----------------------+----+----+-----+-----------+
    |add_ln16_10_reg_4984  |   4|   0|    4|          0|
    |add_ln16_11_reg_5029  |   4|   0|    4|          0|
    |add_ln16_12_reg_5074  |   4|   0|    4|          0|
    |add_ln16_1_reg_4579   |   4|   0|    4|          0|
    |add_ln16_2_reg_4624   |   4|   0|    4|          0|
    |add_ln16_3_reg_4669   |   4|   0|    4|          0|
    |add_ln16_4_reg_4714   |   4|   0|    4|          0|
    |add_ln16_5_reg_4759   |   4|   0|    4|          0|
    |add_ln16_6_reg_4804   |   4|   0|    4|          0|
    |add_ln16_7_reg_4849   |   4|   0|    4|          0|
    |add_ln16_8_reg_4894   |   4|   0|    4|          0|
    |add_ln16_9_reg_4939   |   4|   0|    4|          0|
    |add_ln16_reg_4534     |   4|   0|    4|          0|
    |add_ln20_10_reg_4998  |   2|   0|    2|          0|
    |add_ln20_11_reg_5043  |   2|   0|    2|          0|
    |add_ln20_12_reg_5088  |   2|   0|    2|          0|
    |add_ln20_13_reg_4545  |   6|   0|    6|          0|
    |add_ln20_1_reg_4593   |   2|   0|    2|          0|
    |add_ln20_2_reg_4638   |   2|   0|    2|          0|
    |add_ln20_3_reg_4683   |   2|   0|    2|          0|
    |add_ln20_4_reg_4728   |   2|   0|    2|          0|
    |add_ln20_5_reg_4773   |   2|   0|    2|          0|
    |add_ln20_6_reg_4818   |   2|   0|    2|          0|
    |add_ln20_7_reg_4863   |   2|   0|    2|          0|
    |add_ln20_8_reg_4908   |   2|   0|    2|          0|
    |add_ln20_9_reg_4953   |   2|   0|    2|          0|
    |add_ln20_reg_4553     |   2|   0|    2|          0|
    |add_ln23_10_reg_5011  |   2|   0|    2|          0|
    |add_ln23_11_reg_5056  |   2|   0|    2|          0|
    |add_ln23_12_reg_5101  |   2|   0|    2|          0|
    |add_ln23_1_reg_4606   |   2|   0|    2|          0|
    |add_ln23_2_reg_4651   |   2|   0|    2|          0|
    |add_ln23_3_reg_4696   |   2|   0|    2|          0|
    |add_ln23_4_reg_4741   |   2|   0|    2|          0|
    |add_ln23_5_reg_4786   |   2|   0|    2|          0|
    |add_ln23_6_reg_4831   |   2|   0|    2|          0|
    |add_ln23_7_reg_4876   |   2|   0|    2|          0|
    |add_ln23_8_reg_4921   |   2|   0|    2|          0|
    |add_ln23_9_reg_4966   |   2|   0|    2|          0|
    |add_ln23_reg_4561     |   2|   0|    2|          0|
    |ap_CS_fsm             |  67|   0|   67|          0|
    |c_0_0_reg_375         |   4|   0|    4|          0|
    |c_0_10_reg_977        |   4|   0|    4|          0|
    |c_0_11_reg_1036       |   4|   0|    4|          0|
    |c_0_12_reg_1095       |   4|   0|    4|          0|
    |c_0_1_reg_446         |   4|   0|    4|          0|
    |c_0_2_reg_505         |   4|   0|    4|          0|
    |c_0_3_reg_564         |   4|   0|    4|          0|
    |c_0_4_reg_623         |   4|   0|    4|          0|
    |c_0_5_reg_682         |   4|   0|    4|          0|
    |c_0_6_reg_741         |   4|   0|    4|          0|
    |c_0_7_reg_800         |   4|   0|    4|          0|
    |c_0_8_reg_859         |   4|   0|    4|          0|
    |c_0_9_reg_918         |   4|   0|    4|          0|
    |f_0_reg_364           |   3|   0|    3|          0|
    |f_reg_4480            |   3|   0|    3|          0|
    |max_0_0_reg_387       |  32|   0|   32|          0|
    |max_0_10_reg_989      |  32|   0|   32|          0|
    |max_0_11_reg_1048     |  32|   0|   32|          0|
    |max_0_12_reg_1107     |  32|   0|   32|          0|
    |max_0_1_reg_458       |  32|   0|   32|          0|
    |max_0_2_reg_517       |  32|   0|   32|          0|
    |max_0_3_reg_576       |  32|   0|   32|          0|
    |max_0_4_reg_635       |  32|   0|   32|          0|
    |max_0_5_reg_694       |  32|   0|   32|          0|
    |max_0_6_reg_753       |  32|   0|   32|          0|
    |max_0_7_reg_812       |  32|   0|   32|          0|
    |max_0_8_reg_871       |  32|   0|   32|          0|
    |max_0_9_reg_930       |  32|   0|   32|          0|
    |max_1_0_reg_423       |  32|   0|   32|          0|
    |max_1_10_reg_1013     |  32|   0|   32|          0|
    |max_1_11_reg_1072     |  32|   0|   32|          0|
    |max_1_12_reg_1131     |  32|   0|   32|          0|
    |max_1_1_reg_482       |  32|   0|   32|          0|
    |max_1_2_reg_541       |  32|   0|   32|          0|
    |max_1_3_reg_600       |  32|   0|   32|          0|
    |max_1_4_reg_659       |  32|   0|   32|          0|
    |max_1_5_reg_718       |  32|   0|   32|          0|
    |max_1_6_reg_777       |  32|   0|   32|          0|
    |max_1_7_reg_836       |  32|   0|   32|          0|
    |max_1_8_reg_895       |  32|   0|   32|          0|
    |max_1_9_reg_954       |  32|   0|   32|          0|
    |mpc_0_0_reg_435       |   2|   0|    2|          0|
    |mpc_0_10_reg_1025     |   2|   0|    2|          0|
    |mpc_0_11_reg_1084     |   2|   0|    2|          0|
    |mpc_0_12_reg_1143     |   2|   0|    2|          0|
    |mpc_0_1_reg_494       |   2|   0|    2|          0|
    |mpc_0_2_reg_553       |   2|   0|    2|          0|
    |mpc_0_3_reg_612       |   2|   0|    2|          0|
    |mpc_0_4_reg_671       |   2|   0|    2|          0|
    |mpc_0_5_reg_730       |   2|   0|    2|          0|
    |mpc_0_6_reg_789       |   2|   0|    2|          0|
    |mpc_0_7_reg_848       |   2|   0|    2|          0|
    |mpc_0_8_reg_907       |   2|   0|    2|          0|
    |mpc_0_9_reg_966       |   2|   0|    2|          0|
    |mpr_0_0_reg_400       |   2|   0|    2|          0|
    |mpr_0_10_reg_1002     |   2|   0|    2|          0|
    |mpr_0_11_reg_1061     |   2|   0|    2|          0|
    |mpr_0_12_reg_1120     |   2|   0|    2|          0|
    |mpr_0_1_reg_471       |   2|   0|    2|          0|
    |mpr_0_2_reg_530       |   2|   0|    2|          0|
    |mpr_0_3_reg_589       |   2|   0|    2|          0|
    |mpr_0_4_reg_648       |   2|   0|    2|          0|
    |mpr_0_5_reg_707       |   2|   0|    2|          0|
    |mpr_0_6_reg_766       |   2|   0|    2|          0|
    |mpr_0_7_reg_825       |   2|   0|    2|          0|
    |mpr_0_8_reg_884       |   2|   0|    2|          0|
    |mpr_0_9_reg_943       |   2|   0|    2|          0|
    |mul_ln29_10_reg_5048  |   9|   0|   10|          1|
    |mul_ln29_11_reg_5093  |   9|   0|   10|          1|
    |mul_ln29_1_reg_4643   |   7|   0|    8|          1|
    |mul_ln29_2_reg_4688   |   7|   0|    8|          1|
    |mul_ln29_3_reg_4733   |   8|   0|    9|          1|
    |mul_ln29_4_reg_4778   |   8|   0|    9|          1|
    |mul_ln29_5_reg_4823   |   8|   0|    9|          1|
    |mul_ln29_6_reg_4868   |   8|   0|    9|          1|
    |mul_ln29_7_reg_4913   |   9|   0|   10|          1|
    |mul_ln29_8_reg_4958   |   9|   0|   10|          1|
    |mul_ln29_9_reg_5003   |   9|   0|   10|          1|
    |mul_ln29_reg_4598     |   6|   0|    7|          1|
    |phi_mul_reg_411       |   6|   0|    6|          0|
    |reg_1172              |  32|   0|   32|          0|
    |shl_ln27_10_reg_5034  |   4|   0|    5|          1|
    |shl_ln27_11_reg_5079  |   4|   0|    5|          1|
    |shl_ln27_1_reg_4584   |   4|   0|    5|          1|
    |shl_ln27_2_reg_4629   |   4|   0|    5|          1|
    |shl_ln27_3_reg_4674   |   4|   0|    5|          1|
    |shl_ln27_4_reg_4719   |   4|   0|    5|          1|
    |shl_ln27_5_reg_4764   |   4|   0|    5|          1|
    |shl_ln27_6_reg_4809   |   4|   0|    5|          1|
    |shl_ln27_7_reg_4854   |   4|   0|    5|          1|
    |shl_ln27_8_reg_4899   |   4|   0|    5|          1|
    |shl_ln27_9_reg_4944   |   4|   0|    5|          1|
    |shl_ln27_s_reg_4989   |   4|   0|    5|          1|
    |shl_ln_reg_4539       |   4|   0|    5|          1|
    |zext_ln14_1_reg_4490  |   3|   0|    9|          6|
    |zext_ln14_2_reg_4499  |   3|   0|   10|          7|
    |zext_ln14_3_reg_4509  |   3|   0|   13|         10|
    |zext_ln14_4_reg_4526  |   3|   0|   11|          8|
    |zext_ln14_reg_4485    |   3|   0|    8|          5|
    +----------------------+----+----+-----+-----------+
    |Total                 |1321|   0| 1382|         61|
    +----------------------+----+----+-----+-----------+



================================================================
== Interface
================================================================
* Summary: 
+-----------------------+-----+-----+------------+--------------+--------------+
|       RTL Ports       | Dir | Bits|  Protocol  | Source Object|    C Type    |
+-----------------------+-----+-----+------------+--------------+--------------+
|ap_clk                 |  in |    1| ap_ctrl_hs |   max_pool   | return value |
|ap_rst                 |  in |    1| ap_ctrl_hs |   max_pool   | return value |
|ap_start               |  in |    1| ap_ctrl_hs |   max_pool   | return value |
|ap_done                | out |    1| ap_ctrl_hs |   max_pool   | return value |
|ap_idle                | out |    1| ap_ctrl_hs |   max_pool   | return value |
|ap_ready               | out |    1| ap_ctrl_hs |   max_pool   | return value |
|conv_out_address0      | out |   12|  ap_memory |   conv_out   |     array    |
|conv_out_ce0           | out |    1|  ap_memory |   conv_out   |     array    |
|conv_out_q0            |  in |   32|  ap_memory |   conv_out   |     array    |
|max_pool_out_address0  | out |   10|  ap_memory | max_pool_out |     array    |
|max_pool_out_ce0       | out |    1|  ap_memory | max_pool_out |     array    |
|max_pool_out_we0       | out |    1|  ap_memory | max_pool_out |     array    |
|max_pool_out_d0        | out |   32|  ap_memory | max_pool_out |     array    |
+-----------------------+-----+-----+------------+--------------+--------------+

